[custom] test shape: M 8192, N 53248, K 16384, window_policy=with_active_window
✅ all close!
✅ all close!
✅ all close!
✅ all close!
Rank 0 [custom] latency (ms): torch_total=16.77, torch_gemm_only=13.53, torch_rs_only=3.43, with_window_total=17.95, with_window_gemm_only=17.09, with_window_rs_only=5.63, with_window_internal_overlap=21.00%, with_window_symm_gib=0.406
Rank 1 [custom] latency (ms): torch_total=16.80, torch_gemm_only=13.67, torch_rs_only=3.46, with_window_total=17.99, with_window_gemm_only=17.28, with_window_rs_only=5.66, with_window_internal_overlap=21.59%, with_window_symm_gib=0.406
Rank 2 [custom] latency (ms): torch_total=16.81, torch_gemm_only=13.77, torch_rs_only=3.47, with_window_total=18.04, with_window_gemm_only=17.29, with_window_rs_only=5.64, with_window_internal_overlap=21.35%, with_window_symm_gib=0.406
Rank 3 [custom] latency (ms): torch_total=16.81, torch_gemm_only=13.85, torch_rs_only=3.46, with_window_total=18.29, with_window_gemm_only=17.49, with_window_rs_only=5.64, with_window_internal_overlap=20.92%, with_window_symm_gib=0.406
csv file is dumped into /root/Triton-distributed/python/triton_dist/benchmark/active_window_sweep_runs/20260828_4xa100_active_window_multipoint_r1/raw_child_csv/8192x53248x16384_L4_rep2_attempt01.csv

W0828 21:51:00.551000 58972 site-packages/torch/distributed/run.py:766] 
W0828 21:51:00.551000 58972 site-packages/torch/distributed/run.py:766] *****************************************
W0828 21:51:00.551000 58972 site-packages/torch/distributed/run.py:766] Setting OMP_NUM_THREADS environment variable for each process to be 1 in default, to avoid your system being overloaded, please further tune the variable for optimal performance in your application as needed. 
W0828 21:51:00.551000 58972 site-packages/torch/distributed/run.py:766] *****************************************
<frozen importlib._bootstrap_external>:1301: FutureWarning: The cuda.cuda module is deprecated and will be removed in a future release, please switch to use the cuda.bindings.driver module instead.
<frozen importlib._bootstrap_external>:1301: FutureWarning: The cuda.cudart module is deprecated and will be removed in a future release, please switch to use the cuda.bindings.runtime module instead.
<frozen importlib._bootstrap_external>:1301: FutureWarning: The cuda.cuda module is deprecated and will be removed in a future release, please switch to use the cuda.bindings.driver module instead.
<frozen importlib._bootstrap_external>:1301: FutureWarning: The cuda.cudart module is deprecated and will be removed in a future release, please switch to use the cuda.bindings.runtime module instead.
<frozen importlib._bootstrap_external>:1301: FutureWarning: The cuda.cuda module is deprecated and will be removed in a future release, please switch to use the cuda.bindings.driver module instead.
<frozen importlib._bootstrap_external>:1301: FutureWarning: The cuda.cudart module is deprecated and will be removed in a future release, please switch to use the cuda.bindings.runtime module instead.
<frozen importlib._bootstrap_external>:1301: FutureWarning: The cuda.cuda module is deprecated and will be removed in a future release, please switch to use the cuda.bindings.driver module instead.
<frozen importlib._bootstrap_external>:1301: FutureWarning: The cuda.cudart module is deprecated and will be removed in a future release, please switch to use the cuda.bindings.runtime module instead.
/root/Triton-distributed/python/triton_dist/kernels/nvidia/comm_perf_model.py:78: UserWarning: can not get max bandwidth of interface bonding_masters, return 0...
  warnings.warn(f"can not get max bandwidth of interface {interface}, return 0...")
/root/Triton-distributed/python/triton_dist/kernels/nvidia/comm_perf_model.py:78: UserWarning: can not get max bandwidth of interface bonding_masters, return 0...
  warnings.warn(f"can not get max bandwidth of interface {interface}, return 0...")
/root/Triton-distributed/python/triton_dist/kernels/nvidia/comm_perf_model.py:78: UserWarning: can not get max bandwidth of interface bonding_masters, return 0...
  warnings.warn(f"can not get max bandwidth of interface {interface}, return 0...")
/root/Triton-distributed/python/triton_dist/kernels/nvidia/comm_perf_model.py:78: UserWarning: can not get max bandwidth of interface bonding_masters, return 0...
  warnings.warn(f"can not get max bandwidth of interface {interface}, return 0...")
