[custom] test shape: M 8192, N 29568, K 8192, window_policy=with_active_window
✅ all close!
✅ all close!
✅ all close!
✅ all close!
Rank 0 [custom] latency (ms): torch_total=5.55, torch_gemm_only=3.78, torch_rs_only=2.04, with_window_total=5.39, with_window_gemm_only=4.94, with_window_rs_only=4.62, with_window_internal_overlap=43.65%, with_window_symm_gib=0.226
Rank 1 [custom] latency (ms): torch_total=5.55, torch_gemm_only=3.78, torch_rs_only=2.05, with_window_total=5.37, with_window_gemm_only=4.96, with_window_rs_only=4.73, with_window_internal_overlap=44.52%, with_window_symm_gib=0.226
Rank 2 [custom] latency (ms): torch_total=5.55, torch_gemm_only=3.79, torch_rs_only=2.02, with_window_total=5.35, with_window_gemm_only=4.97, with_window_rs_only=4.55, with_window_internal_overlap=43.77%, with_window_symm_gib=0.226
Rank 3 [custom] latency (ms): torch_total=5.57, torch_gemm_only=3.84, torch_rs_only=2.03, with_window_total=5.43, with_window_gemm_only=5.00, with_window_rs_only=4.61, with_window_internal_overlap=43.54%, with_window_symm_gib=0.226
csv file is dumped into /root/Triton-distributed/python/triton_dist/benchmark/active_window_sweep_runs/20260828_4xa100_active_window_multipoint_r1/raw_child_csv/8192x29568x8192_L4_rep1_attempt01.csv

W0828 21:21:40.478000 11521 site-packages/torch/distributed/run.py:766] 
W0828 21:21:40.478000 11521 site-packages/torch/distributed/run.py:766] *****************************************
W0828 21:21:40.478000 11521 site-packages/torch/distributed/run.py:766] Setting OMP_NUM_THREADS environment variable for each process to be 1 in default, to avoid your system being overloaded, please further tune the variable for optimal performance in your application as needed. 
W0828 21:21:40.478000 11521 site-packages/torch/distributed/run.py:766] *****************************************
<frozen importlib._bootstrap_external>:1301: FutureWarning: The cuda.cuda module is deprecated and will be removed in a future release, please switch to use the cuda.bindings.driver module instead.
<frozen importlib._bootstrap_external>:1301: FutureWarning: The cuda.cudart module is deprecated and will be removed in a future release, please switch to use the cuda.bindings.runtime module instead.
<frozen importlib._bootstrap_external>:1301: FutureWarning: The cuda.cuda module is deprecated and will be removed in a future release, please switch to use the cuda.bindings.driver module instead.
<frozen importlib._bootstrap_external>:1301: FutureWarning: The cuda.cudart module is deprecated and will be removed in a future release, please switch to use the cuda.bindings.runtime module instead.
<frozen importlib._bootstrap_external>:1301: FutureWarning: The cuda.cuda module is deprecated and will be removed in a future release, please switch to use the cuda.bindings.driver module instead.
<frozen importlib._bootstrap_external>:1301: FutureWarning: The cuda.cudart module is deprecated and will be removed in a future release, please switch to use the cuda.bindings.runtime module instead.
<frozen importlib._bootstrap_external>:1301: FutureWarning: The cuda.cuda module is deprecated and will be removed in a future release, please switch to use the cuda.bindings.driver module instead.
<frozen importlib._bootstrap_external>:1301: FutureWarning: The cuda.cudart module is deprecated and will be removed in a future release, please switch to use the cuda.bindings.runtime module instead.
/root/Triton-distributed/python/triton_dist/kernels/nvidia/comm_perf_model.py:78: UserWarning: can not get max bandwidth of interface bonding_masters, return 0...
  warnings.warn(f"can not get max bandwidth of interface {interface}, return 0...")
/root/Triton-distributed/python/triton_dist/kernels/nvidia/comm_perf_model.py:78: UserWarning: can not get max bandwidth of interface bonding_masters, return 0...
  warnings.warn(f"can not get max bandwidth of interface {interface}, return 0...")
/root/Triton-distributed/python/triton_dist/kernels/nvidia/comm_perf_model.py:78: UserWarning: can not get max bandwidth of interface bonding_masters, return 0...
  warnings.warn(f"can not get max bandwidth of interface {interface}, return 0...")
/root/Triton-distributed/python/triton_dist/kernels/nvidia/comm_perf_model.py:78: UserWarning: can not get max bandwidth of interface bonding_masters, return 0...
  warnings.warn(f"can not get max bandwidth of interface {interface}, return 0...")
