[custom] test shape: M 8192, N 53248, K 16384, window_policy=with_active_window
✅ all close!
✅ all close!
✅ all close!
✅ all close!
Rank 0 [custom] latency (ms): torch_total=16.80, torch_gemm_only=13.64, torch_rs_only=3.48, with_window_total=17.83, with_window_gemm_only=17.10, with_window_rs_only=5.48, with_window_internal_overlap=21.03%, with_window_symm_gib=0.813
Rank 1 [custom] latency (ms): torch_total=16.80, torch_gemm_only=13.83, torch_rs_only=3.48, with_window_total=18.08, with_window_gemm_only=17.33, with_window_rs_only=5.44, with_window_internal_overlap=20.59%, with_window_symm_gib=0.813
Rank 2 [custom] latency (ms): torch_total=16.82, torch_gemm_only=13.67, torch_rs_only=3.49, with_window_total=17.80, with_window_gemm_only=17.22, with_window_rs_only=5.42, with_window_internal_overlap=21.40%, with_window_symm_gib=0.813
Rank 3 [custom] latency (ms): torch_total=16.80, torch_gemm_only=13.93, torch_rs_only=3.49, with_window_total=17.97, with_window_gemm_only=17.44, with_window_rs_only=5.44, with_window_internal_overlap=21.49%, with_window_symm_gib=0.813
csv file is dumped into /root/Triton-distributed/python/triton_dist/benchmark/active_window_sweep_runs/20260828_4xa100_active_window_multipoint_r1/raw_child_csv/8192x53248x16384_L8_rep4_attempt01.csv

W0828 21:52:25.158000 2346 site-packages/torch/distributed/run.py:766] 
W0828 21:52:25.158000 2346 site-packages/torch/distributed/run.py:766] *****************************************
W0828 21:52:25.158000 2346 site-packages/torch/distributed/run.py:766] Setting OMP_NUM_THREADS environment variable for each process to be 1 in default, to avoid your system being overloaded, please further tune the variable for optimal performance in your application as needed. 
W0828 21:52:25.158000 2346 site-packages/torch/distributed/run.py:766] *****************************************
<frozen importlib._bootstrap_external>:1301: FutureWarning: The cuda.cuda module is deprecated and will be removed in a future release, please switch to use the cuda.bindings.driver module instead.
<frozen importlib._bootstrap_external>:1301: FutureWarning: The cuda.cudart module is deprecated and will be removed in a future release, please switch to use the cuda.bindings.runtime module instead.
<frozen importlib._bootstrap_external>:1301: FutureWarning: The cuda.cuda module is deprecated and will be removed in a future release, please switch to use the cuda.bindings.driver module instead.
<frozen importlib._bootstrap_external>:1301: FutureWarning: The cuda.cudart module is deprecated and will be removed in a future release, please switch to use the cuda.bindings.runtime module instead.
<frozen importlib._bootstrap_external>:1301: FutureWarning: The cuda.cuda module is deprecated and will be removed in a future release, please switch to use the cuda.bindings.driver module instead.
<frozen importlib._bootstrap_external>:1301: FutureWarning: The cuda.cudart module is deprecated and will be removed in a future release, please switch to use the cuda.bindings.runtime module instead.
<frozen importlib._bootstrap_external>:1301: FutureWarning: The cuda.cuda module is deprecated and will be removed in a future release, please switch to use the cuda.bindings.driver module instead.
<frozen importlib._bootstrap_external>:1301: FutureWarning: The cuda.cudart module is deprecated and will be removed in a future release, please switch to use the cuda.bindings.runtime module instead.
/root/Triton-distributed/python/triton_dist/kernels/nvidia/comm_perf_model.py:78: UserWarning: can not get max bandwidth of interface bonding_masters, return 0...
  warnings.warn(f"can not get max bandwidth of interface {interface}, return 0...")
/root/Triton-distributed/python/triton_dist/kernels/nvidia/comm_perf_model.py:78: UserWarning: can not get max bandwidth of interface bonding_masters, return 0...
  warnings.warn(f"can not get max bandwidth of interface {interface}, return 0...")
/root/Triton-distributed/python/triton_dist/kernels/nvidia/comm_perf_model.py:78: UserWarning: can not get max bandwidth of interface bonding_masters, return 0...
  warnings.warn(f"can not get max bandwidth of interface {interface}, return 0...")
/root/Triton-distributed/python/triton_dist/kernels/nvidia/comm_perf_model.py:78: UserWarning: can not get max bandwidth of interface bonding_masters, return 0...
  warnings.warn(f"can not get max bandwidth of interface {interface}, return 0...")
