[custom] test shape: M 8192, N 53248, K 16384, window_policy=with_active_window
✅ all close!
✅ all close!
✅ all close!
✅ all close!
Rank 0 [custom] latency (ms): torch_total=16.82, torch_gemm_only=13.36, torch_rs_only=3.50, with_window_total=17.96, with_window_gemm_only=17.11, with_window_rs_only=5.52, with_window_internal_overlap=20.63%, with_window_symm_gib=0.813
Rank 1 [custom] latency (ms): torch_total=16.83, torch_gemm_only=13.93, torch_rs_only=3.52, with_window_total=17.89, with_window_gemm_only=17.24, with_window_rs_only=5.51, with_window_internal_overlap=21.36%, with_window_symm_gib=0.813
Rank 2 [custom] latency (ms): torch_total=16.84, torch_gemm_only=13.62, torch_rs_only=3.53, with_window_total=18.12, with_window_gemm_only=17.12, with_window_rs_only=5.53, with_window_internal_overlap=19.99%, with_window_symm_gib=0.813
Rank 3 [custom] latency (ms): torch_total=16.84, torch_gemm_only=13.89, torch_rs_only=3.53, with_window_total=18.17, with_window_gemm_only=17.39, with_window_rs_only=5.54, with_window_internal_overlap=20.74%, with_window_symm_gib=0.813
csv file is dumped into /root/Triton-distributed/python/triton_dist/benchmark/active_window_sweep_runs/20260828_4xa100_active_window_multipoint_r1/raw_child_csv/8192x53248x16384_L8_rep5_attempt01.csv

W0828 21:52:37.574000 3538 site-packages/torch/distributed/run.py:766] 
W0828 21:52:37.574000 3538 site-packages/torch/distributed/run.py:766] *****************************************
W0828 21:52:37.574000 3538 site-packages/torch/distributed/run.py:766] Setting OMP_NUM_THREADS environment variable for each process to be 1 in default, to avoid your system being overloaded, please further tune the variable for optimal performance in your application as needed. 
W0828 21:52:37.574000 3538 site-packages/torch/distributed/run.py:766] *****************************************
<frozen importlib._bootstrap_external>:1301: FutureWarning: The cuda.cuda module is deprecated and will be removed in a future release, please switch to use the cuda.bindings.driver module instead.
<frozen importlib._bootstrap_external>:1301: FutureWarning: The cuda.cudart module is deprecated and will be removed in a future release, please switch to use the cuda.bindings.runtime module instead.
<frozen importlib._bootstrap_external>:1301: FutureWarning: The cuda.cuda module is deprecated and will be removed in a future release, please switch to use the cuda.bindings.driver module instead.
<frozen importlib._bootstrap_external>:1301: FutureWarning: The cuda.cudart module is deprecated and will be removed in a future release, please switch to use the cuda.bindings.runtime module instead.
<frozen importlib._bootstrap_external>:1301: FutureWarning: The cuda.cuda module is deprecated and will be removed in a future release, please switch to use the cuda.bindings.driver module instead.
<frozen importlib._bootstrap_external>:1301: FutureWarning: The cuda.cudart module is deprecated and will be removed in a future release, please switch to use the cuda.bindings.runtime module instead.
<frozen importlib._bootstrap_external>:1301: FutureWarning: The cuda.cuda module is deprecated and will be removed in a future release, please switch to use the cuda.bindings.driver module instead.
<frozen importlib._bootstrap_external>:1301: FutureWarning: The cuda.cudart module is deprecated and will be removed in a future release, please switch to use the cuda.bindings.runtime module instead.
/root/Triton-distributed/python/triton_dist/kernels/nvidia/comm_perf_model.py:78: UserWarning: can not get max bandwidth of interface bonding_masters, return 0...
  warnings.warn(f"can not get max bandwidth of interface {interface}, return 0...")
/root/Triton-distributed/python/triton_dist/kernels/nvidia/comm_perf_model.py:78: UserWarning: can not get max bandwidth of interface bonding_masters, return 0...
  warnings.warn(f"can not get max bandwidth of interface {interface}, return 0...")
/root/Triton-distributed/python/triton_dist/kernels/nvidia/comm_perf_model.py:78: UserWarning: can not get max bandwidth of interface bonding_masters, return 0...
  warnings.warn(f"can not get max bandwidth of interface {interface}, return 0...")
/root/Triton-distributed/python/triton_dist/kernels/nvidia/comm_perf_model.py:78: UserWarning: can not get max bandwidth of interface bonding_masters, return 0...
  warnings.warn(f"can not get max bandwidth of interface {interface}, return 0...")
