[custom] test shape: M 8192, N 29568, K 8192, window_policy=with_active_window
✅ all close!
✅ all close!
✅ all close!
✅ all close!
Rank 0 [custom] latency (ms): torch_total=5.56, torch_gemm_only=3.79, torch_rs_only=2.09, with_window_total=5.37, with_window_gemm_only=4.94, with_window_rs_only=4.48, with_window_internal_overlap=42.97%, with_window_symm_gib=0.451
Rank 1 [custom] latency (ms): torch_total=5.59, torch_gemm_only=3.85, torch_rs_only=2.10, with_window_total=5.42, with_window_gemm_only=4.97, with_window_rs_only=4.46, with_window_internal_overlap=42.44%, with_window_symm_gib=0.451
Rank 2 [custom] latency (ms): torch_total=5.58, torch_gemm_only=3.76, torch_rs_only=2.09, with_window_total=5.38, with_window_gemm_only=4.99, with_window_rs_only=4.45, with_window_internal_overlap=43.06%, with_window_symm_gib=0.451
Rank 3 [custom] latency (ms): torch_total=5.59, torch_gemm_only=3.88, torch_rs_only=2.10, with_window_total=5.42, with_window_gemm_only=5.02, with_window_rs_only=4.40, with_window_internal_overlap=42.45%, with_window_symm_gib=0.451
csv file is dumped into /root/Triton-distributed/python/triton_dist/benchmark/active_window_sweep_runs/20260828_4xa100_active_window_multipoint_r1/raw_child_csv/8192x29568x8192_L8_rep5_attempt01.csv

W0828 21:36:12.018000 23048 site-packages/torch/distributed/run.py:766] 
W0828 21:36:12.018000 23048 site-packages/torch/distributed/run.py:766] *****************************************
W0828 21:36:12.018000 23048 site-packages/torch/distributed/run.py:766] Setting OMP_NUM_THREADS environment variable for each process to be 1 in default, to avoid your system being overloaded, please further tune the variable for optimal performance in your application as needed. 
W0828 21:36:12.018000 23048 site-packages/torch/distributed/run.py:766] *****************************************
<frozen importlib._bootstrap_external>:1301: FutureWarning: The cuda.cuda module is deprecated and will be removed in a future release, please switch to use the cuda.bindings.driver module instead.
<frozen importlib._bootstrap_external>:1301: FutureWarning: The cuda.cudart module is deprecated and will be removed in a future release, please switch to use the cuda.bindings.runtime module instead.
<frozen importlib._bootstrap_external>:1301: FutureWarning: The cuda.cuda module is deprecated and will be removed in a future release, please switch to use the cuda.bindings.driver module instead.
<frozen importlib._bootstrap_external>:1301: FutureWarning: The cuda.cudart module is deprecated and will be removed in a future release, please switch to use the cuda.bindings.runtime module instead.
<frozen importlib._bootstrap_external>:1301: FutureWarning: The cuda.cuda module is deprecated and will be removed in a future release, please switch to use the cuda.bindings.driver module instead.
<frozen importlib._bootstrap_external>:1301: FutureWarning: The cuda.cudart module is deprecated and will be removed in a future release, please switch to use the cuda.bindings.runtime module instead.
<frozen importlib._bootstrap_external>:1301: FutureWarning: The cuda.cuda module is deprecated and will be removed in a future release, please switch to use the cuda.bindings.driver module instead.
<frozen importlib._bootstrap_external>:1301: FutureWarning: The cuda.cudart module is deprecated and will be removed in a future release, please switch to use the cuda.bindings.runtime module instead.
/root/Triton-distributed/python/triton_dist/kernels/nvidia/comm_perf_model.py:78: UserWarning: can not get max bandwidth of interface bonding_masters, return 0...
  warnings.warn(f"can not get max bandwidth of interface {interface}, return 0...")
/root/Triton-distributed/python/triton_dist/kernels/nvidia/comm_perf_model.py:78: UserWarning: can not get max bandwidth of interface bonding_masters, return 0...
  warnings.warn(f"can not get max bandwidth of interface {interface}, return 0...")
/root/Triton-distributed/python/triton_dist/kernels/nvidia/comm_perf_model.py:78: UserWarning: can not get max bandwidth of interface bonding_masters, return 0...
  warnings.warn(f"can not get max bandwidth of interface {interface}, return 0...")
/root/Triton-distributed/python/triton_dist/kernels/nvidia/comm_perf_model.py:78: UserWarning: can not get max bandwidth of interface bonding_masters, return 0...
  warnings.warn(f"can not get max bandwidth of interface {interface}, return 0...")
