W0831 22:09:14.601000 4248 site-packages/torch/distributed/run.py:766] 
W0831 22:09:14.601000 4248 site-packages/torch/distributed/run.py:766] *****************************************
W0831 22:09:14.601000 4248 site-packages/torch/distributed/run.py:766] Setting OMP_NUM_THREADS environment variable for each process to be 1 in default, to avoid your system being overloaded, please further tune the variable for optimal performance in your application as needed. 
W0831 22:09:14.601000 4248 site-packages/torch/distributed/run.py:766] *****************************************
<frozen importlib._bootstrap_external>:1301: FutureWarning: The cuda.cuda module is deprecated and will be removed in a future release, please switch to use the cuda.bindings.driver module instead.
<frozen importlib._bootstrap_external>:1301: FutureWarning: The cuda.cudart module is deprecated and will be removed in a future release, please switch to use the cuda.bindings.runtime module instead.
<frozen importlib._bootstrap_external>:1301: FutureWarning: The cuda.cuda module is deprecated and will be removed in a future release, please switch to use the cuda.bindings.driver module instead.
<frozen importlib._bootstrap_external>:1301: FutureWarning: The cuda.cudart module is deprecated and will be removed in a future release, please switch to use the cuda.bindings.runtime module instead.
<frozen importlib._bootstrap_external>:1301: FutureWarning: The cuda.cuda module is deprecated and will be removed in a future release, please switch to use the cuda.bindings.driver module instead.
<frozen importlib._bootstrap_external>:1301: FutureWarning: The cuda.cudart module is deprecated and will be removed in a future release, please switch to use the cuda.bindings.runtime module instead.
<frozen importlib._bootstrap_external>:1301: FutureWarning: The cuda.cuda module is deprecated and will be removed in a future release, please switch to use the cuda.bindings.driver module instead.
<frozen importlib._bootstrap_external>:1301: FutureWarning: The cuda.cudart module is deprecated and will be removed in a future release, please switch to use the cuda.bindings.runtime module instead.
/root/Triton-distributed/python/triton_dist/kernels/nvidia/comm_perf_model.py:78: UserWarning: can not get max bandwidth of interface bonding_masters, return 0...
  warnings.warn(f"can not get max bandwidth of interface {interface}, return 0...")
/root/Triton-distributed/python/triton_dist/kernels/nvidia/comm_perf_model.py:78: UserWarning: can not get max bandwidth of interface bonding_masters, return 0...
  warnings.warn(f"can not get max bandwidth of interface {interface}, return 0...")
/root/Triton-distributed/python/triton_dist/kernels/nvidia/comm_perf_model.py:78: UserWarning: can not get max bandwidth of interface bonding_masters, return 0...
  warnings.warn(f"can not get max bandwidth of interface {interface}, return 0...")
/root/Triton-distributed/python/triton_dist/kernels/nvidia/comm_perf_model.py:78: UserWarning: can not get max bandwidth of interface bonding_masters, return 0...
  warnings.warn(f"can not get max bandwidth of interface {interface}, return 0...")
✅ all close!
[progress] uniform warmup 1/20
[progress] uniform warmup 2/20
[progress] uniform warmup 3/20
[progress] uniform warmup 4/20
[progress] uniform warmup 5/20
[progress] uniform warmup 6/20
[progress] uniform warmup 7/20
[progress] uniform warmup 8/20
[progress] uniform warmup 9/20
[progress] uniform warmup 10/20
[progress] uniform warmup 11/20
[progress] uniform warmup 12/20
[progress] uniform warmup 13/20
[progress] uniform warmup 14/20
[progress] uniform warmup 15/20
[progress] uniform warmup 16/20
[progress] uniform warmup 17/20
[progress] uniform warmup 18/20
[progress] uniform warmup 19/20
[progress] uniform warmup 20/20
[progress] uniform measurement 1/1
[progress] torch_reference warmup 1/20
[progress] torch_reference warmup 2/20
[progress] torch_reference warmup 3/20
[progress] torch_reference warmup 4/20
[progress] torch_reference warmup 5/20
[progress] torch_reference warmup 6/20
[progress] torch_reference warmup 7/20
[progress] torch_reference warmup 8/20
[progress] torch_reference warmup 9/20
[progress] torch_reference warmup 10/20
[progress] torch_reference warmup 11/20
W0831 22:11:13.189000 4248 site-packages/torch/distributed/elastic/agent/server/api.py:719] Received 15 death signal, shutting down workers
W0831 22:11:13.190000 4248 site-packages/torch/distributed/elastic/multiprocessing/api.py:900] Sending process 4329 closing signal SIGTERM
W0831 22:11:13.191000 4248 site-packages/torch/distributed/elastic/multiprocessing/api.py:900] Sending process 4330 closing signal SIGTERM
W0831 22:11:13.193000 4248 site-packages/torch/distributed/elastic/multiprocessing/api.py:900] Sending process 4331 closing signal SIGTERM
W0831 22:11:13.194000 4248 site-packages/torch/distributed/elastic/multiprocessing/api.py:900] Sending process 4332 closing signal SIGTERM
Traceback (most recent call last):
  File "/root/miniconda3/bin/torchrun", line 7, in <module>
    sys.exit(main())
             ^^^^^^
  File "/root/miniconda3/lib/python3.12/site-packages/torch/distributed/elastic/multiprocessing/errors/__init__.py", line 355, in wrapper
    return f(*args, **kwargs)
           ^^^^^^^^^^^^^^^^^^
  File "/root/miniconda3/lib/python3.12/site-packages/torch/distributed/run.py", line 892, in main
    run(args)
  File "/root/miniconda3/lib/python3.12/site-packages/torch/distributed/run.py", line 883, in run
    elastic_launch(
  File "/root/miniconda3/lib/python3.12/site-packages/torch/distributed/launcher/api.py", line 139, in __call__
    return launch_agent(self._config, self._entrypoint, list(args))
           ^^^^^^^^^^^^^^^^^^^^^^^^^^^^^^^^^^^^^^^^^^^^^^^^^^^^^^^^
  File "/root/miniconda3/lib/python3.12/site-packages/torch/distributed/launcher/api.py", line 261, in launch_agent
    result = agent.run()
             ^^^^^^^^^^^
  File "/root/miniconda3/lib/python3.12/site-packages/torch/distributed/elastic/metrics/api.py", line 138, in wrapper
    result = f(*args, **kwargs)
             ^^^^^^^^^^^^^^^^^^
  File "/root/miniconda3/lib/python3.12/site-packages/torch/distributed/elastic/agent/server/api.py", line 711, in run
    result = self._invoke_run(role)
             ^^^^^^^^^^^^^^^^^^^^^^
  File "/root/miniconda3/lib/python3.12/site-packages/torch/distributed/elastic/agent/server/api.py", line 870, in _invoke_run
    time.sleep(monitor_interval)
  File "/root/miniconda3/lib/python3.12/site-packages/torch/distributed/elastic/multiprocessing/api.py", line 84, in _terminate_process_handler
    raise SignalException(f"Process {os.getpid()} got signal: {sigval}", sigval=sigval)
torch.distributed.elastic.multiprocessing.api.SignalException: Process 4248 got signal: 15
[diagnostic] torchrun/timeout exit=124
