
W0701 21:21:12.383000 7926 site-packages/torch/distributed/run.py:766] 
W0701 21:21:12.383000 7926 site-packages/torch/distributed/run.py:766] *****************************************
W0701 21:21:12.383000 7926 site-packages/torch/distributed/run.py:766] Setting OMP_NUM_THREADS environment variable for each process to be 1 in default, to avoid your system being overloaded, please further tune the variable for optimal performance in your application as needed. 
W0701 21:21:12.383000 7926 site-packages/torch/distributed/run.py:766] *****************************************
<frozen importlib._bootstrap_external>:1301: FutureWarning: The cuda.cuda module is deprecated and will be removed in a future release, please switch to use the cuda.bindings.driver module instead.
<frozen importlib._bootstrap_external>:1301: FutureWarning: The cuda.cudart module is deprecated and will be removed in a future release, please switch to use the cuda.bindings.runtime module instead.
<frozen importlib._bootstrap_external>:1301: FutureWarning: The cuda.cuda module is deprecated and will be removed in a future release, please switch to use the cuda.bindings.driver module instead.
<frozen importlib._bootstrap_external>:1301: FutureWarning: The cuda.cudart module is deprecated and will be removed in a future release, please switch to use the cuda.bindings.runtime module instead.
<frozen importlib._bootstrap_external>:1301: FutureWarning: The cuda.cuda module is deprecated and will be removed in a future release, please switch to use the cuda.bindings.driver module instead.
<frozen importlib._bootstrap_external>:1301: FutureWarning: The cuda.cudart module is deprecated and will be removed in a future release, please switch to use the cuda.bindings.runtime module instead.
<frozen importlib._bootstrap_external>:1301: FutureWarning: The cuda.cuda module is deprecated and will be removed in a future release, please switch to use the cuda.bindings.driver module instead.
<frozen importlib._bootstrap_external>:1301: FutureWarning: The cuda.cudart module is deprecated and will be removed in a future release, please switch to use the cuda.bindings.runtime module instead.
usage: bench_new_allgather_gemm_8rank.py [-h] [--M M] --N N --K K [--iters ITERS] [--warmup_iters WARMUP_ITERS] [--autotune] [--profile] [--dump_csv] [--debug] [--dtype {float16,bfloat16}] [--trans_b | --no-trans_b]
                                         [--cooperative_copy | --no-cooperative_copy] [--copy_sms COPY_SMS] [--enable_tile_ready | --no-enable_tile_ready] [--tile_rows_per_chunk TILE_ROWS_PER_CHUNK]
                                         [--min_m_per_rank_for_tile_ready MIN_M_PER_RANK_FOR_TILE_READY] [--target_chunks_per_rank TARGET_CHUNKS_PER_RANK] [--min_tile_rows_per_chunk MIN_TILE_ROWS_PER_CHUNK]
bench_new_allgather_gemm_8rank.py: error: unrecognized arguments: --no-autotune
usage: bench_new_allgather_gemm_8rank.py [-h] [--M M] --N N --K K [--iters ITERS] [--warmup_iters WARMUP_ITERS] [--autotune] [--profile] [--dump_csv] [--debug] [--dtype {float16,bfloat16}] [--trans_b | --no-trans_b]
                                         [--cooperative_copy | --no-cooperative_copy] [--copy_sms COPY_SMS] [--enable_tile_ready | --no-enable_tile_ready] [--tile_rows_per_chunk TILE_ROWS_PER_CHUNK]
                                         [--min_m_per_rank_for_tile_ready MIN_M_PER_RANK_FOR_TILE_READY] [--target_chunks_per_rank TARGET_CHUNKS_PER_RANK] [--min_tile_rows_per_chunk MIN_TILE_ROWS_PER_CHUNK]
bench_new_allgather_gemm_8rank.py: error: unrecognized arguments: --no-autotune
usage: bench_new_allgather_gemm_8rank.py [-h] [--M M] --N N --K K [--iters ITERS] [--warmup_iters WARMUP_ITERS] [--autotune] [--profile] [--dump_csv] [--debug] [--dtype {float16,bfloat16}] [--trans_b | --no-trans_b]
                                         [--cooperative_copy | --no-cooperative_copy] [--copy_sms COPY_SMS] [--enable_tile_ready | --no-enable_tile_ready] [--tile_rows_per_chunk TILE_ROWS_PER_CHUNK]
                                         [--min_m_per_rank_for_tile_ready MIN_M_PER_RANK_FOR_TILE_READY] [--target_chunks_per_rank TARGET_CHUNKS_PER_RANK] [--min_tile_rows_per_chunk MIN_TILE_ROWS_PER_CHUNK]
bench_new_allgather_gemm_8rank.py: error: unrecognized arguments: --no-autotune
usage: bench_new_allgather_gemm_8rank.py [-h] [--M M] --N N --K K [--iters ITERS] [--warmup_iters WARMUP_ITERS] [--autotune] [--profile] [--dump_csv] [--debug] [--dtype {float16,bfloat16}] [--trans_b | --no-trans_b]
                                         [--cooperative_copy | --no-cooperative_copy] [--copy_sms COPY_SMS] [--enable_tile_ready | --no-enable_tile_ready] [--tile_rows_per_chunk TILE_ROWS_PER_CHUNK]
                                         [--min_m_per_rank_for_tile_ready MIN_M_PER_RANK_FOR_TILE_READY] [--target_chunks_per_rank TARGET_CHUNKS_PER_RANK] [--min_tile_rows_per_chunk MIN_TILE_ROWS_PER_CHUNK]
bench_new_allgather_gemm_8rank.py: error: unrecognized arguments: --no-autotune
W0701 21:21:16.598000 7926 site-packages/torch/distributed/elastic/multiprocessing/api.py:900] Sending process 7991 closing signal SIGTERM
W0701 21:21:16.599000 7926 site-packages/torch/distributed/elastic/multiprocessing/api.py:900] Sending process 7992 closing signal SIGTERM
W0701 21:21:16.601000 7926 site-packages/torch/distributed/elastic/multiprocessing/api.py:900] Sending process 7993 closing signal SIGTERM
E0701 21:21:16.915000 7926 site-packages/torch/distributed/elastic/multiprocessing/api.py:874] failed (exitcode: 2) local_rank: 3 (pid: 7994) of binary: /root/miniconda3/bin/python3.12
Traceback (most recent call last):
  File "/root/miniconda3/bin/torchrun", line 7, in <module>
    sys.exit(main())
             ^^^^^^
  File "/root/miniconda3/lib/python3.12/site-packages/torch/distributed/elastic/multiprocessing/errors/__init__.py", line 355, in wrapper
    return f(*args, **kwargs)
           ^^^^^^^^^^^^^^^^^^
  File "/root/miniconda3/lib/python3.12/site-packages/torch/distributed/run.py", line 892, in main
    run(args)
  File "/root/miniconda3/lib/python3.12/site-packages/torch/distributed/run.py", line 883, in run
    elastic_launch(
  File "/root/miniconda3/lib/python3.12/site-packages/torch/distributed/launcher/api.py", line 139, in __call__
    return launch_agent(self._config, self._entrypoint, list(args))
           ^^^^^^^^^^^^^^^^^^^^^^^^^^^^^^^^^^^^^^^^^^^^^^^^^^^^^^^^
  File "/root/miniconda3/lib/python3.12/site-packages/torch/distributed/launcher/api.py", line 270, in launch_agent
    raise ChildFailedError(
torch.distributed.elastic.multiprocessing.errors.ChildFailedError: 
============================================================
/root/Triton-distributed/python/triton_dist/benchmark/bench_new_allgather_gemm_8rank.py FAILED
------------------------------------------------------------
Failures:
  <NO_OTHER_FAILURES>
------------------------------------------------------------
Root Cause (first observed failure):
[0]:
  time      : 2026-07-01_21:21:16
  host      : cs-d085f-deb6f-server
  rank      : 3 (local_rank: 3)
  exitcode  : 2 (pid: 7994)
  error_file: <N/A>
  traceback : To enable traceback see: https://pytorch.org/docs/stable/elastic/errors.html
============================================================
