[search] exhaustive search: 1 candidates for M=8192, N=29568, K=8192, nproc=4
W0828 19:09:34.595000 12699 site-packages/torch/distributed/run.py:766] 
W0828 19:09:34.595000 12699 site-packages/torch/distributed/run.py:766] *****************************************
W0828 19:09:34.595000 12699 site-packages/torch/distributed/run.py:766] Setting OMP_NUM_THREADS environment variable for each process to be 1 in default, to avoid your system being overloaded, please further tune the variable for optimal performance in your application as needed. 
W0828 19:09:34.595000 12699 site-packages/torch/distributed/run.py:766] *****************************************
<frozen importlib._bootstrap_external>:1301: FutureWarning: The cuda.cuda module is deprecated and will be removed in a future release, please switch to use the cuda.bindings.driver module instead.
<frozen importlib._bootstrap_external>:1301: FutureWarning: The cuda.cudart module is deprecated and will be removed in a future release, please switch to use the cuda.bindings.runtime module instead.
<frozen importlib._bootstrap_external>:1301: FutureWarning: The cuda.cuda module is deprecated and will be removed in a future release, please switch to use the cuda.bindings.driver module instead.
<frozen importlib._bootstrap_external>:1301: FutureWarning: The cuda.cudart module is deprecated and will be removed in a future release, please switch to use the cuda.bindings.runtime module instead.
<frozen importlib._bootstrap_external>:1301: FutureWarning: The cuda.cuda module is deprecated and will be removed in a future release, please switch to use the cuda.bindings.driver module instead.
<frozen importlib._bootstrap_external>:1301: FutureWarning: The cuda.cudart module is deprecated and will be removed in a future release, please switch to use the cuda.bindings.runtime module instead.
<frozen importlib._bootstrap_external>:1301: FutureWarning: The cuda.cuda module is deprecated and will be removed in a future release, please switch to use the cuda.bindings.driver module instead.
<frozen importlib._bootstrap_external>:1301: FutureWarning: The cuda.cudart module is deprecated and will be removed in a future release, please switch to use the cuda.bindings.runtime module instead.
[rank0]: Traceback (most recent call last):
[rank0]:   File "/root/Triton-distributed/python/triton_dist/benchmark/bench_3rdv5_frontier_windowed_panel_gemmrs.py", line 598, in <module>
[rank0]:     TP_GROUP = initialize_distributed()
[rank0]:                ^^^^^^^^^^^^^^^^^^^^^^^^
[rank0]:   File "/root/Triton-distributed/python/triton_dist/utils.py", line 302, in initialize_distributed
[rank0]:     init_nvshmem_by_torch_process_group(pg)
[rank0]:   File "/root/Triton-distributed/python/triton_dist/utils.py", line 188, in init_nvshmem_by_torch_process_group
[rank0]:     broadcast_objects = [nvshmem.core.get_unique_id(empty=rank_id != 0)]
[rank0]:                          ^^^^^^^^^^^^^^^^^^^^^^^^^^^^^^^^^^^^^^^^^^^^^^
[rank0]:   File "/root/miniconda3/lib/python3.12/site-packages/nvshmem/core/init_fini.py", line 102, in get_unique_id
[rank0]:     bindings.get_uniqueid(unique_id.ptr)
[rank0]:   File "nvshmem/bindings/nvshmem.pyx", line 1419, in nvshmem.bindings.nvshmem.get_uniqueid
[rank0]:   File "nvshmem/bindings/nvshmem.pyx", line 1421, in nvshmem.bindings.nvshmem.get_uniqueid
[rank0]:   File "nvshmem/bindings/cynvshmem.pyx", line 792, in nvshmem.bindings.cynvshmem.nvshmemx_get_uniqueid
[rank0]:   File "nvshmem/bindings/_internal/nvshmem.pyx", line 4211, in nvshmem.bindings._internal.nvshmem._nvshmemx_get_uniqueid
[rank0]:   File "nvshmem/bindings/_internal/nvshmem.pyx", line 263, in nvshmem.bindings._internal.nvshmem._check_or_init_nvshmem
[rank0]:   File "nvshmem/bindings/_internal/nvshmem.pyx", line 248, in nvshmem.bindings._internal.nvshmem.load_library
[rank0]: RuntimeError: Failed to dlopen libnvshmem (libnvshmem_host.so.3: cannot open shared object file: No such file or directory)
[rank0]:[W828 19:09:40.919522793 ProcessGroupNCCL.cpp:1476] Warning: WARNING: destroy_process_group() was not called before program exit, which can leak resources. For more info, please see https://pytorch.org/docs/stable/distributed.html#shutdown (function operator())
W0828 19:09:41.815000 12699 site-packages/torch/distributed/elastic/multiprocessing/api.py:900] Sending process 12765 closing signal SIGTERM
W0828 19:09:41.816000 12699 site-packages/torch/distributed/elastic/multiprocessing/api.py:900] Sending process 12766 closing signal SIGTERM
W0828 19:09:41.817000 12699 site-packages/torch/distributed/elastic/multiprocessing/api.py:900] Sending process 12767 closing signal SIGTERM
E0828 19:09:42.409000 12699 site-packages/torch/distributed/elastic/multiprocessing/api.py:874] failed (exitcode: 1) local_rank: 0 (pid: 12764) of binary: /root/miniconda3/bin/python3.12
Traceback (most recent call last):
  File "/root/miniconda3/bin/torchrun", line 7, in <module>
    sys.exit(main())
             ^^^^^^
  File "/root/miniconda3/lib/python3.12/site-packages/torch/distributed/elastic/multiprocessing/errors/__init__.py", line 355, in wrapper
    return f(*args, **kwargs)
           ^^^^^^^^^^^^^^^^^^
  File "/root/miniconda3/lib/python3.12/site-packages/torch/distributed/run.py", line 892, in main
    run(args)
  File "/root/miniconda3/lib/python3.12/site-packages/torch/distributed/run.py", line 883, in run
    elastic_launch(
  File "/root/miniconda3/lib/python3.12/site-packages/torch/distributed/launcher/api.py", line 139, in __call__
    return launch_agent(self._config, self._entrypoint, list(args))
           ^^^^^^^^^^^^^^^^^^^^^^^^^^^^^^^^^^^^^^^^^^^^^^^^^^^^^^^^
  File "/root/miniconda3/lib/python3.12/site-packages/torch/distributed/launcher/api.py", line 270, in launch_agent
    raise ChildFailedError(
torch.distributed.elastic.multiprocessing.errors.ChildFailedError: 
============================================================
/root/Triton-distributed/python/triton_dist/benchmark/bench_3rdv5_frontier_windowed_panel_gemmrs.py FAILED
------------------------------------------------------------
Failures:
  <NO_OTHER_FAILURES>
------------------------------------------------------------
Root Cause (first observed failure):
[0]:
  time      : 2026-08-28_19:09:41
  host      : cs-d085f-deb6f-server
  rank      : 0 (local_rank: 0)
  exitcode  : 1 (pid: 12764)
  error_file: <N/A>
  traceback : To enable traceback see: https://pytorch.org/docs/stable/elastic/errors.html
============================================================
[search][coarse] candidate 1/1 failed(rc=1): chunk=512, window=4, stage=2, steady_sms=4, tail_sms=12, lanes=1, bands=1, frontier=1
[search] all coarse candidates failed
