
[search] ===== two-stage B begin 2026-08-28T19:40:59+08:00; historical 13-launch policy, timeout=90s =====
[search] two-stage B pid=65308 at 2026-08-28T19:40:59+08:00
[search] two-stage search for M=8192, N=29568, K=8192, nproc=4
[search] structural candidates total=16, buckets=2, bucket_topk=2, stage1 structural candidates=4, stage2 sms_pairs=3, stage2 refine_topk=2, fast_budget=50, verify_topk=3
[custom] test shape: M 8192, N 29568, K 8192
✅ all close!
✅ all close!
✅ all close!
✅ all close!
Rank 0 [custom] latency (ms): torch_total=5.58, torch_gemm_only=3.72, torch_rs_only=2.09, v2_total=6.06, v2_gemm_only=4.87, v2_rs_only=3.03, v2_internal_overlap=23.27%, v2_speedup_vs_torch=0.92, v2_speedup_vs_old=nan, chunk_rows=512, num_chunks=4, active_chunk_window=4, stage_slots=4, comm_lanes=2, n_bands=1, frontier_chunks=2
Rank 1 [custom] latency (ms): torch_total=5.57, torch_gemm_only=3.73, torch_rs_only=2.09, v2_total=6.12, v2_gemm_only=4.83, v2_rs_only=3.00, v2_internal_overlap=21.82%, v2_speedup_vs_torch=0.91, v2_speedup_vs_old=nan, chunk_rows=512, num_chunks=4, active_chunk_window=4, stage_slots=4, comm_lanes=2, n_bands=1, frontier_chunks=2
Rank 2 [custom] latency (ms): torch_total=5.58, torch_gemm_only=3.73, torch_rs_only=2.09, v2_total=5.94, v2_gemm_only=4.86, v2_rs_only=3.09, v2_internal_overlap=25.29%, v2_speedup_vs_torch=0.94, v2_speedup_vs_old=nan, chunk_rows=512, num_chunks=4, active_chunk_window=4, stage_slots=4, comm_lanes=2, n_bands=1, frontier_chunks=2
Rank 3 [custom] latency (ms): torch_total=5.59, torch_gemm_only=3.79, torch_rs_only=2.10, v2_total=5.95, v2_gemm_only=4.88, v2_rs_only=3.01, v2_internal_overlap=24.56%, v2_speedup_vs_torch=0.94, v2_speedup_vs_old=nan, chunk_rows=512, num_chunks=4, active_chunk_window=4, stage_slots=4, comm_lanes=2, n_bands=1, frontier_chunks=2
W0828 19:41:00.697000 65311 site-packages/torch/distributed/run.py:766] 
W0828 19:41:00.697000 65311 site-packages/torch/distributed/run.py:766] *****************************************
W0828 19:41:00.697000 65311 site-packages/torch/distributed/run.py:766] Setting OMP_NUM_THREADS environment variable for each process to be 1 in default, to avoid your system being overloaded, please further tune the variable for optimal performance in your application as needed. 
W0828 19:41:00.697000 65311 site-packages/torch/distributed/run.py:766] *****************************************
<frozen importlib._bootstrap_external>:1301: FutureWarning: The cuda.cuda module is deprecated and will be removed in a future release, please switch to use the cuda.bindings.driver module instead.
<frozen importlib._bootstrap_external>:1301: FutureWarning: The cuda.cudart module is deprecated and will be removed in a future release, please switch to use the cuda.bindings.runtime module instead.
<frozen importlib._bootstrap_external>:1301: FutureWarning: The cuda.cuda module is deprecated and will be removed in a future release, please switch to use the cuda.bindings.driver module instead.
<frozen importlib._bootstrap_external>:1301: FutureWarning: The cuda.cudart module is deprecated and will be removed in a future release, please switch to use the cuda.bindings.runtime module instead.
<frozen importlib._bootstrap_external>:1301: FutureWarning: The cuda.cuda module is deprecated and will be removed in a future release, please switch to use the cuda.bindings.driver module instead.
<frozen importlib._bootstrap_external>:1301: FutureWarning: The cuda.cudart module is deprecated and will be removed in a future release, please switch to use the cuda.bindings.runtime module instead.
<frozen importlib._bootstrap_external>:1301: FutureWarning: The cuda.cuda module is deprecated and will be removed in a future release, please switch to use the cuda.bindings.driver module instead.
<frozen importlib._bootstrap_external>:1301: FutureWarning: The cuda.cudart module is deprecated and will be removed in a future release, please switch to use the cuda.bindings.runtime module instead.
/root/Triton-distributed/python/triton_dist/kernels/nvidia/comm_perf_model.py:78: UserWarning: can not get max bandwidth of interface bonding_masters, return 0...
  warnings.warn(f"can not get max bandwidth of interface {interface}, return 0...")
/root/Triton-distributed/python/triton_dist/kernels/nvidia/comm_perf_model.py:78: UserWarning: can not get max bandwidth of interface bonding_masters, return 0...
  warnings.warn(f"can not get max bandwidth of interface {interface}, return 0...")
/root/Triton-distributed/python/triton_dist/kernels/nvidia/comm_perf_model.py:78: UserWarning: can not get max bandwidth of interface bonding_masters, return 0...
  warnings.warn(f"can not get max bandwidth of interface {interface}, return 0...")
/root/Triton-distributed/python/triton_dist/kernels/nvidia/comm_perf_model.py:78: UserWarning: can not get max bandwidth of interface bonding_masters, return 0...
  warnings.warn(f"can not get max bandwidth of interface {interface}, return 0...")
[search][stage1] candidate 1/4: max_total=6.1200 ms, mean_total=6.0175 ms, speedup_mean=0.9275, speedup_min=0.9100, overlap_mean=23.73%, lead_ratio=1.000 | chunk=512, window=4, stage=4, steady_sms=6, tail_sms=16, lanes=2, bands=1, frontier=2
[custom] test shape: M 8192, N 29568, K 8192
✅ all close!
✅ all close!
✅ all close!
✅ all close!
Rank 0 [custom] latency (ms): torch_total=5.54, torch_gemm_only=3.75, torch_rs_only=2.10, v2_total=6.15, v2_gemm_only=4.85, v2_rs_only=2.93, v2_internal_overlap=20.93%, v2_speedup_vs_torch=0.90, v2_speedup_vs_old=nan, chunk_rows=512, num_chunks=4, active_chunk_window=4, stage_slots=4, comm_lanes=2, n_bands=1, frontier_chunks=1
Rank 1 [custom] latency (ms): torch_total=5.55, torch_gemm_only=3.74, torch_rs_only=2.10, v2_total=6.20, v2_gemm_only=4.83, v2_rs_only=2.93, v2_internal_overlap=20.11%, v2_speedup_vs_torch=0.89, v2_speedup_vs_old=nan, chunk_rows=512, num_chunks=4, active_chunk_window=4, stage_slots=4, comm_lanes=2, n_bands=1, frontier_chunks=1
Rank 2 [custom] latency (ms): torch_total=5.54, torch_gemm_only=3.74, torch_rs_only=2.09, v2_total=6.06, v2_gemm_only=4.86, v2_rs_only=3.02, v2_internal_overlap=23.13%, v2_speedup_vs_torch=0.91, v2_speedup_vs_old=nan, chunk_rows=512, num_chunks=4, active_chunk_window=4, stage_slots=4, comm_lanes=2, n_bands=1, frontier_chunks=1
Rank 3 [custom] latency (ms): torch_total=5.56, torch_gemm_only=3.78, torch_rs_only=2.08, v2_total=6.11, v2_gemm_only=4.88, v2_rs_only=3.03, v2_internal_overlap=22.80%, v2_speedup_vs_torch=0.91, v2_speedup_vs_old=nan, chunk_rows=512, num_chunks=4, active_chunk_window=4, stage_slots=4, comm_lanes=2, n_bands=1, frontier_chunks=1
W0828 19:41:11.614000 755 site-packages/torch/distributed/run.py:766] 
W0828 19:41:11.614000 755 site-packages/torch/distributed/run.py:766] *****************************************
W0828 19:41:11.614000 755 site-packages/torch/distributed/run.py:766] Setting OMP_NUM_THREADS environment variable for each process to be 1 in default, to avoid your system being overloaded, please further tune the variable for optimal performance in your application as needed. 
W0828 19:41:11.614000 755 site-packages/torch/distributed/run.py:766] *****************************************
<frozen importlib._bootstrap_external>:1301: FutureWarning: The cuda.cuda module is deprecated and will be removed in a future release, please switch to use the cuda.bindings.driver module instead.
<frozen importlib._bootstrap_external>:1301: FutureWarning: The cuda.cudart module is deprecated and will be removed in a future release, please switch to use the cuda.bindings.runtime module instead.
<frozen importlib._bootstrap_external>:1301: FutureWarning: The cuda.cuda module is deprecated and will be removed in a future release, please switch to use the cuda.bindings.driver module instead.
<frozen importlib._bootstrap_external>:1301: FutureWarning: The cuda.cudart module is deprecated and will be removed in a future release, please switch to use the cuda.bindings.runtime module instead.
<frozen importlib._bootstrap_external>:1301: FutureWarning: The cuda.cuda module is deprecated and will be removed in a future release, please switch to use the cuda.bindings.driver module instead.
<frozen importlib._bootstrap_external>:1301: FutureWarning: The cuda.cudart module is deprecated and will be removed in a future release, please switch to use the cuda.bindings.runtime module instead.
<frozen importlib._bootstrap_external>:1301: FutureWarning: The cuda.cuda module is deprecated and will be removed in a future release, please switch to use the cuda.bindings.driver module instead.
<frozen importlib._bootstrap_external>:1301: FutureWarning: The cuda.cudart module is deprecated and will be removed in a future release, please switch to use the cuda.bindings.runtime module instead.
/root/Triton-distributed/python/triton_dist/kernels/nvidia/comm_perf_model.py:78: UserWarning: can not get max bandwidth of interface bonding_masters, return 0...
  warnings.warn(f"can not get max bandwidth of interface {interface}, return 0...")
/root/Triton-distributed/python/triton_dist/kernels/nvidia/comm_perf_model.py:78: UserWarning: can not get max bandwidth of interface bonding_masters, return 0...
  warnings.warn(f"can not get max bandwidth of interface {interface}, return 0...")
/root/Triton-distributed/python/triton_dist/kernels/nvidia/comm_perf_model.py:78: UserWarning: can not get max bandwidth of interface bonding_masters, return 0...
  warnings.warn(f"can not get max bandwidth of interface {interface}, return 0...")
/root/Triton-distributed/python/triton_dist/kernels/nvidia/comm_perf_model.py:78: UserWarning: can not get max bandwidth of interface bonding_masters, return 0...
  warnings.warn(f"can not get max bandwidth of interface {interface}, return 0...")
[search][stage1] candidate 2/4: max_total=6.2000 ms, mean_total=6.1300 ms, speedup_mean=0.9025, speedup_min=0.8900, overlap_mean=21.74%, lead_ratio=1.000 | chunk=512, window=4, stage=4, steady_sms=6, tail_sms=16, lanes=2, bands=1, frontier=1
[custom] test shape: M 8192, N 29568, K 8192
✅ all close!
✅ all close!
✅ all close!
✅ all close!
Rank 0 [custom] latency (ms): torch_total=5.57, torch_gemm_only=3.74, torch_rs_only=2.01, v2_total=6.00, v2_gemm_only=5.59, v2_rs_only=3.21, v2_internal_overlap=31.84%, v2_speedup_vs_torch=0.93, v2_speedup_vs_old=nan, chunk_rows=512, num_chunks=4, active_chunk_window=4, stage_slots=4, comm_lanes=2, n_bands=2, frontier_chunks=2
Rank 1 [custom] latency (ms): torch_total=5.55, torch_gemm_only=3.73, torch_rs_only=2.01, v2_total=5.52, v2_gemm_only=4.90, v2_rs_only=3.27, v2_internal_overlap=32.37%, v2_speedup_vs_torch=1.00, v2_speedup_vs_old=nan, chunk_rows=512, num_chunks=4, active_chunk_window=4, stage_slots=4, comm_lanes=2, n_bands=2, frontier_chunks=2
Rank 2 [custom] latency (ms): torch_total=5.54, torch_gemm_only=3.73, torch_rs_only=2.00, v2_total=6.15, v2_gemm_only=5.74, v2_rs_only=3.34, v2_internal_overlap=32.29%, v2_speedup_vs_torch=0.90, v2_speedup_vs_old=nan, chunk_rows=512, num_chunks=4, active_chunk_window=4, stage_slots=4, comm_lanes=2, n_bands=2, frontier_chunks=2
Rank 3 [custom] latency (ms): torch_total=5.55, torch_gemm_only=3.77, torch_rs_only=1.99, v2_total=5.45, v2_gemm_only=4.90, v2_rs_only=3.26, v2_internal_overlap=33.20%, v2_speedup_vs_torch=1.02, v2_speedup_vs_old=nan, chunk_rows=512, num_chunks=4, active_chunk_window=4, stage_slots=4, comm_lanes=2, n_bands=2, frontier_chunks=2
W0828 19:41:22.395000 1504 site-packages/torch/distributed/run.py:766] 
W0828 19:41:22.395000 1504 site-packages/torch/distributed/run.py:766] *****************************************
W0828 19:41:22.395000 1504 site-packages/torch/distributed/run.py:766] Setting OMP_NUM_THREADS environment variable for each process to be 1 in default, to avoid your system being overloaded, please further tune the variable for optimal performance in your application as needed. 
W0828 19:41:22.395000 1504 site-packages/torch/distributed/run.py:766] *****************************************
<frozen importlib._bootstrap_external>:1301: FutureWarning: The cuda.cuda module is deprecated and will be removed in a future release, please switch to use the cuda.bindings.driver module instead.
<frozen importlib._bootstrap_external>:1301: FutureWarning: The cuda.cudart module is deprecated and will be removed in a future release, please switch to use the cuda.bindings.runtime module instead.
<frozen importlib._bootstrap_external>:1301: FutureWarning: The cuda.cuda module is deprecated and will be removed in a future release, please switch to use the cuda.bindings.driver module instead.
<frozen importlib._bootstrap_external>:1301: FutureWarning: The cuda.cudart module is deprecated and will be removed in a future release, please switch to use the cuda.bindings.runtime module instead.
<frozen importlib._bootstrap_external>:1301: FutureWarning: The cuda.cuda module is deprecated and will be removed in a future release, please switch to use the cuda.bindings.driver module instead.
<frozen importlib._bootstrap_external>:1301: FutureWarning: The cuda.cudart module is deprecated and will be removed in a future release, please switch to use the cuda.bindings.runtime module instead.
<frozen importlib._bootstrap_external>:1301: FutureWarning: The cuda.cuda module is deprecated and will be removed in a future release, please switch to use the cuda.bindings.driver module instead.
<frozen importlib._bootstrap_external>:1301: FutureWarning: The cuda.cudart module is deprecated and will be removed in a future release, please switch to use the cuda.bindings.runtime module instead.
/root/Triton-distributed/python/triton_dist/kernels/nvidia/comm_perf_model.py:78: UserWarning: can not get max bandwidth of interface bonding_masters, return 0...
  warnings.warn(f"can not get max bandwidth of interface {interface}, return 0...")
/root/Triton-distributed/python/triton_dist/kernels/nvidia/comm_perf_model.py:78: UserWarning: can not get max bandwidth of interface bonding_masters, return 0...
  warnings.warn(f"can not get max bandwidth of interface {interface}, return 0...")
/root/Triton-distributed/python/triton_dist/kernels/nvidia/comm_perf_model.py:78: UserWarning: can not get max bandwidth of interface bonding_masters, return 0...
  warnings.warn(f"can not get max bandwidth of interface {interface}, return 0...")
/root/Triton-distributed/python/triton_dist/kernels/nvidia/comm_perf_model.py:78: UserWarning: can not get max bandwidth of interface bonding_masters, return 0...
  warnings.warn(f"can not get max bandwidth of interface {interface}, return 0...")
[search][stage1] candidate 3/4: max_total=6.1500 ms, mean_total=5.7800 ms, speedup_mean=0.9625, speedup_min=0.9000, overlap_mean=32.42%, lead_ratio=2.000 | chunk=512, window=4, stage=4, steady_sms=6, tail_sms=16, lanes=2, bands=2, frontier=2
[custom] test shape: M 8192, N 29568, K 8192
✅ all close!
✅ all close!
✅ all close!
✅ all close!
Rank 0 [custom] latency (ms): torch_total=5.56, torch_gemm_only=3.73, torch_rs_only=2.05, v2_total=5.64, v2_gemm_only=4.89, v2_rs_only=3.16, v2_internal_overlap=29.97%, v2_speedup_vs_torch=0.99, v2_speedup_vs_old=nan, chunk_rows=512, num_chunks=4, active_chunk_window=4, stage_slots=4, comm_lanes=2, n_bands=2, frontier_chunks=1
Rank 1 [custom] latency (ms): torch_total=5.55, torch_gemm_only=3.73, torch_rs_only=2.05, v2_total=5.33, v2_gemm_only=4.90, v2_rs_only=3.12, v2_internal_overlap=33.57%, v2_speedup_vs_torch=1.04, v2_speedup_vs_old=nan, chunk_rows=512, num_chunks=4, active_chunk_window=4, stage_slots=4, comm_lanes=2, n_bands=2, frontier_chunks=1
Rank 2 [custom] latency (ms): torch_total=5.55, torch_gemm_only=3.72, torch_rs_only=2.05, v2_total=5.33, v2_gemm_only=4.94, v2_rs_only=3.09, v2_internal_overlap=33.69%, v2_speedup_vs_torch=1.04, v2_speedup_vs_old=nan, chunk_rows=512, num_chunks=4, active_chunk_window=4, stage_slots=4, comm_lanes=2, n_bands=2, frontier_chunks=1
Rank 3 [custom] latency (ms): torch_total=5.58, torch_gemm_only=3.80, torch_rs_only=2.06, v2_total=5.33, v2_gemm_only=4.95, v2_rs_only=3.21, v2_internal_overlap=34.67%, v2_speedup_vs_torch=1.05, v2_speedup_vs_old=nan, chunk_rows=512, num_chunks=4, active_chunk_window=4, stage_slots=4, comm_lanes=2, n_bands=2, frontier_chunks=1
W0828 19:41:33.281000 2172 site-packages/torch/distributed/run.py:766] 
W0828 19:41:33.281000 2172 site-packages/torch/distributed/run.py:766] *****************************************
W0828 19:41:33.281000 2172 site-packages/torch/distributed/run.py:766] Setting OMP_NUM_THREADS environment variable for each process to be 1 in default, to avoid your system being overloaded, please further tune the variable for optimal performance in your application as needed. 
W0828 19:41:33.281000 2172 site-packages/torch/distributed/run.py:766] *****************************************
<frozen importlib._bootstrap_external>:1301: FutureWarning: The cuda.cuda module is deprecated and will be removed in a future release, please switch to use the cuda.bindings.driver module instead.
<frozen importlib._bootstrap_external>:1301: FutureWarning: The cuda.cudart module is deprecated and will be removed in a future release, please switch to use the cuda.bindings.runtime module instead.
<frozen importlib._bootstrap_external>:1301: FutureWarning: The cuda.cuda module is deprecated and will be removed in a future release, please switch to use the cuda.bindings.driver module instead.
<frozen importlib._bootstrap_external>:1301: FutureWarning: The cuda.cudart module is deprecated and will be removed in a future release, please switch to use the cuda.bindings.runtime module instead.
<frozen importlib._bootstrap_external>:1301: FutureWarning: The cuda.cuda module is deprecated and will be removed in a future release, please switch to use the cuda.bindings.driver module instead.
<frozen importlib._bootstrap_external>:1301: FutureWarning: The cuda.cudart module is deprecated and will be removed in a future release, please switch to use the cuda.bindings.runtime module instead.
<frozen importlib._bootstrap_external>:1301: FutureWarning: The cuda.cuda module is deprecated and will be removed in a future release, please switch to use the cuda.bindings.driver module instead.
<frozen importlib._bootstrap_external>:1301: FutureWarning: The cuda.cudart module is deprecated and will be removed in a future release, please switch to use the cuda.bindings.runtime module instead.
/root/Triton-distributed/python/triton_dist/kernels/nvidia/comm_perf_model.py:78: UserWarning: can not get max bandwidth of interface bonding_masters, return 0...
  warnings.warn(f"can not get max bandwidth of interface {interface}, return 0...")
/root/Triton-distributed/python/triton_dist/kernels/nvidia/comm_perf_model.py:78: UserWarning: can not get max bandwidth of interface bonding_masters, return 0...
  warnings.warn(f"can not get max bandwidth of interface {interface}, return 0...")
/root/Triton-distributed/python/triton_dist/kernels/nvidia/comm_perf_model.py:78: UserWarning: can not get max bandwidth of interface bonding_masters, return 0...
  warnings.warn(f"can not get max bandwidth of interface {interface}, return 0...")
/root/Triton-distributed/python/triton_dist/kernels/nvidia/comm_perf_model.py:78: UserWarning: can not get max bandwidth of interface bonding_masters, return 0...
  warnings.warn(f"can not get max bandwidth of interface {interface}, return 0...")
[search][stage1] candidate 4/4: max_total=5.6400 ms, mean_total=5.4075 ms, speedup_mean=1.0300, speedup_min=0.9900, overlap_mean=32.98%, lead_ratio=2.000 | chunk=512, window=4, stage=4, steady_sms=6, tail_sms=16, lanes=2, bands=2, frontier=1
[search] Stage1 Top Structural Candidates
  #1: max_total=5.6400 ms, mean_total=5.4075 ms, speedup_mean=1.0300, speedup_min=0.9900, overlap_mean=32.98%, lead_ratio=2.000 | chunk=512, window=4, stage=4, steady_sms=6, tail_sms=16, lanes=2, bands=2, frontier=1
  #2: max_total=6.1200 ms, mean_total=6.0175 ms, speedup_mean=0.9275, speedup_min=0.9100, overlap_mean=23.73%, lead_ratio=1.000 | chunk=512, window=4, stage=4, steady_sms=6, tail_sms=16, lanes=2, bands=1, frontier=2
  #3: max_total=6.1500 ms, mean_total=5.7800 ms, speedup_mean=0.9625, speedup_min=0.9000, overlap_mean=32.42%, lead_ratio=2.000 | chunk=512, window=4, stage=4, steady_sms=6, tail_sms=16, lanes=2, bands=2, frontier=2
  #4: max_total=6.2000 ms, mean_total=6.1300 ms, speedup_mean=0.9025, speedup_min=0.8900, overlap_mean=21.74%, lead_ratio=1.000 | chunk=512, window=4, stage=4, steady_sms=6, tail_sms=16, lanes=2, bands=1, frontier=1
[custom] test shape: M 8192, N 29568, K 8192
✅ all close!
✅ all close!
✅ all close!
✅ all close!
Rank 0 [custom] latency (ms): torch_total=5.55, torch_gemm_only=3.75, torch_rs_only=2.05, v2_total=5.31, v2_gemm_only=4.93, v2_rs_only=3.19, v2_internal_overlap=34.62%, v2_speedup_vs_torch=1.05, v2_speedup_vs_old=nan, chunk_rows=512, num_chunks=4, active_chunk_window=4, stage_slots=4, comm_lanes=2, n_bands=2, frontier_chunks=1
Rank 1 [custom] latency (ms): torch_total=5.55, torch_gemm_only=3.74, torch_rs_only=2.04, v2_total=5.35, v2_gemm_only=4.90, v2_rs_only=3.18, v2_internal_overlap=33.81%, v2_speedup_vs_torch=1.04, v2_speedup_vs_old=nan, chunk_rows=512, num_chunks=4, active_chunk_window=4, stage_slots=4, comm_lanes=2, n_bands=2, frontier_chunks=1
Rank 2 [custom] latency (ms): torch_total=5.56, torch_gemm_only=3.75, torch_rs_only=2.02, v2_total=5.32, v2_gemm_only=4.90, v2_rs_only=3.09, v2_internal_overlap=33.45%, v2_speedup_vs_torch=1.05, v2_speedup_vs_old=nan, chunk_rows=512, num_chunks=4, active_chunk_window=4, stage_slots=4, comm_lanes=2, n_bands=2, frontier_chunks=1
Rank 3 [custom] latency (ms): torch_total=5.57, torch_gemm_only=3.77, torch_rs_only=2.04, v2_total=5.32, v2_gemm_only=4.99, v2_rs_only=3.10, v2_internal_overlap=34.24%, v2_speedup_vs_torch=1.05, v2_speedup_vs_old=nan, chunk_rows=512, num_chunks=4, active_chunk_window=4, stage_slots=4, comm_lanes=2, n_bands=2, frontier_chunks=1
W0828 19:41:44.200000 2842 site-packages/torch/distributed/run.py:766] 
W0828 19:41:44.200000 2842 site-packages/torch/distributed/run.py:766] *****************************************
W0828 19:41:44.200000 2842 site-packages/torch/distributed/run.py:766] Setting OMP_NUM_THREADS environment variable for each process to be 1 in default, to avoid your system being overloaded, please further tune the variable for optimal performance in your application as needed. 
W0828 19:41:44.200000 2842 site-packages/torch/distributed/run.py:766] *****************************************
<frozen importlib._bootstrap_external>:1301: FutureWarning: The cuda.cuda module is deprecated and will be removed in a future release, please switch to use the cuda.bindings.driver module instead.
<frozen importlib._bootstrap_external>:1301: FutureWarning: The cuda.cudart module is deprecated and will be removed in a future release, please switch to use the cuda.bindings.runtime module instead.
<frozen importlib._bootstrap_external>:1301: FutureWarning: The cuda.cuda module is deprecated and will be removed in a future release, please switch to use the cuda.bindings.driver module instead.
<frozen importlib._bootstrap_external>:1301: FutureWarning: The cuda.cudart module is deprecated and will be removed in a future release, please switch to use the cuda.bindings.runtime module instead.
<frozen importlib._bootstrap_external>:1301: FutureWarning: The cuda.cuda module is deprecated and will be removed in a future release, please switch to use the cuda.bindings.driver module instead.
<frozen importlib._bootstrap_external>:1301: FutureWarning: The cuda.cudart module is deprecated and will be removed in a future release, please switch to use the cuda.bindings.runtime module instead.
<frozen importlib._bootstrap_external>:1301: FutureWarning: The cuda.cuda module is deprecated and will be removed in a future release, please switch to use the cuda.bindings.driver module instead.
<frozen importlib._bootstrap_external>:1301: FutureWarning: The cuda.cudart module is deprecated and will be removed in a future release, please switch to use the cuda.bindings.runtime module instead.
/root/Triton-distributed/python/triton_dist/kernels/nvidia/comm_perf_model.py:78: UserWarning: can not get max bandwidth of interface bonding_masters, return 0...
  warnings.warn(f"can not get max bandwidth of interface {interface}, return 0...")
/root/Triton-distributed/python/triton_dist/kernels/nvidia/comm_perf_model.py:78: UserWarning: can not get max bandwidth of interface bonding_masters, return 0...
  warnings.warn(f"can not get max bandwidth of interface {interface}, return 0...")
/root/Triton-distributed/python/triton_dist/kernels/nvidia/comm_perf_model.py:78: UserWarning: can not get max bandwidth of interface bonding_masters, return 0...
  warnings.warn(f"can not get max bandwidth of interface {interface}, return 0...")
/root/Triton-distributed/python/triton_dist/kernels/nvidia/comm_perf_model.py:78: UserWarning: can not get max bandwidth of interface bonding_masters, return 0...
  warnings.warn(f"can not get max bandwidth of interface {interface}, return 0...")
[search][stage2] candidate 1/6: max_total=5.3500 ms, mean_total=5.3250 ms, speedup_mean=1.0475, speedup_min=1.0400, overlap_mean=34.03%, lead_ratio=2.000 | chunk=512, window=4, stage=4, steady_sms=6, tail_sms=16, lanes=2, bands=2, frontier=1
[custom] test shape: M 8192, N 29568, K 8192
✅ all close!
✅ all close!
✅ all close!
✅ all close!
Rank 0 [custom] latency (ms): torch_total=5.57, torch_gemm_only=3.73, torch_rs_only=2.05, v2_total=5.61, v2_gemm_only=4.89, v2_rs_only=3.15, v2_internal_overlap=30.24%, v2_speedup_vs_torch=0.99, v2_speedup_vs_old=nan, chunk_rows=512, num_chunks=4, active_chunk_window=4, stage_slots=4, comm_lanes=2, n_bands=2, frontier_chunks=1
Rank 1 [custom] latency (ms): torch_total=5.55, torch_gemm_only=3.73, torch_rs_only=2.07, v2_total=5.66, v2_gemm_only=4.91, v2_rs_only=3.13, v2_internal_overlap=29.66%, v2_speedup_vs_torch=0.98, v2_speedup_vs_old=nan, chunk_rows=512, num_chunks=4, active_chunk_window=4, stage_slots=4, comm_lanes=2, n_bands=2, frontier_chunks=1
Rank 2 [custom] latency (ms): torch_total=5.55, torch_gemm_only=3.73, torch_rs_only=2.05, v2_total=5.66, v2_gemm_only=4.92, v2_rs_only=3.10, v2_internal_overlap=29.43%, v2_speedup_vs_torch=0.98, v2_speedup_vs_old=nan, chunk_rows=512, num_chunks=4, active_chunk_window=4, stage_slots=4, comm_lanes=2, n_bands=2, frontier_chunks=1
Rank 3 [custom] latency (ms): torch_total=5.56, torch_gemm_only=3.79, torch_rs_only=2.07, v2_total=5.61, v2_gemm_only=4.97, v2_rs_only=3.14, v2_internal_overlap=30.81%, v2_speedup_vs_torch=0.99, v2_speedup_vs_old=nan, chunk_rows=512, num_chunks=4, active_chunk_window=4, stage_slots=4, comm_lanes=2, n_bands=2, frontier_chunks=1
W0828 19:41:55.096000 3498 site-packages/torch/distributed/run.py:766] 
W0828 19:41:55.096000 3498 site-packages/torch/distributed/run.py:766] *****************************************
W0828 19:41:55.096000 3498 site-packages/torch/distributed/run.py:766] Setting OMP_NUM_THREADS environment variable for each process to be 1 in default, to avoid your system being overloaded, please further tune the variable for optimal performance in your application as needed. 
W0828 19:41:55.096000 3498 site-packages/torch/distributed/run.py:766] *****************************************
<frozen importlib._bootstrap_external>:1301: FutureWarning: The cuda.cuda module is deprecated and will be removed in a future release, please switch to use the cuda.bindings.driver module instead.
<frozen importlib._bootstrap_external>:1301: FutureWarning: The cuda.cudart module is deprecated and will be removed in a future release, please switch to use the cuda.bindings.runtime module instead.
<frozen importlib._bootstrap_external>:1301: FutureWarning: The cuda.cuda module is deprecated and will be removed in a future release, please switch to use the cuda.bindings.driver module instead.
<frozen importlib._bootstrap_external>:1301: FutureWarning: The cuda.cudart module is deprecated and will be removed in a future release, please switch to use the cuda.bindings.runtime module instead.
<frozen importlib._bootstrap_external>:1301: FutureWarning: The cuda.cuda module is deprecated and will be removed in a future release, please switch to use the cuda.bindings.driver module instead.
<frozen importlib._bootstrap_external>:1301: FutureWarning: The cuda.cudart module is deprecated and will be removed in a future release, please switch to use the cuda.bindings.runtime module instead.
<frozen importlib._bootstrap_external>:1301: FutureWarning: The cuda.cuda module is deprecated and will be removed in a future release, please switch to use the cuda.bindings.driver module instead.
<frozen importlib._bootstrap_external>:1301: FutureWarning: The cuda.cudart module is deprecated and will be removed in a future release, please switch to use the cuda.bindings.runtime module instead.
/root/Triton-distributed/python/triton_dist/kernels/nvidia/comm_perf_model.py:78: UserWarning: can not get max bandwidth of interface bonding_masters, return 0...
  warnings.warn(f"can not get max bandwidth of interface {interface}, return 0...")
/root/Triton-distributed/python/triton_dist/kernels/nvidia/comm_perf_model.py:78: UserWarning: can not get max bandwidth of interface bonding_masters, return 0...
  warnings.warn(f"can not get max bandwidth of interface {interface}, return 0...")
/root/Triton-distributed/python/triton_dist/kernels/nvidia/comm_perf_model.py:78: UserWarning: can not get max bandwidth of interface bonding_masters, return 0...
  warnings.warn(f"can not get max bandwidth of interface {interface}, return 0...")
/root/Triton-distributed/python/triton_dist/kernels/nvidia/comm_perf_model.py:78: UserWarning: can not get max bandwidth of interface bonding_masters, return 0...
  warnings.warn(f"can not get max bandwidth of interface {interface}, return 0...")
[search][stage2] candidate 2/6: max_total=5.6600 ms, mean_total=5.6350 ms, speedup_mean=0.9850, speedup_min=0.9800, overlap_mean=30.04%, lead_ratio=2.000 | chunk=512, window=4, stage=4, steady_sms=4, tail_sms=16, lanes=2, bands=2, frontier=1
[custom] test shape: M 8192, N 29568, K 8192
✅ all close!
✅ all close!
✅ all close!
✅ all close!
Rank 0 [custom] latency (ms): torch_total=5.58, torch_gemm_only=3.72, torch_rs_only=2.07, v2_total=5.33, v2_gemm_only=4.89, v2_rs_only=3.26, v2_internal_overlap=34.61%, v2_speedup_vs_torch=1.05, v2_speedup_vs_old=nan, chunk_rows=512, num_chunks=4, active_chunk_window=4, stage_slots=4, comm_lanes=2, n_bands=2, frontier_chunks=1
Rank 1 [custom] latency (ms): torch_total=5.56, torch_gemm_only=3.73, torch_rs_only=2.08, v2_total=5.38, v2_gemm_only=4.90, v2_rs_only=3.20, v2_internal_overlap=33.57%, v2_speedup_vs_torch=1.03, v2_speedup_vs_old=nan, chunk_rows=512, num_chunks=4, active_chunk_window=4, stage_slots=4, comm_lanes=2, n_bands=2, frontier_chunks=1
Rank 2 [custom] latency (ms): torch_total=5.57, torch_gemm_only=3.73, torch_rs_only=2.08, v2_total=5.34, v2_gemm_only=4.90, v2_rs_only=3.21, v2_internal_overlap=34.13%, v2_speedup_vs_torch=1.04, v2_speedup_vs_old=nan, chunk_rows=512, num_chunks=4, active_chunk_window=4, stage_slots=4, comm_lanes=2, n_bands=2, frontier_chunks=1
Rank 3 [custom] latency (ms): torch_total=5.57, torch_gemm_only=3.79, torch_rs_only=2.08, v2_total=5.34, v2_gemm_only=4.92, v2_rs_only=3.24, v2_internal_overlap=34.51%, v2_speedup_vs_torch=1.04, v2_speedup_vs_old=nan, chunk_rows=512, num_chunks=4, active_chunk_window=4, stage_slots=4, comm_lanes=2, n_bands=2, frontier_chunks=1
W0828 19:42:06.133000 4149 site-packages/torch/distributed/run.py:766] 
W0828 19:42:06.133000 4149 site-packages/torch/distributed/run.py:766] *****************************************
W0828 19:42:06.133000 4149 site-packages/torch/distributed/run.py:766] Setting OMP_NUM_THREADS environment variable for each process to be 1 in default, to avoid your system being overloaded, please further tune the variable for optimal performance in your application as needed. 
W0828 19:42:06.133000 4149 site-packages/torch/distributed/run.py:766] *****************************************
<frozen importlib._bootstrap_external>:1301: FutureWarning: The cuda.cuda module is deprecated and will be removed in a future release, please switch to use the cuda.bindings.driver module instead.
<frozen importlib._bootstrap_external>:1301: FutureWarning: The cuda.cudart module is deprecated and will be removed in a future release, please switch to use the cuda.bindings.runtime module instead.
<frozen importlib._bootstrap_external>:1301: FutureWarning: The cuda.cuda module is deprecated and will be removed in a future release, please switch to use the cuda.bindings.driver module instead.
<frozen importlib._bootstrap_external>:1301: FutureWarning: The cuda.cudart module is deprecated and will be removed in a future release, please switch to use the cuda.bindings.runtime module instead.
<frozen importlib._bootstrap_external>:1301: FutureWarning: The cuda.cuda module is deprecated and will be removed in a future release, please switch to use the cuda.bindings.driver module instead.
<frozen importlib._bootstrap_external>:1301: FutureWarning: The cuda.cudart module is deprecated and will be removed in a future release, please switch to use the cuda.bindings.runtime module instead.
<frozen importlib._bootstrap_external>:1301: FutureWarning: The cuda.cuda module is deprecated and will be removed in a future release, please switch to use the cuda.bindings.driver module instead.
<frozen importlib._bootstrap_external>:1301: FutureWarning: The cuda.cudart module is deprecated and will be removed in a future release, please switch to use the cuda.bindings.runtime module instead.
/root/Triton-distributed/python/triton_dist/kernels/nvidia/comm_perf_model.py:78: UserWarning: can not get max bandwidth of interface bonding_masters, return 0...
  warnings.warn(f"can not get max bandwidth of interface {interface}, return 0...")
/root/Triton-distributed/python/triton_dist/kernels/nvidia/comm_perf_model.py:78: UserWarning: can not get max bandwidth of interface bonding_masters, return 0...
  warnings.warn(f"can not get max bandwidth of interface {interface}, return 0...")
/root/Triton-distributed/python/triton_dist/kernels/nvidia/comm_perf_model.py:78: UserWarning: can not get max bandwidth of interface bonding_masters, return 0...
  warnings.warn(f"can not get max bandwidth of interface {interface}, return 0...")
/root/Triton-distributed/python/triton_dist/kernels/nvidia/comm_perf_model.py:78: UserWarning: can not get max bandwidth of interface bonding_masters, return 0...
  warnings.warn(f"can not get max bandwidth of interface {interface}, return 0...")
[search][stage2] candidate 3/6: max_total=5.3800 ms, mean_total=5.3475 ms, speedup_mean=1.0400, speedup_min=1.0300, overlap_mean=34.21%, lead_ratio=2.000 | chunk=512, window=4, stage=4, steady_sms=6, tail_sms=12, lanes=2, bands=2, frontier=1
[custom] test shape: M 8192, N 29568, K 8192
✅ all close!
✅ all close!
✅ all close!
✅ all close!
Rank 0 [custom] latency (ms): torch_total=5.57, torch_gemm_only=3.74, torch_rs_only=2.03, v2_total=6.02, v2_gemm_only=4.83, v2_rs_only=3.16, v2_internal_overlap=24.60%, v2_speedup_vs_torch=0.92, v2_speedup_vs_old=nan, chunk_rows=512, num_chunks=4, active_chunk_window=4, stage_slots=4, comm_lanes=2, n_bands=1, frontier_chunks=2
Rank 1 [custom] latency (ms): torch_total=5.55, torch_gemm_only=3.74, torch_rs_only=2.01, v2_total=6.19, v2_gemm_only=5.15, v2_rs_only=3.21, v2_internal_overlap=25.98%, v2_speedup_vs_torch=0.90, v2_speedup_vs_old=nan, chunk_rows=512, num_chunks=4, active_chunk_window=4, stage_slots=4, comm_lanes=2, n_bands=1, frontier_chunks=2
Rank 2 [custom] latency (ms): torch_total=5.55, torch_gemm_only=3.74, torch_rs_only=2.04, v2_total=5.77, v2_gemm_only=4.86, v2_rs_only=3.22, v2_internal_overlap=28.55%, v2_speedup_vs_torch=0.96, v2_speedup_vs_old=nan, chunk_rows=512, num_chunks=4, active_chunk_window=4, stage_slots=4, comm_lanes=2, n_bands=1, frontier_chunks=2
Rank 3 [custom] latency (ms): torch_total=5.57, torch_gemm_only=3.78, torch_rs_only=2.05, v2_total=5.93, v2_gemm_only=4.83, v2_rs_only=3.25, v2_internal_overlap=26.53%, v2_speedup_vs_torch=0.94, v2_speedup_vs_old=nan, chunk_rows=512, num_chunks=4, active_chunk_window=4, stage_slots=4, comm_lanes=2, n_bands=1, frontier_chunks=2
W0828 19:42:17.366000 4801 site-packages/torch/distributed/run.py:766] 
W0828 19:42:17.366000 4801 site-packages/torch/distributed/run.py:766] *****************************************
W0828 19:42:17.366000 4801 site-packages/torch/distributed/run.py:766] Setting OMP_NUM_THREADS environment variable for each process to be 1 in default, to avoid your system being overloaded, please further tune the variable for optimal performance in your application as needed. 
W0828 19:42:17.366000 4801 site-packages/torch/distributed/run.py:766] *****************************************
<frozen importlib._bootstrap_external>:1301: FutureWarning: The cuda.cuda module is deprecated and will be removed in a future release, please switch to use the cuda.bindings.driver module instead.
<frozen importlib._bootstrap_external>:1301: FutureWarning: The cuda.cudart module is deprecated and will be removed in a future release, please switch to use the cuda.bindings.runtime module instead.
<frozen importlib._bootstrap_external>:1301: FutureWarning: The cuda.cuda module is deprecated and will be removed in a future release, please switch to use the cuda.bindings.driver module instead.
<frozen importlib._bootstrap_external>:1301: FutureWarning: The cuda.cudart module is deprecated and will be removed in a future release, please switch to use the cuda.bindings.runtime module instead.
<frozen importlib._bootstrap_external>:1301: FutureWarning: The cuda.cuda module is deprecated and will be removed in a future release, please switch to use the cuda.bindings.driver module instead.
<frozen importlib._bootstrap_external>:1301: FutureWarning: The cuda.cudart module is deprecated and will be removed in a future release, please switch to use the cuda.bindings.runtime module instead.
<frozen importlib._bootstrap_external>:1301: FutureWarning: The cuda.cuda module is deprecated and will be removed in a future release, please switch to use the cuda.bindings.driver module instead.
<frozen importlib._bootstrap_external>:1301: FutureWarning: The cuda.cudart module is deprecated and will be removed in a future release, please switch to use the cuda.bindings.runtime module instead.
/root/Triton-distributed/python/triton_dist/kernels/nvidia/comm_perf_model.py:78: UserWarning: can not get max bandwidth of interface bonding_masters, return 0...
  warnings.warn(f"can not get max bandwidth of interface {interface}, return 0...")
/root/Triton-distributed/python/triton_dist/kernels/nvidia/comm_perf_model.py:78: UserWarning: can not get max bandwidth of interface bonding_masters, return 0...
  warnings.warn(f"can not get max bandwidth of interface {interface}, return 0...")
/root/Triton-distributed/python/triton_dist/kernels/nvidia/comm_perf_model.py:78: UserWarning: can not get max bandwidth of interface bonding_masters, return 0...
  warnings.warn(f"can not get max bandwidth of interface {interface}, return 0...")
/root/Triton-distributed/python/triton_dist/kernels/nvidia/comm_perf_model.py:78: UserWarning: can not get max bandwidth of interface bonding_masters, return 0...
  warnings.warn(f"can not get max bandwidth of interface {interface}, return 0...")
[search][stage2] candidate 4/6: max_total=6.1900 ms, mean_total=5.9775 ms, speedup_mean=0.9300, speedup_min=0.9000, overlap_mean=26.42%, lead_ratio=1.000 | chunk=512, window=4, stage=4, steady_sms=6, tail_sms=16, lanes=2, bands=1, frontier=2
[custom] test shape: M 8192, N 29568, K 8192
✅ all close!
✅ all close!
✅ all close!
✅ all close!
Rank 0 [custom] latency (ms): torch_total=5.53, torch_gemm_only=3.74, torch_rs_only=2.09, v2_total=6.54, v2_gemm_only=4.85, v2_rs_only=3.32, v2_internal_overlap=20.05%, v2_speedup_vs_torch=0.85, v2_speedup_vs_old=nan, chunk_rows=512, num_chunks=4, active_chunk_window=4, stage_slots=4, comm_lanes=2, n_bands=1, frontier_chunks=2
Rank 1 [custom] latency (ms): torch_total=5.55, torch_gemm_only=3.74, torch_rs_only=2.09, v2_total=6.58, v2_gemm_only=4.87, v2_rs_only=3.38, v2_internal_overlap=20.24%, v2_speedup_vs_torch=0.84, v2_speedup_vs_old=nan, chunk_rows=512, num_chunks=4, active_chunk_window=4, stage_slots=4, comm_lanes=2, n_bands=1, frontier_chunks=2
Rank 2 [custom] latency (ms): torch_total=5.56, torch_gemm_only=3.75, torch_rs_only=2.10, v2_total=6.31, v2_gemm_only=4.86, v2_rs_only=3.43, v2_internal_overlap=23.85%, v2_speedup_vs_torch=0.88, v2_speedup_vs_old=nan, chunk_rows=512, num_chunks=4, active_chunk_window=4, stage_slots=4, comm_lanes=2, n_bands=1, frontier_chunks=2
Rank 3 [custom] latency (ms): torch_total=5.56, torch_gemm_only=3.78, torch_rs_only=2.09, v2_total=6.53, v2_gemm_only=4.89, v2_rs_only=3.42, v2_internal_overlap=21.45%, v2_speedup_vs_torch=0.85, v2_speedup_vs_old=nan, chunk_rows=512, num_chunks=4, active_chunk_window=4, stage_slots=4, comm_lanes=2, n_bands=1, frontier_chunks=2
W0828 19:42:28.160000 5474 site-packages/torch/distributed/run.py:766] 
W0828 19:42:28.160000 5474 site-packages/torch/distributed/run.py:766] *****************************************
W0828 19:42:28.160000 5474 site-packages/torch/distributed/run.py:766] Setting OMP_NUM_THREADS environment variable for each process to be 1 in default, to avoid your system being overloaded, please further tune the variable for optimal performance in your application as needed. 
W0828 19:42:28.160000 5474 site-packages/torch/distributed/run.py:766] *****************************************
<frozen importlib._bootstrap_external>:1301: FutureWarning: The cuda.cuda module is deprecated and will be removed in a future release, please switch to use the cuda.bindings.driver module instead.
<frozen importlib._bootstrap_external>:1301: FutureWarning: The cuda.cudart module is deprecated and will be removed in a future release, please switch to use the cuda.bindings.runtime module instead.
<frozen importlib._bootstrap_external>:1301: FutureWarning: The cuda.cuda module is deprecated and will be removed in a future release, please switch to use the cuda.bindings.driver module instead.
<frozen importlib._bootstrap_external>:1301: FutureWarning: The cuda.cudart module is deprecated and will be removed in a future release, please switch to use the cuda.bindings.runtime module instead.
<frozen importlib._bootstrap_external>:1301: FutureWarning: The cuda.cuda module is deprecated and will be removed in a future release, please switch to use the cuda.bindings.driver module instead.
<frozen importlib._bootstrap_external>:1301: FutureWarning: The cuda.cudart module is deprecated and will be removed in a future release, please switch to use the cuda.bindings.runtime module instead.
<frozen importlib._bootstrap_external>:1301: FutureWarning: The cuda.cuda module is deprecated and will be removed in a future release, please switch to use the cuda.bindings.driver module instead.
<frozen importlib._bootstrap_external>:1301: FutureWarning: The cuda.cudart module is deprecated and will be removed in a future release, please switch to use the cuda.bindings.runtime module instead.
/root/Triton-distributed/python/triton_dist/kernels/nvidia/comm_perf_model.py:78: UserWarning: can not get max bandwidth of interface bonding_masters, return 0...
  warnings.warn(f"can not get max bandwidth of interface {interface}, return 0...")
/root/Triton-distributed/python/triton_dist/kernels/nvidia/comm_perf_model.py:78: UserWarning: can not get max bandwidth of interface bonding_masters, return 0...
  warnings.warn(f"can not get max bandwidth of interface {interface}, return 0...")
/root/Triton-distributed/python/triton_dist/kernels/nvidia/comm_perf_model.py:78: UserWarning: can not get max bandwidth of interface bonding_masters, return 0...
  warnings.warn(f"can not get max bandwidth of interface {interface}, return 0...")
/root/Triton-distributed/python/triton_dist/kernels/nvidia/comm_perf_model.py:78: UserWarning: can not get max bandwidth of interface bonding_masters, return 0...
  warnings.warn(f"can not get max bandwidth of interface {interface}, return 0...")
[search][stage2] candidate 5/6: max_total=6.5800 ms, mean_total=6.4900 ms, speedup_mean=0.8550, speedup_min=0.8400, overlap_mean=21.40%, lead_ratio=1.000 | chunk=512, window=4, stage=4, steady_sms=4, tail_sms=16, lanes=2, bands=1, frontier=2
[custom] test shape: M 8192, N 29568, K 8192
✅ all close!
✅ all close!
✅ all close!
✅ all close!
Rank 0 [custom] latency (ms): torch_total=5.55, torch_gemm_only=3.73, torch_rs_only=1.99, v2_total=6.13, v2_gemm_only=4.84, v2_rs_only=3.12, v2_internal_overlap=23.03%, v2_speedup_vs_torch=0.91, v2_speedup_vs_old=nan, chunk_rows=512, num_chunks=4, active_chunk_window=4, stage_slots=4, comm_lanes=2, n_bands=1, frontier_chunks=2
Rank 1 [custom] latency (ms): torch_total=5.57, torch_gemm_only=3.73, torch_rs_only=2.00, v2_total=6.14, v2_gemm_only=4.83, v2_rs_only=3.26, v2_internal_overlap=24.13%, v2_speedup_vs_torch=0.91, v2_speedup_vs_old=nan, chunk_rows=512, num_chunks=4, active_chunk_window=4, stage_slots=4, comm_lanes=2, n_bands=1, frontier_chunks=2
Rank 2 [custom] latency (ms): torch_total=5.57, torch_gemm_only=3.75, torch_rs_only=2.00, v2_total=5.98, v2_gemm_only=4.86, v2_rs_only=3.24, v2_internal_overlap=26.13%, v2_speedup_vs_torch=0.93, v2_speedup_vs_old=nan, chunk_rows=512, num_chunks=4, active_chunk_window=4, stage_slots=4, comm_lanes=2, n_bands=1, frontier_chunks=2
Rank 3 [custom] latency (ms): torch_total=5.58, torch_gemm_only=3.80, torch_rs_only=1.99, v2_total=6.06, v2_gemm_only=4.93, v2_rs_only=3.28, v2_internal_overlap=26.19%, v2_speedup_vs_torch=0.92, v2_speedup_vs_old=nan, chunk_rows=512, num_chunks=4, active_chunk_window=4, stage_slots=4, comm_lanes=2, n_bands=1, frontier_chunks=2
W0828 19:42:38.946000 6125 site-packages/torch/distributed/run.py:766] 
W0828 19:42:38.946000 6125 site-packages/torch/distributed/run.py:766] *****************************************
W0828 19:42:38.946000 6125 site-packages/torch/distributed/run.py:766] Setting OMP_NUM_THREADS environment variable for each process to be 1 in default, to avoid your system being overloaded, please further tune the variable for optimal performance in your application as needed. 
W0828 19:42:38.946000 6125 site-packages/torch/distributed/run.py:766] *****************************************
<frozen importlib._bootstrap_external>:1301: FutureWarning: The cuda.cuda module is deprecated and will be removed in a future release, please switch to use the cuda.bindings.driver module instead.
<frozen importlib._bootstrap_external>:1301: FutureWarning: The cuda.cudart module is deprecated and will be removed in a future release, please switch to use the cuda.bindings.runtime module instead.
<frozen importlib._bootstrap_external>:1301: FutureWarning: The cuda.cuda module is deprecated and will be removed in a future release, please switch to use the cuda.bindings.driver module instead.
<frozen importlib._bootstrap_external>:1301: FutureWarning: The cuda.cudart module is deprecated and will be removed in a future release, please switch to use the cuda.bindings.runtime module instead.
<frozen importlib._bootstrap_external>:1301: FutureWarning: The cuda.cuda module is deprecated and will be removed in a future release, please switch to use the cuda.bindings.driver module instead.
<frozen importlib._bootstrap_external>:1301: FutureWarning: The cuda.cudart module is deprecated and will be removed in a future release, please switch to use the cuda.bindings.runtime module instead.
<frozen importlib._bootstrap_external>:1301: FutureWarning: The cuda.cuda module is deprecated and will be removed in a future release, please switch to use the cuda.bindings.driver module instead.
<frozen importlib._bootstrap_external>:1301: FutureWarning: The cuda.cudart module is deprecated and will be removed in a future release, please switch to use the cuda.bindings.runtime module instead.
/root/Triton-distributed/python/triton_dist/kernels/nvidia/comm_perf_model.py:78: UserWarning: can not get max bandwidth of interface bonding_masters, return 0...
  warnings.warn(f"can not get max bandwidth of interface {interface}, return 0...")
/root/Triton-distributed/python/triton_dist/kernels/nvidia/comm_perf_model.py:78: UserWarning: can not get max bandwidth of interface bonding_masters, return 0...
  warnings.warn(f"can not get max bandwidth of interface {interface}, return 0...")
/root/Triton-distributed/python/triton_dist/kernels/nvidia/comm_perf_model.py:78: UserWarning: can not get max bandwidth of interface bonding_masters, return 0...
  warnings.warn(f"can not get max bandwidth of interface {interface}, return 0...")
/root/Triton-distributed/python/triton_dist/kernels/nvidia/comm_perf_model.py:78: UserWarning: can not get max bandwidth of interface bonding_masters, return 0...
  warnings.warn(f"can not get max bandwidth of interface {interface}, return 0...")
[search][stage2] candidate 6/6: max_total=6.1400 ms, mean_total=6.0775 ms, speedup_mean=0.9175, speedup_min=0.9100, overlap_mean=24.87%, lead_ratio=1.000 | chunk=512, window=4, stage=4, steady_sms=6, tail_sms=12, lanes=2, bands=1, frontier=2
[search] Top Candidates
  #1: max_total=5.3500 ms, mean_total=5.3250 ms, speedup_mean=1.0475, speedup_min=1.0400, overlap_mean=34.03%, lead_ratio=2.000 | chunk=512, window=4, stage=4, steady_sms=6, tail_sms=16, lanes=2, bands=2, frontier=1
  #2: max_total=5.3800 ms, mean_total=5.3475 ms, speedup_mean=1.0400, speedup_min=1.0300, overlap_mean=34.21%, lead_ratio=2.000 | chunk=512, window=4, stage=4, steady_sms=6, tail_sms=12, lanes=2, bands=2, frontier=1
  #3: max_total=5.6600 ms, mean_total=5.6350 ms, speedup_mean=0.9850, speedup_min=0.9800, overlap_mean=30.04%, lead_ratio=2.000 | chunk=512, window=4, stage=4, steady_sms=4, tail_sms=16, lanes=2, bands=2, frontier=1
  #4: max_total=6.1400 ms, mean_total=6.0775 ms, speedup_mean=0.9175, speedup_min=0.9100, overlap_mean=24.87%, lead_ratio=1.000 | chunk=512, window=4, stage=4, steady_sms=6, tail_sms=12, lanes=2, bands=1, frontier=2
[search] best command:
torchrun --nproc_per_node 4 /root/Triton-distributed/python/triton_dist/benchmark/bench_3rdv5_frontier_windowed_panel_gemmrs.py --M 8192 --N 29568 --K 8192 --mode v2 --iters 10 --warmup_iters 5 --dtype bfloat16 --target_chunks_per_rank 2 --min_chunk_rows 512 --tail_chunk_window 1 --chunk_rows 512 --active_chunk_window 4 --stage_slots 4 --steady_sms 6 --tail_sms 16 --comm_lanes 2 --n_bands 2 --frontier_chunks 1 --profile_target v2 --no-autotune --trans_b --local_seed_direct
[search] verifying top candidate #1: chunk=512, window=4, stage=4, steady_sms=6, tail_sms=16, lanes=2, bands=2, frontier=1
[custom] test shape: M 8192, N 29568, K 8192
✅ all close!
✅ all close!
✅ all close!
✅ all close!
Rank 0 [custom] latency (ms): torch_total=5.56, torch_gemm_only=3.83, torch_rs_only=2.07, v2_total=5.40, v2_gemm_only=4.99, v2_rs_only=3.15, v2_internal_overlap=33.58%, v2_speedup_vs_torch=1.03, v2_speedup_vs_old=nan, chunk_rows=512, num_chunks=4, active_chunk_window=4, stage_slots=4, comm_lanes=2, n_bands=2, frontier_chunks=1
Rank 1 [custom] latency (ms): torch_total=5.56, torch_gemm_only=3.79, torch_rs_only=2.08, v2_total=5.38, v2_gemm_only=4.96, v2_rs_only=3.15, v2_internal_overlap=33.70%, v2_speedup_vs_torch=1.03, v2_speedup_vs_old=nan, chunk_rows=512, num_chunks=4, active_chunk_window=4, stage_slots=4, comm_lanes=2, n_bands=2, frontier_chunks=1
Rank 2 [custom] latency (ms): torch_total=5.55, torch_gemm_only=3.79, torch_rs_only=2.07, v2_total=5.33, v2_gemm_only=4.95, v2_rs_only=3.15, v2_internal_overlap=34.24%, v2_speedup_vs_torch=1.04, v2_speedup_vs_old=nan, chunk_rows=512, num_chunks=4, active_chunk_window=4, stage_slots=4, comm_lanes=2, n_bands=2, frontier_chunks=1
Rank 3 [custom] latency (ms): torch_total=5.59, torch_gemm_only=3.88, torch_rs_only=2.08, v2_total=5.46, v2_gemm_only=5.04, v2_rs_only=3.16, v2_internal_overlap=33.40%, v2_speedup_vs_torch=1.02, v2_speedup_vs_old=nan, chunk_rows=512, num_chunks=4, active_chunk_window=4, stage_slots=4, comm_lanes=2, n_bands=2, frontier_chunks=1
W0828 19:42:49.973000 6778 site-packages/torch/distributed/run.py:766] 
W0828 19:42:49.973000 6778 site-packages/torch/distributed/run.py:766] *****************************************
W0828 19:42:49.973000 6778 site-packages/torch/distributed/run.py:766] Setting OMP_NUM_THREADS environment variable for each process to be 1 in default, to avoid your system being overloaded, please further tune the variable for optimal performance in your application as needed. 
W0828 19:42:49.973000 6778 site-packages/torch/distributed/run.py:766] *****************************************
<frozen importlib._bootstrap_external>:1301: FutureWarning: The cuda.cuda module is deprecated and will be removed in a future release, please switch to use the cuda.bindings.driver module instead.
<frozen importlib._bootstrap_external>:1301: FutureWarning: The cuda.cudart module is deprecated and will be removed in a future release, please switch to use the cuda.bindings.runtime module instead.
<frozen importlib._bootstrap_external>:1301: FutureWarning: The cuda.cuda module is deprecated and will be removed in a future release, please switch to use the cuda.bindings.driver module instead.
<frozen importlib._bootstrap_external>:1301: FutureWarning: The cuda.cudart module is deprecated and will be removed in a future release, please switch to use the cuda.bindings.runtime module instead.
<frozen importlib._bootstrap_external>:1301: FutureWarning: The cuda.cuda module is deprecated and will be removed in a future release, please switch to use the cuda.bindings.driver module instead.
<frozen importlib._bootstrap_external>:1301: FutureWarning: The cuda.cudart module is deprecated and will be removed in a future release, please switch to use the cuda.bindings.runtime module instead.
<frozen importlib._bootstrap_external>:1301: FutureWarning: The cuda.cuda module is deprecated and will be removed in a future release, please switch to use the cuda.bindings.driver module instead.
<frozen importlib._bootstrap_external>:1301: FutureWarning: The cuda.cudart module is deprecated and will be removed in a future release, please switch to use the cuda.bindings.runtime module instead.
/root/Triton-distributed/python/triton_dist/kernels/nvidia/comm_perf_model.py:78: UserWarning: can not get max bandwidth of interface bonding_masters, return 0...
  warnings.warn(f"can not get max bandwidth of interface {interface}, return 0...")
/root/Triton-distributed/python/triton_dist/kernels/nvidia/comm_perf_model.py:78: UserWarning: can not get max bandwidth of interface bonding_masters, return 0...
  warnings.warn(f"can not get max bandwidth of interface {interface}, return 0...")
/root/Triton-distributed/python/triton_dist/kernels/nvidia/comm_perf_model.py:78: UserWarning: can not get max bandwidth of interface bonding_masters, return 0...
  warnings.warn(f"can not get max bandwidth of interface {interface}, return 0...")
/root/Triton-distributed/python/triton_dist/kernels/nvidia/comm_perf_model.py:78: UserWarning: can not get max bandwidth of interface bonding_masters, return 0...
  warnings.warn(f"can not get max bandwidth of interface {interface}, return 0...")
[search] verifying top candidate #2: chunk=512, window=4, stage=4, steady_sms=6, tail_sms=12, lanes=2, bands=2, frontier=1
[custom] test shape: M 8192, N 29568, K 8192
✅ all close!
✅ all close!
✅ all close!
✅ all close!
Rank 0 [custom] latency (ms): torch_total=5.58, torch_gemm_only=3.81, torch_rs_only=2.06, v2_total=5.42, v2_gemm_only=5.00, v2_rs_only=3.21, v2_internal_overlap=33.98%, v2_speedup_vs_torch=1.03, v2_speedup_vs_old=nan, chunk_rows=512, num_chunks=4, active_chunk_window=4, stage_slots=4, comm_lanes=2, n_bands=2, frontier_chunks=1
Rank 1 [custom] latency (ms): torch_total=5.57, torch_gemm_only=3.84, torch_rs_only=2.06, v2_total=5.42, v2_gemm_only=4.96, v2_rs_only=3.16, v2_internal_overlap=33.22%, v2_speedup_vs_torch=1.03, v2_speedup_vs_old=nan, chunk_rows=512, num_chunks=4, active_chunk_window=4, stage_slots=4, comm_lanes=2, n_bands=2, frontier_chunks=1
Rank 2 [custom] latency (ms): torch_total=5.56, torch_gemm_only=3.80, torch_rs_only=2.07, v2_total=5.37, v2_gemm_only=4.97, v2_rs_only=3.15, v2_internal_overlap=33.91%, v2_speedup_vs_torch=1.04, v2_speedup_vs_old=nan, chunk_rows=512, num_chunks=4, active_chunk_window=4, stage_slots=4, comm_lanes=2, n_bands=2, frontier_chunks=1
Rank 3 [custom] latency (ms): torch_total=5.59, torch_gemm_only=3.93, torch_rs_only=2.06, v2_total=5.48, v2_gemm_only=5.08, v2_rs_only=3.17, v2_internal_overlap=33.61%, v2_speedup_vs_torch=1.02, v2_speedup_vs_old=nan, chunk_rows=512, num_chunks=4, active_chunk_window=4, stage_slots=4, comm_lanes=2, n_bands=2, frontier_chunks=1
W0828 19:43:01.167000 7953 site-packages/torch/distributed/run.py:766] 
W0828 19:43:01.167000 7953 site-packages/torch/distributed/run.py:766] *****************************************
W0828 19:43:01.167000 7953 site-packages/torch/distributed/run.py:766] Setting OMP_NUM_THREADS environment variable for each process to be 1 in default, to avoid your system being overloaded, please further tune the variable for optimal performance in your application as needed. 
W0828 19:43:01.167000 7953 site-packages/torch/distributed/run.py:766] *****************************************
<frozen importlib._bootstrap_external>:1301: FutureWarning: The cuda.cuda module is deprecated and will be removed in a future release, please switch to use the cuda.bindings.driver module instead.
<frozen importlib._bootstrap_external>:1301: FutureWarning: The cuda.cudart module is deprecated and will be removed in a future release, please switch to use the cuda.bindings.runtime module instead.
<frozen importlib._bootstrap_external>:1301: FutureWarning: The cuda.cuda module is deprecated and will be removed in a future release, please switch to use the cuda.bindings.driver module instead.
<frozen importlib._bootstrap_external>:1301: FutureWarning: The cuda.cudart module is deprecated and will be removed in a future release, please switch to use the cuda.bindings.runtime module instead.
<frozen importlib._bootstrap_external>:1301: FutureWarning: The cuda.cuda module is deprecated and will be removed in a future release, please switch to use the cuda.bindings.driver module instead.
<frozen importlib._bootstrap_external>:1301: FutureWarning: The cuda.cudart module is deprecated and will be removed in a future release, please switch to use the cuda.bindings.runtime module instead.
<frozen importlib._bootstrap_external>:1301: FutureWarning: The cuda.cuda module is deprecated and will be removed in a future release, please switch to use the cuda.bindings.driver module instead.
<frozen importlib._bootstrap_external>:1301: FutureWarning: The cuda.cudart module is deprecated and will be removed in a future release, please switch to use the cuda.bindings.runtime module instead.
/root/Triton-distributed/python/triton_dist/kernels/nvidia/comm_perf_model.py:78: UserWarning: can not get max bandwidth of interface bonding_masters, return 0...
  warnings.warn(f"can not get max bandwidth of interface {interface}, return 0...")
/root/Triton-distributed/python/triton_dist/kernels/nvidia/comm_perf_model.py:78: UserWarning: can not get max bandwidth of interface bonding_masters, return 0...
  warnings.warn(f"can not get max bandwidth of interface {interface}, return 0...")
/root/Triton-distributed/python/triton_dist/kernels/nvidia/comm_perf_model.py:78: UserWarning: can not get max bandwidth of interface bonding_masters, return 0...
  warnings.warn(f"can not get max bandwidth of interface {interface}, return 0...")
/root/Triton-distributed/python/triton_dist/kernels/nvidia/comm_perf_model.py:78: UserWarning: can not get max bandwidth of interface bonding_masters, return 0...
  warnings.warn(f"can not get max bandwidth of interface {interface}, return 0...")
[search] verifying top candidate #3: chunk=512, window=4, stage=4, steady_sms=4, tail_sms=16, lanes=2, bands=2, frontier=1
[custom] test shape: M 8192, N 29568, K 8192
✅ all close!
✅ all close!
✅ all close!
✅ all close!
Rank 0 [custom] latency (ms): torch_total=5.59, torch_gemm_only=3.79, torch_rs_only=2.04, v2_total=5.63, v2_gemm_only=4.99, v2_rs_only=3.17, v2_internal_overlap=30.93%, v2_speedup_vs_torch=0.99, v2_speedup_vs_old=nan, chunk_rows=512, num_chunks=4, active_chunk_window=4, stage_slots=4, comm_lanes=2, n_bands=2, frontier_chunks=1
Rank 1 [custom] latency (ms): torch_total=5.58, torch_gemm_only=3.82, torch_rs_only=2.06, v2_total=5.68, v2_gemm_only=4.99, v2_rs_only=3.19, v2_internal_overlap=30.59%, v2_speedup_vs_torch=0.98, v2_speedup_vs_old=nan, chunk_rows=512, num_chunks=4, active_chunk_window=4, stage_slots=4, comm_lanes=2, n_bands=2, frontier_chunks=1
Rank 2 [custom] latency (ms): torch_total=5.55, torch_gemm_only=3.73, torch_rs_only=2.06, v2_total=5.63, v2_gemm_only=4.97, v2_rs_only=3.20, v2_internal_overlap=31.06%, v2_speedup_vs_torch=0.99, v2_speedup_vs_old=nan, chunk_rows=512, num_chunks=4, active_chunk_window=4, stage_slots=4, comm_lanes=2, n_bands=2, frontier_chunks=1
Rank 3 [custom] latency (ms): torch_total=5.61, torch_gemm_only=3.91, torch_rs_only=2.06, v2_total=5.66, v2_gemm_only=5.06, v2_rs_only=3.17, v2_internal_overlap=31.19%, v2_speedup_vs_torch=0.99, v2_speedup_vs_old=nan, chunk_rows=512, num_chunks=4, active_chunk_window=4, stage_slots=4, comm_lanes=2, n_bands=2, frontier_chunks=1
W0828 19:43:12.306000 9113 site-packages/torch/distributed/run.py:766] 
W0828 19:43:12.306000 9113 site-packages/torch/distributed/run.py:766] *****************************************
W0828 19:43:12.306000 9113 site-packages/torch/distributed/run.py:766] Setting OMP_NUM_THREADS environment variable for each process to be 1 in default, to avoid your system being overloaded, please further tune the variable for optimal performance in your application as needed. 
W0828 19:43:12.306000 9113 site-packages/torch/distributed/run.py:766] *****************************************
<frozen importlib._bootstrap_external>:1301: FutureWarning: The cuda.cuda module is deprecated and will be removed in a future release, please switch to use the cuda.bindings.driver module instead.
<frozen importlib._bootstrap_external>:1301: FutureWarning: The cuda.cudart module is deprecated and will be removed in a future release, please switch to use the cuda.bindings.runtime module instead.
<frozen importlib._bootstrap_external>:1301: FutureWarning: The cuda.cuda module is deprecated and will be removed in a future release, please switch to use the cuda.bindings.driver module instead.
<frozen importlib._bootstrap_external>:1301: FutureWarning: The cuda.cudart module is deprecated and will be removed in a future release, please switch to use the cuda.bindings.runtime module instead.
<frozen importlib._bootstrap_external>:1301: FutureWarning: The cuda.cuda module is deprecated and will be removed in a future release, please switch to use the cuda.bindings.driver module instead.
<frozen importlib._bootstrap_external>:1301: FutureWarning: The cuda.cudart module is deprecated and will be removed in a future release, please switch to use the cuda.bindings.runtime module instead.
<frozen importlib._bootstrap_external>:1301: FutureWarning: The cuda.cuda module is deprecated and will be removed in a future release, please switch to use the cuda.bindings.driver module instead.
<frozen importlib._bootstrap_external>:1301: FutureWarning: The cuda.cudart module is deprecated and will be removed in a future release, please switch to use the cuda.bindings.runtime module instead.
/root/Triton-distributed/python/triton_dist/kernels/nvidia/comm_perf_model.py:78: UserWarning: can not get max bandwidth of interface bonding_masters, return 0...
  warnings.warn(f"can not get max bandwidth of interface {interface}, return 0...")
/root/Triton-distributed/python/triton_dist/kernels/nvidia/comm_perf_model.py:78: UserWarning: can not get max bandwidth of interface bonding_masters, return 0...
  warnings.warn(f"can not get max bandwidth of interface {interface}, return 0...")
/root/Triton-distributed/python/triton_dist/kernels/nvidia/comm_perf_model.py:78: UserWarning: can not get max bandwidth of interface bonding_masters, return 0...
  warnings.warn(f"can not get max bandwidth of interface {interface}, return 0...")
/root/Triton-distributed/python/triton_dist/kernels/nvidia/comm_perf_model.py:78: UserWarning: can not get max bandwidth of interface bonding_masters, return 0...
  warnings.warn(f"can not get max bandwidth of interface {interface}, return 0...")
[search] Verified Top Candidates
  #1: max_total=5.4600 ms, mean_total=5.3925 ms, speedup_mean=1.0300, speedup_min=1.0200, overlap_mean=33.73%, lead_ratio=2.000 | chunk=512, window=4, stage=4, steady_sms=6, tail_sms=16, lanes=2, bands=2, frontier=1
  #2: max_total=5.4800 ms, mean_total=5.4225 ms, speedup_mean=1.0300, speedup_min=1.0200, overlap_mean=33.68%, lead_ratio=2.000 | chunk=512, window=4, stage=4, steady_sms=6, tail_sms=12, lanes=2, bands=2, frontier=1
  #3: max_total=5.6800 ms, mean_total=5.6500 ms, speedup_mean=0.9875, speedup_min=0.9800, overlap_mean=30.94%, lead_ratio=2.000 | chunk=512, window=4, stage=4, steady_sms=4, tail_sms=16, lanes=2, bands=2, frontier=1
