W0901 16:15:37.002000 6571 site-packages/torch/distributed/run.py:766] 
W0901 16:15:37.002000 6571 site-packages/torch/distributed/run.py:766] *****************************************
W0901 16:15:37.002000 6571 site-packages/torch/distributed/run.py:766] Setting OMP_NUM_THREADS environment variable for each process to be 1 in default, to avoid your system being overloaded, please further tune the variable for optimal performance in your application as needed. 
W0901 16:15:37.002000 6571 site-packages/torch/distributed/run.py:766] *****************************************
<frozen importlib._bootstrap_external>:1301: FutureWarning: The cuda.cuda module is deprecated and will be removed in a future release, please switch to use the cuda.bindings.driver module instead.
<frozen importlib._bootstrap_external>:1301: FutureWarning: The cuda.cudart module is deprecated and will be removed in a future release, please switch to use the cuda.bindings.runtime module instead.
<frozen importlib._bootstrap_external>:1301: FutureWarning: The cuda.cuda module is deprecated and will be removed in a future release, please switch to use the cuda.bindings.driver module instead.
<frozen importlib._bootstrap_external>:1301: FutureWarning: The cuda.cudart module is deprecated and will be removed in a future release, please switch to use the cuda.bindings.runtime module instead.
<frozen importlib._bootstrap_external>:1301: FutureWarning: The cuda.cuda module is deprecated and will be removed in a future release, please switch to use the cuda.bindings.driver module instead.
<frozen importlib._bootstrap_external>:1301: FutureWarning: The cuda.cudart module is deprecated and will be removed in a future release, please switch to use the cuda.bindings.runtime module instead.
<frozen importlib._bootstrap_external>:1301: FutureWarning: The cuda.cuda module is deprecated and will be removed in a future release, please switch to use the cuda.bindings.driver module instead.
<frozen importlib._bootstrap_external>:1301: FutureWarning: The cuda.cudart module is deprecated and will be removed in a future release, please switch to use the cuda.bindings.runtime module instead.
Loading model from pre-trained weights. This may take a while...
`torch_dtype` is deprecated! Use `dtype` instead!
Loading model from pre-trained weights. This may take a while...
`torch_dtype` is deprecated! Use `dtype` instead!
Loading model from pre-trained weights. This may take a while...
`torch_dtype` is deprecated! Use `dtype` instead!
Loading model from pre-trained weights. This may take a while...
`torch_dtype` is deprecated! Use `dtype` instead!
Loading checkpoint shards:   0%|                                                                                                                                         | 0/30 [00:00<?, ?it/s]Loading checkpoint shards:   0%|                                                                                                                                         | 0/30 [00:00<?, ?it/s]Loading checkpoint shards:   0%|                                                                                                                                         | 0/30 [00:00<?, ?it/s]Loading checkpoint shards:   0%|                                                                                                                                         | 0/30 [00:00<?, ?it/s]Loading checkpoint shards: 100%|███████████████████████████████████████████████████████████████████████████████████████████████████████████████████████████████| 30/30 [00:00<00:00, 323.34it/s]
Loading checkpoint shards: 100%|███████████████████████████████████████████████████████████████████████████████████████████████████████████████████████████████| 30/30 [00:00<00:00, 333.01it/s]
Loading checkpoint shards: 100%|███████████████████████████████████████████████████████████████████████████████████████████████████████████████████████████████| 30/30 [00:00<00:00, 336.64it/s]
Loading checkpoint shards: 100%|███████████████████████████████████████████████████████████████████████████████████████████████████████████████████████████████| 30/30 [00:00<00:00, 321.49it/s]
[RANK 2] MLP initialized with parameters: gate_up_proj shape: torch.Size([14336, 8192]), down_proj shape: torch.Size([8192, 7168])
[RANK 3] MLP initialized with parameters: gate_up_proj shape: torch.Size([14336, 8192]), down_proj shape: torch.Size([8192, 7168])
[RANK 0] MLP initialized with parameters: gate_up_proj shape: torch.Size([14336, 8192]), down_proj shape: torch.Size([8192, 7168])
[RANK 1] MLP initialized with parameters: gate_up_proj shape: torch.Size([14336, 8192]), down_proj shape: torch.Size([8192, 7168])
✅ all close!
✅ all close!
✅ all close!
✅ all close!
/root/Triton-distributed/python/triton_dist/kernels/nvidia/comm_perf_model.py:78: UserWarning: can not get max bandwidth of interface bonding_masters, return 0...
  warnings.warn(f"can not get max bandwidth of interface {interface}, return 0...")
/root/Triton-distributed/python/triton_dist/kernels/nvidia/comm_perf_model.py:78: UserWarning: can not get max bandwidth of interface bonding_masters, return 0...
  warnings.warn(f"can not get max bandwidth of interface {interface}, return 0...")
/root/Triton-distributed/python/triton_dist/kernels/nvidia/comm_perf_model.py:78: UserWarning: can not get max bandwidth of interface bonding_masters, return 0...
  warnings.warn(f"can not get max bandwidth of interface {interface}, return 0...")
/root/Triton-distributed/python/triton_dist/kernels/nvidia/comm_perf_model.py:78: UserWarning: can not get max bandwidth of interface bonding_masters, return 0...
  warnings.warn(f"can not get max bandwidth of interface {interface}, return 0...")
✅ all close!
✅ all close!
✅ all close!
shape of x: torch.Size([2048, 8192])
shape of y: torch.Size([2048, 8192])
x:
tensor([[ 0.11, -0.75,  0.03,  ..., -0.30, -0.25,  0.10],
        [-0.01, -0.30, -0.04,  ..., -0.12,  0.05,  0.01],
        [-0.10, -0.71,  0.11,  ..., -0.25, -0.26,  0.08],
        ...,
        [-0.02, -0.07,  0.04,  ..., -0.02,  0.02, -0.01],
        [ 0.15, -1.12,  0.19,  ..., -0.54, -0.34,  0.20],
        [ 0.05, -0.25, -0.03,  ..., -0.08, -0.05, -0.01]], device='cuda:0',
       dtype=torch.bfloat16)
y:
tensor([[ 0.11, -0.75,  0.03,  ..., -0.30, -0.25,  0.10],
        [-0.01, -0.30, -0.04,  ..., -0.12,  0.05,  0.01],
        [-0.10, -0.71,  0.11,  ..., -0.25, -0.26,  0.08],
        ...,
        [-0.02, -0.07,  0.04,  ..., -0.02,  0.02, -0.01],
        [ 0.15, -1.12,  0.19,  ..., -0.54, -0.34,  0.20],
        [ 0.05, -0.25, -0.03,  ..., -0.08, -0.05, -0.01]], device='cuda:0',
       dtype=torch.bfloat16)
x-y tensor([[ 9.77e-04,  0.00e+00,  2.32e-03,  ...,  0.00e+00, -1.95e-03,
          9.77e-04],
        [ 6.10e-05,  0.00e+00, -4.88e-04,  ...,  0.00e+00, -2.44e-04,
          5.49e-04],
        [ 4.88e-04,  3.91e-03, -4.88e-04,  ...,  9.77e-04,  0.00e+00,
          4.88e-04],
        ...,
        [ 1.22e-04,  0.00e+00,  0.00e+00,  ...,  0.00e+00,  0.00e+00,
          0.00e+00],
        [ 9.77e-04,  0.00e+00,  9.77e-04,  ...,  0.00e+00,  0.00e+00,
         -9.77e-04],
        [-2.44e-04, -9.77e-04,  0.00e+00,  ...,  0.00e+00,  0.00e+00,
          3.05e-04]], device='cuda:0', dtype=torch.bfloat16)
x@diff:
tensor([0.01], device='cuda:0', dtype=torch.bfloat16)
y@diff:
tensor([-0.02], device='cuda:0', dtype=torch.bfloat16)
diff count: 1 (0.000%), [2048, 8192]
diff max: 0.25, atol: 0.02, rtol_abs: 1.7553247744217515e-10
diff locations:
tensor([[ 471, 7378]], device='cuda:0')
--------------------------------------------------------------

[rank0]: Traceback (most recent call last):
[rank0]:   File "/root/Triton-distributed/python/triton_dist/test/nvidia/test_tp_mlp_innov.py", line 265, in <module>
[rank0]:     assert_allclose(out_triton, out_golden, atol=ATOL, rtol=RTOL)
[rank0]:   File "/root/Triton-distributed/python/triton_dist/test/utils.py", line 90, in assert_allclose
[rank0]:     raise RuntimeError
[rank0]: RuntimeError
[rank0]: Traceback (most recent call last):
[rank0]:   File "/root/miniconda3/lib/python3.12/weakref.py", line 666, in _exitfunc
[rank0]:     f()
[rank0]:   File "/root/miniconda3/lib/python3.12/weakref.py", line 590, in __call__
[rank0]:     return info.func(*info.args, **(info.kwargs or {}))
[rank0]:            ^^^^^^^^^^^^^^^^^^^^^^^^^^^^^^^^^^^^^^^^^^^^
[rank0]:   File "/root/miniconda3/lib/python3.12/site-packages/cuda/core/experimental/_memory.py", line 57, in close
[rank0]:     self.mr.deallocate(self.ptr, self.size, stream)
[rank0]:   File "/root/miniconda3/lib/python3.12/site-packages/nvshmem/core/nvshmem_types.py", line 149, in deallocate
[rank0]:     raise NvshmemError(f'Buffer {self._mem_references[ptr]["buffer"]} freed implicitly.')
[rank0]: nvshmem.core.nvshmem_types.NvshmemError: Buffer <cuda.core.experimental._memory.Buffer object at 0x7f5a3ebb4350> freed implicitly.
[rank0]: Traceback (most recent call last):
[rank0]:   File "/root/miniconda3/lib/python3.12/weakref.py", line 666, in _exitfunc
[rank0]:     f()
[rank0]:   File "/root/miniconda3/lib/python3.12/weakref.py", line 590, in __call__
[rank0]:     return info.func(*info.args, **(info.kwargs or {}))
[rank0]:            ^^^^^^^^^^^^^^^^^^^^^^^^^^^^^^^^^^^^^^^^^^^^
[rank0]:   File "/root/miniconda3/lib/python3.12/site-packages/cuda/core/experimental/_memory.py", line 57, in close
[rank0]:     self.mr.deallocate(self.ptr, self.size, stream)
[rank0]:   File "/root/miniconda3/lib/python3.12/site-packages/nvshmem/core/nvshmem_types.py", line 149, in deallocate
[rank0]:     raise NvshmemError(f'Buffer {self._mem_references[ptr]["buffer"]} freed implicitly.')
[rank0]: nvshmem.core.nvshmem_types.NvshmemError: Buffer <cuda.core.experimental._memory.Buffer object at 0x7f5cb427bfd0> freed implicitly.
[rank0]: Traceback (most recent call last):
[rank0]:   File "/root/miniconda3/lib/python3.12/weakref.py", line 666, in _exitfunc
[rank0]:     f()
[rank0]:   File "/root/miniconda3/lib/python3.12/weakref.py", line 590, in __call__
[rank0]:     return info.func(*info.args, **(info.kwargs or {}))
[rank0]:            ^^^^^^^^^^^^^^^^^^^^^^^^^^^^^^^^^^^^^^^^^^^^
[rank0]:   File "/root/miniconda3/lib/python3.12/site-packages/cuda/core/experimental/_memory.py", line 57, in close
[rank0]:     self.mr.deallocate(self.ptr, self.size, stream)
[rank0]:   File "/root/miniconda3/lib/python3.12/site-packages/nvshmem/core/nvshmem_types.py", line 149, in deallocate
[rank0]:     raise NvshmemError(f'Buffer {self._mem_references[ptr]["buffer"]} freed implicitly.')
[rank0]: nvshmem.core.nvshmem_types.NvshmemError: Buffer <cuda.core.experimental._memory.Buffer object at 0x7f5a3ebb5c50> freed implicitly.
[rank0]: Traceback (most recent call last):
[rank0]:   File "/root/miniconda3/lib/python3.12/weakref.py", line 666, in _exitfunc
[rank0]:     f()
[rank0]:   File "/root/miniconda3/lib/python3.12/weakref.py", line 590, in __call__
[rank0]:     return info.func(*info.args, **(info.kwargs or {}))
[rank0]:            ^^^^^^^^^^^^^^^^^^^^^^^^^^^^^^^^^^^^^^^^^^^^
[rank0]:   File "/root/miniconda3/lib/python3.12/site-packages/cuda/core/experimental/_memory.py", line 57, in close
[rank0]:     self.mr.deallocate(self.ptr, self.size, stream)
[rank0]:   File "/root/miniconda3/lib/python3.12/site-packages/nvshmem/core/nvshmem_types.py", line 149, in deallocate
[rank0]:     raise NvshmemError(f'Buffer {self._mem_references[ptr]["buffer"]} freed implicitly.')
[rank0]: nvshmem.core.nvshmem_types.NvshmemError: Buffer <cuda.core.experimental._memory.Buffer object at 0x7f5a7ff1e610> freed implicitly.
[rank0]: Traceback (most recent call last):
[rank0]:   File "/root/miniconda3/lib/python3.12/weakref.py", line 666, in _exitfunc
[rank0]:     f()
[rank0]:   File "/root/miniconda3/lib/python3.12/weakref.py", line 590, in __call__
[rank0]:     return info.func(*info.args, **(info.kwargs or {}))
[rank0]:            ^^^^^^^^^^^^^^^^^^^^^^^^^^^^^^^^^^^^^^^^^^^^
[rank0]:   File "/root/miniconda3/lib/python3.12/site-packages/cuda/core/experimental/_memory.py", line 57, in close
[rank0]:     self.mr.deallocate(self.ptr, self.size, stream)
[rank0]:   File "/root/miniconda3/lib/python3.12/site-packages/nvshmem/core/nvshmem_types.py", line 149, in deallocate
[rank0]:     raise NvshmemError(f'Buffer {self._mem_references[ptr]["buffer"]} freed implicitly.')
[rank0]: nvshmem.core.nvshmem_types.NvshmemError: Buffer <cuda.core.experimental._memory.Buffer object at 0x7f5a7ff58ad0> freed implicitly.
[rank0]: Traceback (most recent call last):
[rank0]:   File "/root/miniconda3/lib/python3.12/weakref.py", line 666, in _exitfunc
[rank0]:     f()
[rank0]:   File "/root/miniconda3/lib/python3.12/weakref.py", line 590, in __call__
[rank0]:     return info.func(*info.args, **(info.kwargs or {}))
[rank0]:            ^^^^^^^^^^^^^^^^^^^^^^^^^^^^^^^^^^^^^^^^^^^^
[rank0]:   File "/root/miniconda3/lib/python3.12/site-packages/cuda/core/experimental/_memory.py", line 57, in close
[rank0]:     self.mr.deallocate(self.ptr, self.size, stream)
[rank0]:   File "/root/miniconda3/lib/python3.12/site-packages/nvshmem/core/nvshmem_types.py", line 149, in deallocate
[rank0]:     raise NvshmemError(f'Buffer {self._mem_references[ptr]["buffer"]} freed implicitly.')
[rank0]: nvshmem.core.nvshmem_types.NvshmemError: Buffer <cuda.core.experimental._memory.Buffer object at 0x7f5a7ff06190> freed implicitly.
[rank0]:[W901 16:15:53.445280656 ProcessGroupNCCL.cpp:1476] Warning: WARNING: destroy_process_group() was not called before program exit, which can leak resources. For more info, please see https://pytorch.org/docs/stable/distributed.html#shutdown (function operator())
[rank1]: Traceback (most recent call last):
[rank1]:   File "/root/Triton-distributed/python/triton_dist/test/nvidia/test_tp_mlp_innov.py", line 267, in <module>
[rank1]:     dist_print(f"CORRECTNESS CHECK PASSED: mlp_{args.mode}", need_sync=True, allowed_ranks=[0])
[rank1]:   File "/root/Triton-distributed/python/triton_dist/utils.py", line 403, in dist_print
[rank1]:     distributed_barrier()
[rank1]:   File "/root/Triton-distributed/python/triton_dist/utils.py", line 172, in distributed_barrier
[rank1]:     torch.distributed.barrier(**barrier_kwargs)
[rank1]:   File "/root/miniconda3/lib/python3.12/site-packages/torch/distributed/c10d_logger.py", line 81, in wrapper
[rank1]:     return func(*args, **kwargs)
[rank1]:            ^^^^^^^^^^^^^^^^^^^^^
[rank1]:   File "/root/miniconda3/lib/python3.12/site-packages/torch/distributed/distributed_c10d.py", line 4627, in barrier
[rank1]:     work.wait()
[rank1]: RuntimeError: [/pytorch/third_party/gloo/gloo/transport/tcp/pair.cc:534] Connection closed by peer [10.233.70.133]:57552
[rank1]: Traceback (most recent call last):
[rank1]:   File "/root/miniconda3/lib/python3.12/weakref.py", line 666, in _exitfunc
[rank1]:     f()
[rank1]:   File "/root/miniconda3/lib/python3.12/weakref.py", line 590, in __call__
[rank1]:     return info.func(*info.args, **(info.kwargs or {}))
[rank1]:            ^^^^^^^^^^^^^^^^^^^^^^^^^^^^^^^^^^^^^^^^^^^^
[rank1]:   File "/root/miniconda3/lib/python3.12/site-packages/cuda/core/experimental/_memory.py", line 57, in close
[rank1]:     self.mr.deallocate(self.ptr, self.size, stream)
[rank1]:   File "/root/miniconda3/lib/python3.12/site-packages/nvshmem/core/nvshmem_types.py", line 149, in deallocate
[rank1]:     raise NvshmemError(f'Buffer {self._mem_references[ptr]["buffer"]} freed implicitly.')
[rank1]: nvshmem.core.nvshmem_types.NvshmemError: Buffer <cuda.core.experimental._memory.Buffer object at 0x7f9cd8fe04d0> freed implicitly.
[rank1]: Traceback (most recent call last):
[rank1]:   File "/root/miniconda3/lib/python3.12/weakref.py", line 666, in _exitfunc
[rank1]:     f()
[rank1]:   File "/root/miniconda3/lib/python3.12/weakref.py", line 590, in __call__
[rank1]:     return info.func(*info.args, **(info.kwargs or {}))
[rank1]:            ^^^^^^^^^^^^^^^^^^^^^^^^^^^^^^^^^^^^^^^^^^^^
[rank1]:   File "/root/miniconda3/lib/python3.12/site-packages/cuda/core/experimental/_memory.py", line 57, in close
[rank1]:     self.mr.deallocate(self.ptr, self.size, stream)
[rank1]:   File "/root/miniconda3/lib/python3.12/site-packages/nvshmem/core/nvshmem_types.py", line 149, in deallocate
[rank1]:     raise NvshmemError(f'Buffer {self._mem_references[ptr]["buffer"]} freed implicitly.')
[rank1]: nvshmem.core.nvshmem_types.NvshmemError: Buffer <cuda.core.experimental._memory.Buffer object at 0x7f9cd8fb5b90> freed implicitly.
[rank1]: Traceback (most recent call last):
[rank1]:   File "/root/miniconda3/lib/python3.12/weakref.py", line 666, in _exitfunc
[rank1]:     f()
[rank1]:   File "/root/miniconda3/lib/python3.12/weakref.py", line 590, in __call__
[rank1]:     return info.func(*info.args, **(info.kwargs or {}))
[rank1]:            ^^^^^^^^^^^^^^^^^^^^^^^^^^^^^^^^^^^^^^^^^^^^
[rank1]:   File "/root/miniconda3/lib/python3.12/site-packages/cuda/core/experimental/_memory.py", line 57, in close
[rank1]:     self.mr.deallocate(self.ptr, self.size, stream)
[rank1]:   File "/root/miniconda3/lib/python3.12/site-packages/nvshmem/core/nvshmem_types.py", line 149, in deallocate
[rank1]:     raise NvshmemError(f'Buffer {self._mem_references[ptr]["buffer"]} freed implicitly.')
[rank1]: nvshmem.core.nvshmem_types.NvshmemError: Buffer <cuda.core.experimental._memory.Buffer object at 0x7f9cd8fbe510> freed implicitly.
[rank1]: Traceback (most recent call last):
[rank1]:   File "/root/miniconda3/lib/python3.12/weakref.py", line 666, in _exitfunc
[rank1]:     f()
[rank1]:   File "/root/miniconda3/lib/python3.12/weakref.py", line 590, in __call__
[rank1]:     return info.func(*info.args, **(info.kwargs or {}))
[rank1]:            ^^^^^^^^^^^^^^^^^^^^^^^^^^^^^^^^^^^^^^^^^^^^
[rank1]:   File "/root/miniconda3/lib/python3.12/site-packages/cuda/core/experimental/_memory.py", line 57, in close
[rank1]:     self.mr.deallocate(self.ptr, self.size, stream)
[rank1]:   File "/root/miniconda3/lib/python3.12/site-packages/nvshmem/core/nvshmem_types.py", line 149, in deallocate
[rank1]:     raise NvshmemError(f'Buffer {self._mem_references[ptr]["buffer"]} freed implicitly.')
[rank1]: nvshmem.core.nvshmem_types.NvshmemError: Buffer <cuda.core.experimental._memory.Buffer object at 0x7f9d3c176cd0> freed implicitly.
[rank1]: Traceback (most recent call last):
[rank1]:   File "/root/miniconda3/lib/python3.12/weakref.py", line 666, in _exitfunc
[rank1]:     f()
[rank1]:   File "/root/miniconda3/lib/python3.12/weakref.py", line 590, in __call__
[rank1]:     return info.func(*info.args, **(info.kwargs or {}))
[rank1]:            ^^^^^^^^^^^^^^^^^^^^^^^^^^^^^^^^^^^^^^^^^^^^
[rank1]:   File "/root/miniconda3/lib/python3.12/site-packages/cuda/core/experimental/_memory.py", line 57, in close
[rank1]:     self.mr.deallocate(self.ptr, self.size, stream)
[rank1]:   File "/root/miniconda3/lib/python3.12/site-packages/nvshmem/core/nvshmem_types.py", line 149, in deallocate
[rank1]:     raise NvshmemError(f'Buffer {self._mem_references[ptr]["buffer"]} freed implicitly.')
[rank1]: nvshmem.core.nvshmem_types.NvshmemError: Buffer <cuda.core.experimental._memory.Buffer object at 0x7f9d841ecc10> freed implicitly.
[rank1]: Traceback (most recent call last):
[rank1]:   File "/root/miniconda3/lib/python3.12/weakref.py", line 666, in _exitfunc
[rank1]:     f()
[rank1]:   File "/root/miniconda3/lib/python3.12/weakref.py", line 590, in __call__
[rank1]:     return info.func(*info.args, **(info.kwargs or {}))
[rank1]:            ^^^^^^^^^^^^^^^^^^^^^^^^^^^^^^^^^^^^^^^^^^^^
[rank1]:   File "/root/miniconda3/lib/python3.12/site-packages/cuda/core/experimental/_memory.py", line 57, in close
[rank1]:     self.mr.deallocate(self.ptr, self.size, stream)
[rank1]:   File "/root/miniconda3/lib/python3.12/site-packages/nvshmem/core/nvshmem_types.py", line 149, in deallocate
[rank1]:     raise NvshmemError(f'Buffer {self._mem_references[ptr]["buffer"]} freed implicitly.')
[rank1]: nvshmem.core.nvshmem_types.NvshmemError: Buffer <cuda.core.experimental._memory.Buffer object at 0x7f9cd8fc8490> freed implicitly.
[rank2]: Traceback (most recent call last):
[rank2]:   File "/root/Triton-distributed/python/triton_dist/test/nvidia/test_tp_mlp_innov.py", line 267, in <module>
[rank2]:     dist_print(f"CORRECTNESS CHECK PASSED: mlp_{args.mode}", need_sync=True, allowed_ranks=[0])
[rank2]:   File "/root/Triton-distributed/python/triton_dist/utils.py", line 403, in dist_print
[rank2]:     distributed_barrier()
[rank2]:   File "/root/Triton-distributed/python/triton_dist/utils.py", line 172, in distributed_barrier
[rank2]:     torch.distributed.barrier(**barrier_kwargs)
[rank2]:   File "/root/miniconda3/lib/python3.12/site-packages/torch/distributed/c10d_logger.py", line 81, in wrapper
[rank2]:     return func(*args, **kwargs)
[rank2]:            ^^^^^^^^^^^^^^^^^^^^^
[rank2]:   File "/root/miniconda3/lib/python3.12/site-packages/torch/distributed/distributed_c10d.py", line 4627, in barrier
[rank2]:     work.wait()
[rank2]: RuntimeError: [/pytorch/third_party/gloo/gloo/transport/tcp/pair.cc:534] Connection closed by peer [10.233.70.133]:47252
[rank2]: Traceback (most recent call last):
[rank2]:   File "/root/miniconda3/lib/python3.12/weakref.py", line 666, in _exitfunc
[rank2]:     f()
[rank2]:   File "/root/miniconda3/lib/python3.12/weakref.py", line 590, in __call__
[rank2]:     return info.func(*info.args, **(info.kwargs or {}))
[rank2]:            ^^^^^^^^^^^^^^^^^^^^^^^^^^^^^^^^^^^^^^^^^^^^
[rank2]:   File "/root/miniconda3/lib/python3.12/site-packages/cuda/core/experimental/_memory.py", line 57, in close
[rank2]:     self.mr.deallocate(self.ptr, self.size, stream)
[rank2]:   File "/root/miniconda3/lib/python3.12/site-packages/nvshmem/core/nvshmem_types.py", line 149, in deallocate
[rank2]:     raise NvshmemError(f'Buffer {self._mem_references[ptr]["buffer"]} freed implicitly.')
[rank2]: nvshmem.core.nvshmem_types.NvshmemError: Buffer <cuda.core.experimental._memory.Buffer object at 0x7f7252963750> freed implicitly.
[rank2]: Traceback (most recent call last):
[rank2]:   File "/root/miniconda3/lib/python3.12/weakref.py", line 666, in _exitfunc
[rank2]:     f()
[rank2]:   File "/root/miniconda3/lib/python3.12/weakref.py", line 590, in __call__
[rank2]:     return info.func(*info.args, **(info.kwargs or {}))
[rank2]:            ^^^^^^^^^^^^^^^^^^^^^^^^^^^^^^^^^^^^^^^^^^^^
[rank2]:   File "/root/miniconda3/lib/python3.12/site-packages/cuda/core/experimental/_memory.py", line 57, in close
[rank2]:     self.mr.deallocate(self.ptr, self.size, stream)
[rank2]:   File "/root/miniconda3/lib/python3.12/site-packages/nvshmem/core/nvshmem_types.py", line 149, in deallocate
[rank2]:     raise NvshmemError(f'Buffer {self._mem_references[ptr]["buffer"]} freed implicitly.')
[rank2]: nvshmem.core.nvshmem_types.NvshmemError: Buffer <cuda.core.experimental._memory.Buffer object at 0x7f7252953d50> freed implicitly.
[rank2]: Traceback (most recent call last):
[rank2]:   File "/root/miniconda3/lib/python3.12/weakref.py", line 666, in _exitfunc
[rank2]:     f()
[rank2]:   File "/root/miniconda3/lib/python3.12/weakref.py", line 590, in __call__
[rank2]:     return info.func(*info.args, **(info.kwargs or {}))
[rank2]:            ^^^^^^^^^^^^^^^^^^^^^^^^^^^^^^^^^^^^^^^^^^^^
[rank2]:   File "/root/miniconda3/lib/python3.12/site-packages/cuda/core/experimental/_memory.py", line 57, in close
[rank2]:     self.mr.deallocate(self.ptr, self.size, stream)
[rank2]:   File "/root/miniconda3/lib/python3.12/site-packages/nvshmem/core/nvshmem_types.py", line 149, in deallocate
[rank2]:     raise NvshmemError(f'Buffer {self._mem_references[ptr]["buffer"]} freed implicitly.')
[rank2]: nvshmem.core.nvshmem_types.NvshmemError: Buffer <cuda.core.experimental._memory.Buffer object at 0x7f7252953750> freed implicitly.
[rank2]: Traceback (most recent call last):
[rank2]:   File "/root/miniconda3/lib/python3.12/weakref.py", line 666, in _exitfunc
[rank2]:     f()
[rank2]:   File "/root/miniconda3/lib/python3.12/weakref.py", line 590, in __call__
[rank2]:     return info.func(*info.args, **(info.kwargs or {}))
[rank2]:            ^^^^^^^^^^^^^^^^^^^^^^^^^^^^^^^^^^^^^^^^^^^^
[rank2]:   File "/root/miniconda3/lib/python3.12/site-packages/cuda/core/experimental/_memory.py", line 57, in close
[rank2]:     self.mr.deallocate(self.ptr, self.size, stream)
[rank2]:   File "/root/miniconda3/lib/python3.12/site-packages/nvshmem/core/nvshmem_types.py", line 149, in deallocate
[rank2]:     raise NvshmemError(f'Buffer {self._mem_references[ptr]["buffer"]} freed implicitly.')
[rank2]: nvshmem.core.nvshmem_types.NvshmemError: Buffer <cuda.core.experimental._memory.Buffer object at 0x7f7252962250> freed implicitly.
[rank2]: Traceback (most recent call last):
[rank2]:   File "/root/miniconda3/lib/python3.12/weakref.py", line 666, in _exitfunc
[rank2]:     f()
[rank2]:   File "/root/miniconda3/lib/python3.12/weakref.py", line 590, in __call__
[rank2]:     return info.func(*info.args, **(info.kwargs or {}))
[rank2]:            ^^^^^^^^^^^^^^^^^^^^^^^^^^^^^^^^^^^^^^^^^^^^
[rank2]:   File "/root/miniconda3/lib/python3.12/site-packages/cuda/core/experimental/_memory.py", line 57, in close
[rank2]:     self.mr.deallocate(self.ptr, self.size, stream)
[rank2]:   File "/root/miniconda3/lib/python3.12/site-packages/nvshmem/core/nvshmem_types.py", line 149, in deallocate
[rank2]:     raise NvshmemError(f'Buffer {self._mem_references[ptr]["buffer"]} freed implicitly.')
[rank2]: nvshmem.core.nvshmem_types.NvshmemError: Buffer <cuda.core.experimental._memory.Buffer object at 0x7f7252979910> freed implicitly.
[rank2]: Traceback (most recent call last):
[rank2]:   File "/root/miniconda3/lib/python3.12/weakref.py", line 666, in _exitfunc
[rank2]:     f()
[rank2]:   File "/root/miniconda3/lib/python3.12/weakref.py", line 590, in __call__
[rank2]:     return info.func(*info.args, **(info.kwargs or {}))
[rank2]:            ^^^^^^^^^^^^^^^^^^^^^^^^^^^^^^^^^^^^^^^^^^^^
[rank2]:   File "/root/miniconda3/lib/python3.12/site-packages/cuda/core/experimental/_memory.py", line 57, in close
[rank2]:     self.mr.deallocate(self.ptr, self.size, stream)
[rank2]:   File "/root/miniconda3/lib/python3.12/site-packages/nvshmem/core/nvshmem_types.py", line 149, in deallocate
[rank2]:     raise NvshmemError(f'Buffer {self._mem_references[ptr]["buffer"]} freed implicitly.')
[rank2]: nvshmem.core.nvshmem_types.NvshmemError: Buffer <cuda.core.experimental._memory.Buffer object at 0x7f7252978490> freed implicitly.
[rank3]: Traceback (most recent call last):
[rank3]:   File "/root/Triton-distributed/python/triton_dist/test/nvidia/test_tp_mlp_innov.py", line 267, in <module>
[rank3]:     dist_print(f"CORRECTNESS CHECK PASSED: mlp_{args.mode}", need_sync=True, allowed_ranks=[0])
[rank3]:   File "/root/Triton-distributed/python/triton_dist/utils.py", line 403, in dist_print
[rank3]:     distributed_barrier()
[rank3]:   File "/root/Triton-distributed/python/triton_dist/utils.py", line 172, in distributed_barrier
[rank3]:     torch.distributed.barrier(**barrier_kwargs)
[rank3]:   File "/root/miniconda3/lib/python3.12/site-packages/torch/distributed/c10d_logger.py", line 81, in wrapper
[rank3]:     return func(*args, **kwargs)
[rank3]:            ^^^^^^^^^^^^^^^^^^^^^
[rank3]:   File "/root/miniconda3/lib/python3.12/site-packages/torch/distributed/distributed_c10d.py", line 4627, in barrier
[rank3]:     work.wait()
[rank3]: RuntimeError: [/pytorch/third_party/gloo/gloo/transport/tcp/pair.cc:534] Connection closed by peer [10.233.70.133]:14553
[rank3]: Traceback (most recent call last):
[rank3]:   File "/root/miniconda3/lib/python3.12/weakref.py", line 666, in _exitfunc
[rank3]:     f()
[rank3]:   File "/root/miniconda3/lib/python3.12/weakref.py", line 590, in __call__
[rank3]:     return info.func(*info.args, **(info.kwargs or {}))
[rank3]:            ^^^^^^^^^^^^^^^^^^^^^^^^^^^^^^^^^^^^^^^^^^^^
[rank3]:   File "/root/miniconda3/lib/python3.12/site-packages/cuda/core/experimental/_memory.py", line 57, in close
[rank3]:     self.mr.deallocate(self.ptr, self.size, stream)
[rank3]:   File "/root/miniconda3/lib/python3.12/site-packages/nvshmem/core/nvshmem_types.py", line 149, in deallocate
[rank3]:     raise NvshmemError(f'Buffer {self._mem_references[ptr]["buffer"]} freed implicitly.')
[rank3]: nvshmem.core.nvshmem_types.NvshmemError: Buffer <cuda.core.experimental._memory.Buffer object at 0x7f54b8294750> freed implicitly.
[rank3]: Traceback (most recent call last):
[rank3]:   File "/root/miniconda3/lib/python3.12/weakref.py", line 666, in _exitfunc
[rank3]:     f()
[rank3]:   File "/root/miniconda3/lib/python3.12/weakref.py", line 590, in __call__
[rank3]:     return info.func(*info.args, **(info.kwargs or {}))
[rank3]:            ^^^^^^^^^^^^^^^^^^^^^^^^^^^^^^^^^^^^^^^^^^^^
[rank3]:   File "/root/miniconda3/lib/python3.12/site-packages/cuda/core/experimental/_memory.py", line 57, in close
[rank3]:     self.mr.deallocate(self.ptr, self.size, stream)
[rank3]:   File "/root/miniconda3/lib/python3.12/site-packages/nvshmem/core/nvshmem_types.py", line 149, in deallocate
[rank3]:     raise NvshmemError(f'Buffer {self._mem_references[ptr]["buffer"]} freed implicitly.')
[rank3]: nvshmem.core.nvshmem_types.NvshmemError: Buffer <cuda.core.experimental._memory.Buffer object at 0x7f550cc3da90> freed implicitly.
[rank3]: Traceback (most recent call last):
[rank3]:   File "/root/miniconda3/lib/python3.12/weakref.py", line 666, in _exitfunc
[rank3]:     f()
[rank3]:   File "/root/miniconda3/lib/python3.12/weakref.py", line 590, in __call__
[rank3]:     return info.func(*info.args, **(info.kwargs or {}))
[rank3]:            ^^^^^^^^^^^^^^^^^^^^^^^^^^^^^^^^^^^^^^^^^^^^
[rank3]:   File "/root/miniconda3/lib/python3.12/site-packages/cuda/core/experimental/_memory.py", line 57, in close
[rank3]:     self.mr.deallocate(self.ptr, self.size, stream)
[rank3]:   File "/root/miniconda3/lib/python3.12/site-packages/nvshmem/core/nvshmem_types.py", line 149, in deallocate
[rank3]:     raise NvshmemError(f'Buffer {self._mem_references[ptr]["buffer"]} freed implicitly.')
[rank3]: nvshmem.core.nvshmem_types.NvshmemError: Buffer <cuda.core.experimental._memory.Buffer object at 0x7f54b8294b90> freed implicitly.
[rank3]: Traceback (most recent call last):
[rank3]:   File "/root/miniconda3/lib/python3.12/weakref.py", line 666, in _exitfunc
[rank3]:     f()
[rank3]:   File "/root/miniconda3/lib/python3.12/weakref.py", line 590, in __call__
[rank3]:     return info.func(*info.args, **(info.kwargs or {}))
[rank3]:            ^^^^^^^^^^^^^^^^^^^^^^^^^^^^^^^^^^^^^^^^^^^^
[rank3]:   File "/root/miniconda3/lib/python3.12/site-packages/cuda/core/experimental/_memory.py", line 57, in close
[rank3]:     self.mr.deallocate(self.ptr, self.size, stream)
[rank3]:   File "/root/miniconda3/lib/python3.12/site-packages/nvshmem/core/nvshmem_types.py", line 149, in deallocate
[rank3]:     raise NvshmemError(f'Buffer {self._mem_references[ptr]["buffer"]} freed implicitly.')
[rank3]: nvshmem.core.nvshmem_types.NvshmemError: Buffer <cuda.core.experimental._memory.Buffer object at 0x7f550c50e6d0> freed implicitly.
[rank3]: Traceback (most recent call last):
[rank3]:   File "/root/miniconda3/lib/python3.12/weakref.py", line 666, in _exitfunc
[rank3]:     f()
[rank3]:   File "/root/miniconda3/lib/python3.12/weakref.py", line 590, in __call__
[rank3]:     return info.func(*info.args, **(info.kwargs or {}))
[rank3]:            ^^^^^^^^^^^^^^^^^^^^^^^^^^^^^^^^^^^^^^^^^^^^
[rank3]:   File "/root/miniconda3/lib/python3.12/site-packages/cuda/core/experimental/_memory.py", line 57, in close
[rank3]:     self.mr.deallocate(self.ptr, self.size, stream)
[rank3]:   File "/root/miniconda3/lib/python3.12/site-packages/nvshmem/core/nvshmem_types.py", line 149, in deallocate
[rank3]:     raise NvshmemError(f'Buffer {self._mem_references[ptr]["buffer"]} freed implicitly.')
[rank3]: nvshmem.core.nvshmem_types.NvshmemError: Buffer <cuda.core.experimental._memory.Buffer object at 0x7f55861380d0> freed implicitly.
[rank3]: Traceback (most recent call last):
[rank3]:   File "/root/miniconda3/lib/python3.12/weakref.py", line 666, in _exitfunc
[rank3]:     f()
[rank3]:   File "/root/miniconda3/lib/python3.12/weakref.py", line 590, in __call__
[rank3]:     return info.func(*info.args, **(info.kwargs or {}))
[rank3]:            ^^^^^^^^^^^^^^^^^^^^^^^^^^^^^^^^^^^^^^^^^^^^
[rank3]:   File "/root/miniconda3/lib/python3.12/site-packages/cuda/core/experimental/_memory.py", line 57, in close
[rank3]:     self.mr.deallocate(self.ptr, self.size, stream)
[rank3]:   File "/root/miniconda3/lib/python3.12/site-packages/nvshmem/core/nvshmem_types.py", line 149, in deallocate
[rank3]:     raise NvshmemError(f'Buffer {self._mem_references[ptr]["buffer"]} freed implicitly.')
[rank3]: nvshmem.core.nvshmem_types.NvshmemError: Buffer <cuda.core.experimental._memory.Buffer object at 0x7f55860ebe10> freed implicitly.
W0901 16:15:54.315000 6571 site-packages/torch/distributed/elastic/multiprocessing/api.py:900] Sending process 6639 closing signal SIGTERM
W0901 16:15:54.316000 6571 site-packages/torch/distributed/elastic/multiprocessing/api.py:900] Sending process 6640 closing signal SIGTERM
W0901 16:15:54.317000 6571 site-packages/torch/distributed/elastic/multiprocessing/api.py:900] Sending process 6641 closing signal SIGTERM
E0901 16:15:55.033000 6571 site-packages/torch/distributed/elastic/multiprocessing/api.py:874] failed (exitcode: 1) local_rank: 0 (pid: 6638) of binary: /root/miniconda3/bin/python3.12
Traceback (most recent call last):
  File "/root/miniconda3/bin/torchrun", line 7, in <module>
    sys.exit(main())
             ^^^^^^
  File "/root/miniconda3/lib/python3.12/site-packages/torch/distributed/elastic/multiprocessing/errors/__init__.py", line 355, in wrapper
    return f(*args, **kwargs)
           ^^^^^^^^^^^^^^^^^^
  File "/root/miniconda3/lib/python3.12/site-packages/torch/distributed/run.py", line 892, in main
    run(args)
  File "/root/miniconda3/lib/python3.12/site-packages/torch/distributed/run.py", line 883, in run
    elastic_launch(
  File "/root/miniconda3/lib/python3.12/site-packages/torch/distributed/launcher/api.py", line 139, in __call__
    return launch_agent(self._config, self._entrypoint, list(args))
           ^^^^^^^^^^^^^^^^^^^^^^^^^^^^^^^^^^^^^^^^^^^^^^^^^^^^^^^^
  File "/root/miniconda3/lib/python3.12/site-packages/torch/distributed/launcher/api.py", line 270, in launch_agent
    raise ChildFailedError(
torch.distributed.elastic.multiprocessing.errors.ChildFailedError: 
============================================================
python/triton_dist/test/nvidia/test_tp_mlp_innov.py FAILED
------------------------------------------------------------
Failures:
  <NO_OTHER_FAILURES>
------------------------------------------------------------
Root Cause (first observed failure):
[0]:
  time      : 2026-09-01_16:15:54
  host      : cs-d085f-deb6f-server
  rank      : 0 (local_rank: 0)
  exitcode  : 1 (pid: 6638)
  error_file: <N/A>
  traceback : To enable traceback see: https://pytorch.org/docs/stable/elastic/errors.html
============================================================
