test shape: M 32768, N 28672, K 8192
tile-ready config: enabled=False, tile_rows_per_chunk=0, num_tile_chunks=0
✅ all close!
✅ all close!
✅ all close!
✅ all close!
✅ all close!
✅ all close!
✅ all close!
✅ all close!
Rank 0 latency (ms): base_triton total=19.69, new_triton total=19.17, torch total=16.89, new_speedup 0.88, new_vs_base 1.03, first_ready_ts=nan, first_consumer_ts=nan, last_completion_ts=nan, consumer_wait_ms=nan
Rank 1 latency (ms): base_triton total=19.87, new_triton total=19.13, torch total=16.85, new_speedup 0.88, new_vs_base 1.04, first_ready_ts=nan, first_consumer_ts=nan, last_completion_ts=nan, consumer_wait_ms=nan
Rank 2 latency (ms): base_triton total=19.79, new_triton total=19.11, torch total=16.92, new_speedup 0.89, new_vs_base 1.04, first_ready_ts=nan, first_consumer_ts=nan, last_completion_ts=nan, consumer_wait_ms=nan
Rank 3 latency (ms): base_triton total=19.79, new_triton total=19.08, torch total=16.92, new_speedup 0.89, new_vs_base 1.04, first_ready_ts=nan, first_consumer_ts=nan, last_completion_ts=nan, consumer_wait_ms=nan
csv file is dumped into csv/perf_new_ag_gemm_4_ranks.csv

W0701 21:38:00.260000 10949 site-packages/torch/distributed/run.py:766] 
W0701 21:38:00.260000 10949 site-packages/torch/distributed/run.py:766] *****************************************
W0701 21:38:00.260000 10949 site-packages/torch/distributed/run.py:766] Setting OMP_NUM_THREADS environment variable for each process to be 1 in default, to avoid your system being overloaded, please further tune the variable for optimal performance in your application as needed. 
W0701 21:38:00.260000 10949 site-packages/torch/distributed/run.py:766] *****************************************
<frozen importlib._bootstrap_external>:1301: FutureWarning: The cuda.cuda module is deprecated and will be removed in a future release, please switch to use the cuda.bindings.driver module instead.
<frozen importlib._bootstrap_external>:1301: FutureWarning: The cuda.cudart module is deprecated and will be removed in a future release, please switch to use the cuda.bindings.runtime module instead.
<frozen importlib._bootstrap_external>:1301: FutureWarning: The cuda.cuda module is deprecated and will be removed in a future release, please switch to use the cuda.bindings.driver module instead.
<frozen importlib._bootstrap_external>:1301: FutureWarning: The cuda.cudart module is deprecated and will be removed in a future release, please switch to use the cuda.bindings.runtime module instead.
<frozen importlib._bootstrap_external>:1301: FutureWarning: The cuda.cuda module is deprecated and will be removed in a future release, please switch to use the cuda.bindings.driver module instead.
<frozen importlib._bootstrap_external>:1301: FutureWarning: The cuda.cudart module is deprecated and will be removed in a future release, please switch to use the cuda.bindings.runtime module instead.
<frozen importlib._bootstrap_external>:1301: FutureWarning: The cuda.cuda module is deprecated and will be removed in a future release, please switch to use the cuda.bindings.driver module instead.
<frozen importlib._bootstrap_external>:1301: FutureWarning: The cuda.cudart module is deprecated and will be removed in a future release, please switch to use the cuda.bindings.runtime module instead.
