test shape: M 32768, N 28672, K 8192
tile-ready config: enabled=True, tile_rows_per_chunk=256, num_tile_chunks=32
✅ all close!
✅ all close!
✅ all close!
✅ all close!
✅ all close!
✅ all close!
✅ all close!
✅ all close!
Rank 0 latency (ms): base_triton total=19.43, new_triton total=19.31, torch total=16.96, new_speedup 0.88, new_vs_base 1.01, first_ready_ts=28.73, first_consumer_ts=28.73, last_completion_ts=20.05, consumer_wait_ms=0.00
Rank 1 latency (ms): base_triton total=19.36, new_triton total=19.36, torch total=16.98, new_speedup 0.88, new_vs_base 1.00, first_ready_ts=20.39, first_consumer_ts=20.39, last_completion_ts=20.03, consumer_wait_ms=0.00
Rank 2 latency (ms): base_triton total=19.36, new_triton total=19.21, torch total=16.94, new_speedup 0.88, new_vs_base 1.01, first_ready_ts=20.47, first_consumer_ts=20.47, last_completion_ts=20.08, consumer_wait_ms=0.00
Rank 3 latency (ms): base_triton total=19.31, new_triton total=19.31, torch total=16.98, new_speedup 0.88, new_vs_base 1.00, first_ready_ts=20.77, first_consumer_ts=20.77, last_completion_ts=20.41, consumer_wait_ms=0.00
csv file is dumped into csv/perf_new_ag_gemm_4_ranks.csv

W0701 21:40:03.758000 14189 site-packages/torch/distributed/run.py:766] 
W0701 21:40:03.758000 14189 site-packages/torch/distributed/run.py:766] *****************************************
W0701 21:40:03.758000 14189 site-packages/torch/distributed/run.py:766] Setting OMP_NUM_THREADS environment variable for each process to be 1 in default, to avoid your system being overloaded, please further tune the variable for optimal performance in your application as needed. 
W0701 21:40:03.758000 14189 site-packages/torch/distributed/run.py:766] *****************************************
<frozen importlib._bootstrap_external>:1301: FutureWarning: The cuda.cuda module is deprecated and will be removed in a future release, please switch to use the cuda.bindings.driver module instead.
<frozen importlib._bootstrap_external>:1301: FutureWarning: The cuda.cudart module is deprecated and will be removed in a future release, please switch to use the cuda.bindings.runtime module instead.
<frozen importlib._bootstrap_external>:1301: FutureWarning: The cuda.cuda module is deprecated and will be removed in a future release, please switch to use the cuda.bindings.driver module instead.
<frozen importlib._bootstrap_external>:1301: FutureWarning: The cuda.cudart module is deprecated and will be removed in a future release, please switch to use the cuda.bindings.runtime module instead.
<frozen importlib._bootstrap_external>:1301: FutureWarning: The cuda.cuda module is deprecated and will be removed in a future release, please switch to use the cuda.bindings.driver module instead.
<frozen importlib._bootstrap_external>:1301: FutureWarning: The cuda.cudart module is deprecated and will be removed in a future release, please switch to use the cuda.bindings.runtime module instead.
<frozen importlib._bootstrap_external>:1301: FutureWarning: The cuda.cuda module is deprecated and will be removed in a future release, please switch to use the cuda.bindings.driver module instead.
<frozen importlib._bootstrap_external>:1301: FutureWarning: The cuda.cudart module is deprecated and will be removed in a future release, please switch to use the cuda.bindings.runtime module instead.
