test shape: M 32768, N 28672, K 8192
tile-ready config: enabled=True, tile_rows_per_chunk=8192, num_tile_chunks=1
✅ all close!
✅ all close!
✅ all close!
✅ all close!
✅ all close!
✅ all close!
✅ all close!
✅ all close!
Rank 0 latency (ms): base_triton total=19.54, new_triton total=19.08, torch total=16.91, new_speedup 0.89, new_vs_base 1.02, first_ready_ts=20.85, first_consumer_ts=20.85, last_completion_ts=17.66, consumer_wait_ms=0.00
Rank 1 latency (ms): base_triton total=19.46, new_triton total=19.27, torch total=16.94, new_speedup 0.88, new_vs_base 1.01, first_ready_ts=18.01, first_consumer_ts=18.01, last_completion_ts=17.65, consumer_wait_ms=0.00
Rank 2 latency (ms): base_triton total=19.40, new_triton total=19.28, torch total=16.94, new_speedup 0.88, new_vs_base 1.01, first_ready_ts=18.09, first_consumer_ts=18.09, last_completion_ts=17.67, consumer_wait_ms=0.00
Rank 3 latency (ms): base_triton total=19.52, new_triton total=19.28, torch total=16.97, new_speedup 0.88, new_vs_base 1.01, first_ready_ts=17.96, first_consumer_ts=17.96, last_completion_ts=17.59, consumer_wait_ms=0.00
csv file is dumped into csv/perf_new_ag_gemm_4_ranks.csv

W0701 21:38:40.797000 11979 site-packages/torch/distributed/run.py:766] 
W0701 21:38:40.797000 11979 site-packages/torch/distributed/run.py:766] *****************************************
W0701 21:38:40.797000 11979 site-packages/torch/distributed/run.py:766] Setting OMP_NUM_THREADS environment variable for each process to be 1 in default, to avoid your system being overloaded, please further tune the variable for optimal performance in your application as needed. 
W0701 21:38:40.797000 11979 site-packages/torch/distributed/run.py:766] *****************************************
<frozen importlib._bootstrap_external>:1301: FutureWarning: The cuda.cuda module is deprecated and will be removed in a future release, please switch to use the cuda.bindings.driver module instead.
<frozen importlib._bootstrap_external>:1301: FutureWarning: The cuda.cudart module is deprecated and will be removed in a future release, please switch to use the cuda.bindings.runtime module instead.
<frozen importlib._bootstrap_external>:1301: FutureWarning: The cuda.cuda module is deprecated and will be removed in a future release, please switch to use the cuda.bindings.driver module instead.
<frozen importlib._bootstrap_external>:1301: FutureWarning: The cuda.cudart module is deprecated and will be removed in a future release, please switch to use the cuda.bindings.runtime module instead.
<frozen importlib._bootstrap_external>:1301: FutureWarning: The cuda.cuda module is deprecated and will be removed in a future release, please switch to use the cuda.bindings.driver module instead.
<frozen importlib._bootstrap_external>:1301: FutureWarning: The cuda.cudart module is deprecated and will be removed in a future release, please switch to use the cuda.bindings.runtime module instead.
<frozen importlib._bootstrap_external>:1301: FutureWarning: The cuda.cuda module is deprecated and will be removed in a future release, please switch to use the cuda.bindings.driver module instead.
<frozen importlib._bootstrap_external>:1301: FutureWarning: The cuda.cudart module is deprecated and will be removed in a future release, please switch to use the cuda.bindings.runtime module instead.
