test shape: M 32768, N 28672, K 8192
tile-ready config: enabled=True, tile_rows_per_chunk=4096, num_tile_chunks=2
✅ all close!
✅ all close!
✅ all close!
✅ all close!
✅ all close!
✅ all close!
✅ all close!
✅ all close!
Rank 0 latency (ms): base_triton total=19.39, new_triton total=19.21, torch total=17.00, new_speedup 0.88, new_vs_base 1.01, first_ready_ts=24.04, first_consumer_ts=24.04, last_completion_ts=17.75, consumer_wait_ms=0.00
Rank 1 latency (ms): base_triton total=19.43, new_triton total=19.24, torch total=16.99, new_speedup 0.88, new_vs_base 1.01, first_ready_ts=18.13, first_consumer_ts=18.13, last_completion_ts=17.71, consumer_wait_ms=0.00
Rank 2 latency (ms): base_triton total=19.41, new_triton total=19.28, torch total=17.00, new_speedup 0.88, new_vs_base 1.01, first_ready_ts=18.11, first_consumer_ts=18.11, last_completion_ts=17.69, consumer_wait_ms=0.00
Rank 3 latency (ms): base_triton total=19.43, new_triton total=19.25, torch total=17.00, new_speedup 0.88, new_vs_base 1.01, first_ready_ts=18.09, first_consumer_ts=18.09, last_completion_ts=17.68, consumer_wait_ms=0.00
csv file is dumped into csv/perf_new_ag_gemm_4_ranks.csv

W0701 21:38:58.479000 12431 site-packages/torch/distributed/run.py:766] 
W0701 21:38:58.479000 12431 site-packages/torch/distributed/run.py:766] *****************************************
W0701 21:38:58.479000 12431 site-packages/torch/distributed/run.py:766] Setting OMP_NUM_THREADS environment variable for each process to be 1 in default, to avoid your system being overloaded, please further tune the variable for optimal performance in your application as needed. 
W0701 21:38:58.479000 12431 site-packages/torch/distributed/run.py:766] *****************************************
<frozen importlib._bootstrap_external>:1301: FutureWarning: The cuda.cuda module is deprecated and will be removed in a future release, please switch to use the cuda.bindings.driver module instead.
<frozen importlib._bootstrap_external>:1301: FutureWarning: The cuda.cudart module is deprecated and will be removed in a future release, please switch to use the cuda.bindings.runtime module instead.
<frozen importlib._bootstrap_external>:1301: FutureWarning: The cuda.cuda module is deprecated and will be removed in a future release, please switch to use the cuda.bindings.driver module instead.
<frozen importlib._bootstrap_external>:1301: FutureWarning: The cuda.cudart module is deprecated and will be removed in a future release, please switch to use the cuda.bindings.runtime module instead.
<frozen importlib._bootstrap_external>:1301: FutureWarning: The cuda.cuda module is deprecated and will be removed in a future release, please switch to use the cuda.bindings.driver module instead.
<frozen importlib._bootstrap_external>:1301: FutureWarning: The cuda.cudart module is deprecated and will be removed in a future release, please switch to use the cuda.bindings.runtime module instead.
<frozen importlib._bootstrap_external>:1301: FutureWarning: The cuda.cuda module is deprecated and will be removed in a future release, please switch to use the cuda.bindings.driver module instead.
<frozen importlib._bootstrap_external>:1301: FutureWarning: The cuda.cudart module is deprecated and will be removed in a future release, please switch to use the cuda.bindings.runtime module instead.
