test shape: M 32768, N 28672, K 8192
tile-ready config: enabled=True, tile_rows_per_chunk=2048, num_tile_chunks=4
✅ all close!
✅ all close!
✅ all close!
✅ all close!
✅ all close!
✅ all close!
✅ all close!
✅ all close!
Rank 0 latency (ms): base_triton total=19.38, new_triton total=19.08, torch total=16.95, new_speedup 0.89, new_vs_base 1.02, first_ready_ts=22.82, first_consumer_ts=22.82, last_completion_ts=17.96, consumer_wait_ms=0.00
Rank 1 latency (ms): base_triton total=19.37, new_triton total=19.20, torch total=16.99, new_speedup 0.88, new_vs_base 1.01, first_ready_ts=18.41, first_consumer_ts=18.41, last_completion_ts=18.03, consumer_wait_ms=0.00
Rank 2 latency (ms): base_triton total=19.44, new_triton total=19.19, torch total=16.99, new_speedup 0.89, new_vs_base 1.01, first_ready_ts=18.28, first_consumer_ts=18.28, last_completion_ts=17.90, consumer_wait_ms=0.00
Rank 3 latency (ms): base_triton total=19.30, new_triton total=19.22, torch total=16.97, new_speedup 0.88, new_vs_base 1.00, first_ready_ts=18.25, first_consumer_ts=18.25, last_completion_ts=17.87, consumer_wait_ms=0.00
csv file is dumped into csv/perf_new_ag_gemm_4_ranks.csv

W0701 21:39:10.847000 12832 site-packages/torch/distributed/run.py:766] 
W0701 21:39:10.847000 12832 site-packages/torch/distributed/run.py:766] *****************************************
W0701 21:39:10.847000 12832 site-packages/torch/distributed/run.py:766] Setting OMP_NUM_THREADS environment variable for each process to be 1 in default, to avoid your system being overloaded, please further tune the variable for optimal performance in your application as needed. 
W0701 21:39:10.847000 12832 site-packages/torch/distributed/run.py:766] *****************************************
<frozen importlib._bootstrap_external>:1301: FutureWarning: The cuda.cuda module is deprecated and will be removed in a future release, please switch to use the cuda.bindings.driver module instead.
<frozen importlib._bootstrap_external>:1301: FutureWarning: The cuda.cudart module is deprecated and will be removed in a future release, please switch to use the cuda.bindings.runtime module instead.
<frozen importlib._bootstrap_external>:1301: FutureWarning: The cuda.cuda module is deprecated and will be removed in a future release, please switch to use the cuda.bindings.driver module instead.
<frozen importlib._bootstrap_external>:1301: FutureWarning: The cuda.cudart module is deprecated and will be removed in a future release, please switch to use the cuda.bindings.runtime module instead.
<frozen importlib._bootstrap_external>:1301: FutureWarning: The cuda.cuda module is deprecated and will be removed in a future release, please switch to use the cuda.bindings.driver module instead.
<frozen importlib._bootstrap_external>:1301: FutureWarning: The cuda.cudart module is deprecated and will be removed in a future release, please switch to use the cuda.bindings.runtime module instead.
<frozen importlib._bootstrap_external>:1301: FutureWarning: The cuda.cuda module is deprecated and will be removed in a future release, please switch to use the cuda.bindings.driver module instead.
<frozen importlib._bootstrap_external>:1301: FutureWarning: The cuda.cudart module is deprecated and will be removed in a future release, please switch to use the cuda.bindings.runtime module instead.
