[sweep] resume: retain completed 8192x29568x8192_L1_rep1
[sweep] resume: retain completed 8192x29568x8192_L1_rep2
[sweep] resume: retain completed 8192x29568x8192_L1_rep3
[sweep] resume: retain completed 8192x29568x8192_L1_rep4
[sweep] resume: retain completed 8192x29568x8192_L1_rep5
[sweep] resume: retain completed 8192x29568x8192_L2_rep1
[sweep] resume: retain completed 8192x29568x8192_L2_rep2
[sweep] resume: retain completed 8192x29568x8192_L2_rep3
[sweep] resume: retain completed 8192x29568x8192_L2_rep4
[sweep] resume: retain completed 8192x29568x8192_L2_rep5
[sweep] resume: retain completed 8192x29568x8192_L4_rep1
[sweep] resume: retain completed 8192x29568x8192_L4_rep2
[sweep] resume: retain completed 8192x29568x8192_L4_rep3
[sweep] resume: retain completed 8192x29568x8192_L4_rep4
[sweep] attempt 2 run 8192x29568x8192_L4_rep5: torchrun --nproc_per_node 4 benchmark/bench_active_window_ablation_gemmrs.py --M 8192 --N 29568 --K 8192 --dtype bfloat16 --iters 10 --warmup_iters 5 --chunk_rows 256 --target_chunks_per_rank 2 --min_chunk_rows 256 --active_chunk_window 4 --stage_slots 4 --steady_sms 8 --tail_sms 20 --tail_chunk_window 1 --comm_lanes 2 --n_bands 2 --frontier_chunks 2 --window_policy with_active_window --dump_csv --output_csv /root/Triton-distributed/python/triton_dist/benchmark/active_window_sweep_runs/20260828_4xa100_active_window_multipoint_r1/raw_child_csv/8192x29568x8192_L4_rep5_attempt02.csv --no-autotune --local_seed_direct --trans_b
[sweep] resume: retain completed 8192x29568x8192_L8_rep1
[sweep] resume: retain completed 8192x29568x8192_L8_rep2
[sweep] resume: retain completed 8192x29568x8192_L8_rep3
[sweep] resume: retain completed 8192x29568x8192_L8_rep4
[sweep] resume: retain completed 8192x29568x8192_L8_rep5
[sweep] resume: retain completed 8192x49152x12288_L1_rep1
[sweep] resume: retain completed 8192x49152x12288_L1_rep2
[sweep] resume: retain completed 8192x49152x12288_L1_rep3
[sweep] resume: retain completed 8192x49152x12288_L1_rep4
[sweep] resume: retain completed 8192x49152x12288_L1_rep5
[sweep] resume: retain completed 8192x49152x12288_L2_rep1
[sweep] attempt 2 run 8192x49152x12288_L2_rep2: torchrun --nproc_per_node 4 benchmark/bench_active_window_ablation_gemmrs.py --M 8192 --N 49152 --K 12288 --dtype bfloat16 --iters 10 --warmup_iters 5 --chunk_rows 256 --target_chunks_per_rank 2 --min_chunk_rows 256 --active_chunk_window 2 --stage_slots 4 --steady_sms 8 --tail_sms 20 --tail_chunk_window 1 --comm_lanes 2 --n_bands 2 --frontier_chunks 2 --window_policy with_active_window --dump_csv --output_csv /root/Triton-distributed/python/triton_dist/benchmark/active_window_sweep_runs/20260828_4xa100_active_window_multipoint_r1/raw_child_csv/8192x49152x12288_L2_rep2_attempt02.csv --no-autotune --local_seed_direct --trans_b
[sweep] attempt 2 run 8192x49152x12288_L2_rep3: torchrun --nproc_per_node 4 benchmark/bench_active_window_ablation_gemmrs.py --M 8192 --N 49152 --K 12288 --dtype bfloat16 --iters 10 --warmup_iters 5 --chunk_rows 256 --target_chunks_per_rank 2 --min_chunk_rows 256 --active_chunk_window 2 --stage_slots 4 --steady_sms 8 --tail_sms 20 --tail_chunk_window 1 --comm_lanes 2 --n_bands 2 --frontier_chunks 2 --window_policy with_active_window --dump_csv --output_csv /root/Triton-distributed/python/triton_dist/benchmark/active_window_sweep_runs/20260828_4xa100_active_window_multipoint_r1/raw_child_csv/8192x49152x12288_L2_rep3_attempt02.csv --no-autotune --local_seed_direct --trans_b
[sweep] resume: retain completed 8192x49152x12288_L2_rep4
[sweep] attempt 2 run 8192x49152x12288_L2_rep5: torchrun --nproc_per_node 4 benchmark/bench_active_window_ablation_gemmrs.py --M 8192 --N 49152 --K 12288 --dtype bfloat16 --iters 10 --warmup_iters 5 --chunk_rows 256 --target_chunks_per_rank 2 --min_chunk_rows 256 --active_chunk_window 2 --stage_slots 4 --steady_sms 8 --tail_sms 20 --tail_chunk_window 1 --comm_lanes 2 --n_bands 2 --frontier_chunks 2 --window_policy with_active_window --dump_csv --output_csv /root/Triton-distributed/python/triton_dist/benchmark/active_window_sweep_runs/20260828_4xa100_active_window_multipoint_r1/raw_child_csv/8192x49152x12288_L2_rep5_attempt02.csv --no-autotune --local_seed_direct --trans_b
[sweep] resume: retain completed 8192x49152x12288_L4_rep1
[sweep] resume: retain completed 8192x49152x12288_L4_rep2
[sweep] resume: retain completed 8192x49152x12288_L4_rep3
[sweep] resume: retain completed 8192x49152x12288_L4_rep4
[sweep] resume: retain completed 8192x49152x12288_L4_rep5
[sweep] resume: retain completed 8192x49152x12288_L8_rep1
[sweep] resume: retain completed 8192x49152x12288_L8_rep2
[sweep] resume: retain completed 8192x49152x12288_L8_rep3
[sweep] resume: retain completed 8192x49152x12288_L8_rep4
[sweep] resume: retain completed 8192x49152x12288_L8_rep5
[sweep] resume: retain completed 8192x53248x16384_L1_rep1
[sweep] resume: retain completed 8192x53248x16384_L1_rep2
[sweep] resume: retain completed 8192x53248x16384_L1_rep3
[sweep] resume: retain completed 8192x53248x16384_L1_rep4
[sweep] resume: retain completed 8192x53248x16384_L1_rep5
[sweep] resume: retain completed 8192x53248x16384_L2_rep1
[sweep] resume: retain completed 8192x53248x16384_L2_rep2
[sweep] attempt 2 run 8192x53248x16384_L2_rep3: torchrun --nproc_per_node 4 benchmark/bench_active_window_ablation_gemmrs.py --M 8192 --N 53248 --K 16384 --dtype bfloat16 --iters 10 --warmup_iters 5 --chunk_rows 256 --target_chunks_per_rank 2 --min_chunk_rows 256 --active_chunk_window 2 --stage_slots 4 --steady_sms 8 --tail_sms 20 --tail_chunk_window 1 --comm_lanes 2 --n_bands 2 --frontier_chunks 2 --window_policy with_active_window --dump_csv --output_csv /root/Triton-distributed/python/triton_dist/benchmark/active_window_sweep_runs/20260828_4xa100_active_window_multipoint_r1/raw_child_csv/8192x53248x16384_L2_rep3_attempt02.csv --no-autotune --local_seed_direct --trans_b
[sweep] resume: retain completed 8192x53248x16384_L2_rep4
[sweep] resume: retain completed 8192x53248x16384_L2_rep5
[sweep] resume: retain completed 8192x53248x16384_L4_rep1
[sweep] resume: retain completed 8192x53248x16384_L4_rep2
[sweep] resume: retain completed 8192x53248x16384_L4_rep3
[sweep] resume: retain completed 8192x53248x16384_L4_rep4
[sweep] resume: retain completed 8192x53248x16384_L4_rep5
[sweep] resume: retain completed 8192x53248x16384_L8_rep1
[sweep] resume: retain completed 8192x53248x16384_L8_rep2
[sweep] resume: retain completed 8192x53248x16384_L8_rep3
[sweep] resume: retain completed 8192x53248x16384_L8_rep4
[sweep] resume: retain completed 8192x53248x16384_L8_rep5
[ledger] /root/Triton-distributed/python/triton_dist/benchmark/active_window_sweep_runs/20260828_4xa100_active_window_multipoint_r1/run_ledger.csv
[aggregate] /root/Triton-distributed/python/triton_dist/benchmark/active_window_sweep_runs/20260828_4xa100_active_window_multipoint_r1/active_window_sweep_aggregate.csv
[manifest] /root/Triton-distributed/python/triton_dist/benchmark/active_window_sweep_runs/20260828_4xa100_active_window_multipoint_r1/run_manifest.json
