W0830 19:59:57.375000 22679 site-packages/torch/distributed/run.py:766] 
W0830 19:59:57.375000 22679 site-packages/torch/distributed/run.py:766] *****************************************
W0830 19:59:57.375000 22679 site-packages/torch/distributed/run.py:766] Setting OMP_NUM_THREADS environment variable for each process to be 1 in default, to avoid your system being overloaded, please further tune the variable for optimal performance in your application as needed. 
W0830 19:59:57.375000 22679 site-packages/torch/distributed/run.py:766] *****************************************
<frozen importlib._bootstrap_external>:1301: FutureWarning: The cuda.cuda module is deprecated and will be removed in a future release, please switch to use the cuda.bindings.driver module instead.
<frozen importlib._bootstrap_external>:1301: FutureWarning: The cuda.cudart module is deprecated and will be removed in a future release, please switch to use the cuda.bindings.runtime module instead.
<frozen importlib._bootstrap_external>:1301: FutureWarning: The cuda.cuda module is deprecated and will be removed in a future release, please switch to use the cuda.bindings.driver module instead.
<frozen importlib._bootstrap_external>:1301: FutureWarning: The cuda.cudart module is deprecated and will be removed in a future release, please switch to use the cuda.bindings.runtime module instead.
<frozen importlib._bootstrap_external>:1301: FutureWarning: The cuda.cuda module is deprecated and will be removed in a future release, please switch to use the cuda.bindings.driver module instead.
<frozen importlib._bootstrap_external>:1301: FutureWarning: The cuda.cudart module is deprecated and will be removed in a future release, please switch to use the cuda.bindings.runtime module instead.
<frozen importlib._bootstrap_external>:1301: FutureWarning: The cuda.cuda module is deprecated and will be removed in a future release, please switch to use the cuda.bindings.driver module instead.
<frozen importlib._bootstrap_external>:1301: FutureWarning: The cuda.cudart module is deprecated and will be removed in a future release, please switch to use the cuda.bindings.runtime module instead.
<frozen importlib._bootstrap_external>:1301: FutureWarning: The cuda.cuda module is deprecated and will be removed in a future release, please switch to use the cuda.bindings.driver module instead.
<frozen importlib._bootstrap_external>:1301: FutureWarning: The cuda.cudart module is deprecated and will be removed in a future release, please switch to use the cuda.bindings.runtime module instead.
<frozen importlib._bootstrap_external>:1301: FutureWarning: The cuda.cuda module is deprecated and will be removed in a future release, please switch to use the cuda.bindings.driver module instead.
<frozen importlib._bootstrap_external>:1301: FutureWarning: The cuda.cuda module is deprecated and will be removed in a future release, please switch to use the cuda.bindings.driver module instead.
<frozen importlib._bootstrap_external>:1301: FutureWarning: The cuda.cudart module is deprecated and will be removed in a future release, please switch to use the cuda.bindings.runtime module instead.
<frozen importlib._bootstrap_external>:1301: FutureWarning: The cuda.cudart module is deprecated and will be removed in a future release, please switch to use the cuda.bindings.runtime module instead.
<frozen importlib._bootstrap_external>:1301: FutureWarning: The cuda.cuda module is deprecated and will be removed in a future release, please switch to use the cuda.bindings.driver module instead.
<frozen importlib._bootstrap_external>:1301: FutureWarning: The cuda.cudart module is deprecated and will be removed in a future release, please switch to use the cuda.bindings.runtime module instead.
test shape: M 16384, N 57344, K 8192
tile-ready config: enabled=True, tile_rows_per_chunk=1024, num_tile_chunks=2
✅ all close!
✅ all close!
✅ all close!
✅ all close!
✅ all close!
✅ all close!
✅ all close!
✅ all close!
✅ all close!
shape of x: torch.Size([16384, 7168])
shape of y: torch.Size([16384, 7168])
x:
tensor([[ 0.00, -0.02, -0.01,  ...,  0.00, -0.03,  0.00],
        [-0.02,  0.02, -0.01,  ...,  0.00,  0.00,  0.01],
        [-0.03,  0.01,  0.03,  ...,  0.01,  0.03,  0.02],
        ...,
        [ 0.00,  0.05, -0.00,  ...,  0.07,  0.10,  0.04],
        [-0.14,  0.06,  0.04,  ...,  0.06, -0.11, -0.00],
        [-0.13,  0.08,  0.01,  ..., -0.03, -0.09,  0.01]], device='cuda:4',
       dtype=torch.bfloat16)
y:
tensor([[ 0.00, -0.02, -0.01,  ...,  0.00, -0.03,  0.00],
        [-0.02,  0.02, -0.01,  ...,  0.00,  0.00,  0.01],
        [-0.03,  0.01,  0.03,  ...,  0.01,  0.03,  0.02],
        ...,
        [ 0.00,  0.05, -0.00,  ...,  0.07,  0.10,  0.04],
        [-0.14,  0.06,  0.04,  ...,  0.06, -0.11, -0.00],
        [-0.13,  0.08,  0.01,  ..., -0.03, -0.09,  0.01]], device='cuda:4',
       dtype=torch.bfloat16)
x-y tensor([[0., 0., 0.,  ..., 0., 0., 0.],
        [0., 0., 0.,  ..., 0., 0., 0.],
        [0., 0., 0.,  ..., 0., 0., 0.],
        ...,
        [0., 0., 0.,  ..., 0., 0., 0.],
        [0., 0., 0.,  ..., 0., 0., 0.],
        [0., 0., 0.,  ..., 0., 0., 0.]], device='cuda:4', dtype=torch.bfloat16)
x@diff:
tensor([ 0.26, -0.26, -0.26,  0.32, -0.25,  0.27, -0.26, -0.29, -0.27, -0.28,
        -0.25, -0.27, -0.26, -0.26, -0.26, -0.25, -0.30, -0.29,  0.26, -0.31,
         0.27, -0.27, -0.26,  0.25, -0.30,  0.27,  0.25,  0.27, -0.26, -0.30,
         0.30, -0.26,  0.28,  0.26, -0.25, -0.26,  0.30,  0.25,  0.26,  0.27,
         0.25, -0.26, -0.25, -0.28, -0.26, -0.26,  0.26, -0.25, -0.28,  0.27,
        -0.26,  0.25, -0.25, -0.25, -0.28, -0.26, -0.28, -0.32, -0.29, -0.26,
         0.26, -0.27, -0.26,  0.26,  0.25, -0.28,  0.26,  0.27,  0.28,  0.25,
         0.27, -0.25,  0.25, -0.26,  0.29,  0.28,  0.25, -0.27,  0.30,  0.29,
        -0.25,  0.28, -0.26,  0.28, -0.26, -0.26,  0.25, -0.26,  0.28, -0.29,
        -0.28,  0.26,  0.34,  0.27,  0.26, -0.26, -0.25,  0.26,  0.28,  0.31,
        -0.26, -0.26, -0.28,  0.27, -0.28,  0.33, -0.28,  0.25,  0.26,  0.26,
        -0.30,  0.26,  0.25, -0.28,  0.25, -0.29, -0.26, -0.25, -0.26,  0.26,
         0.26,  0.27,  0.29,  0.32, -0.26, -0.27,  0.25,  0.26,  0.26,  0.26,
        -0.27, -0.25,  0.28, -0.26, -0.27, -0.27, -0.27,  0.27,  0.34,  0.25,
         0.26,  0.27,  0.26, -0.26, -0.26, -0.26, -0.26,  0.27,  0.26, -0.26,
        -0.26,  0.26,  0.29,  0.26, -0.26,  0.26, -0.26,  0.27,  0.28, -0.26,
         0.25, -0.27,  0.31, -0.26,  0.31,  0.29, -0.27,  0.26,  0.25,  0.26,
         0.28,  0.27, -0.26,  0.28,  0.26, -0.25,  0.29, -0.27, -0.25, -0.27,
        -0.27, -0.26, -0.26,  0.25,  0.28, -0.27,  0.26, -0.26, -0.25,  0.27,
        -0.26, -0.25,  0.26, -0.25,  0.26, -0.28,  0.26,  0.30,  0.26, -0.32,
        -0.27,  0.28,  0.27,  0.26, -0.28,  0.28,  0.27, -0.26, -0.26,  0.27,
        -0.29, -0.27,  0.25,  0.29,  0.25,  0.25, -0.26, -0.26, -0.32, -0.26,
        -0.27, -0.26,  0.26, -0.25,  0.26,  0.40, -0.26,  0.31,  0.26,  0.27,
         0.28,  0.26,  0.25, -0.28,  0.25, -0.27,  0.27, -0.26, -0.29, -0.26,
         0.29, -0.27,  0.29,  0.29, -0.28, -0.25, -0.28, -0.26, -0.28, -0.26,
        -0.26,  0.26, -0.28, -0.25, -0.27,  0.26,  0.28,  0.27, -0.26,  0.28,
         0.25, -0.26, -0.27,  0.27, -0.27,  0.26,  0.29,  0.28, -0.28, -0.25,
         0.27,  0.34, -0.28, -0.27,  0.30, -0.29,  0.25,  0.26,  0.27, -0.28,
        -0.27,  0.25, -0.25, -0.26,  0.26,  0.26,  0.27,  0.28,  0.25, -0.28,
        -0.28, -0.28, -0.25, -0.26, -0.27,  0.26,  0.28,  0.30, -0.28, -0.26,
         0.27, -0.27,  0.28,  0.28, -0.28,  0.30, -0.30,  0.28, -0.29,  0.26,
         0.28,  0.25,  0.27, -0.26,  0.28, -0.28, -0.26,  0.26, -0.29,  0.26,
        -0.30,  0.26, -0.28,  0.25,  0.27, -0.28, -0.25, -0.26, -0.26,  0.26,
         0.28, -0.28, -0.28, -0.26,  0.26, -0.25,  0.27, -0.26, -0.32, -0.28,
         0.26, -0.26,  0.25, -0.28, -0.28, -0.26,  0.28,  0.28,  0.26,  0.28,
        -0.25, -0.26,  0.27,  0.25, -0.29,  0.28, -0.29, -0.25, -0.32, -0.26,
         0.27, -0.25,  0.26, -0.30, -0.27,  0.29,  0.28,  0.26, -0.28, -0.26,
         0.25,  0.25,  0.31,  0.29, -0.26,  0.29, -0.26,  0.26,  0.34,  0.27,
        -0.25, -0.25, -0.32,  0.30,  0.31, -0.28, -0.26, -0.29, -0.25, -0.28,
        -0.28,  0.26, -0.26, -0.30,  0.26, -0.28,  0.26, -0.27,  0.26, -0.28,
         0.30,  0.26, -0.25, -0.26, -0.26, -0.34,  0.25,  0.29,  0.33,  0.26,
        -0.27, -0.25,  0.33, -0.26, -0.26,  0.26, -0.27,  0.28,  0.26,  0.28,
         0.25, -0.26,  0.25, -0.27,  0.25, -0.31, -0.27,  0.30, -0.26,  0.26,
        -0.27,  0.28,  0.30,  0.26, -0.26, -0.26, -0.26, -0.29,  0.25,  0.26,
        -0.27, -0.29, -0.26,  0.25, -0.26, -0.26, -0.27, -0.28,  0.26,  0.27,
        -0.26, -0.27,  0.29, -0.26,  0.27,  0.28,  0.26, -0.26,  0.27, -0.27,
        -0.31, -0.28,  0.26, -0.26, -0.28,  0.28,  0.29, -0.27,  0.28, -0.26,
         0.28,  0.26, -0.25, -0.26,  0.29,  0.28, -0.25, -0.26, -0.26, -0.25,
         0.26,  0.25, -0.25,  0.28,  0.26, -0.29, -0.26, -0.25, -0.28, -0.29,
         0.26,  0.26,  0.26, -0.28, -0.28,  0.25, -0.28, -0.26, -0.26,  0.27,
         0.26,  0.26, -0.26,  0.26, -0.26,  0.28, -0.25, -0.25,  0.25, -0.28,
         0.28, -0.26,  0.26, -0.26, -0.26,  0.32,  0.27,  0.31, -0.26, -0.27,
         0.25, -0.26, -0.29, -0.26, -0.27, -0.26,  0.26, -0.26,  0.26,  0.29,
        -0.26, -0.26, -0.25, -0.25, -0.26,  0.28,  0.27, -0.25,  0.27,  0.26,
         0.25,  0.26,  0.26,  0.28, -0.31, -0.29, -0.26,  0.29,  0.26, -0.27,
         0.28, -0.28, -0.27,  0.28,  0.27, -0.33,  0.25,  0.26,  0.26, -0.28,
         0.26, -0.26, -0.25,  0.25,  0.27,  0.28,  0.27,  0.26, -0.27,  0.33,
         0.25,  0.27, -0.28, -0.26, -0.29,  0.29,  0.25,  0.28,  0.29,  0.27,
         0.26, -0.26,  0.26,  0.27,  0.27, -0.27,  0.25, -0.27, -0.26, -0.31,
         0.29, -0.28,  0.26, -0.30, -0.32, -0.28, -0.25, -0.26,  0.28, -0.25,
         0.28, -0.26,  0.28,  0.25,  0.27, -0.26, -0.27,  0.25, -0.26,  0.26,
        -0.29,  0.25,  0.27, -0.28, -0.30, -0.25, -0.27, -0.27, -0.27, -0.25,
         0.28, -0.25,  0.26, -0.25,  0.29, -0.25, -0.28, -0.29,  0.26, -0.26,
         0.25,  0.28, -0.27, -0.27, -0.26, -0.26, -0.28, -0.29, -0.26,  0.27,
         0.27,  0.25,  0.26, -0.26,  0.31, -0.25, -0.25,  0.26,  0.27,  0.27,
         0.26,  0.25, -0.25, -0.25,  0.28, -0.28,  0.25, -0.26, -0.25, -0.27,
         0.26, -0.26, -0.26,  0.26,  0.26,  0.26, -0.25,  0.26, -0.29, -0.28,
        -0.26,  0.29, -0.27, -0.27, -0.25, -0.26,  0.26,  0.27, -0.28, -0.25,
        -0.25,  0.27,  0.29,  0.31, -0.28, -0.26, -0.27, -0.26, -0.26,  0.26,
        -0.26, -0.25,  0.29, -0.26,  0.25, -0.29,  0.26,  0.26, -0.26,  0.26,
        -0.26, -0.25, -0.28, -0.28,  0.26, -0.25,  0.26,  0.26, -0.25, -0.26,
         0.28, -0.26, -0.26,  0.25,  0.27,  0.28, -0.27,  0.26, -0.26, -0.27,
         0.26,  0.26, -0.28, -0.27, -0.28,  0.26, -0.31,  0.28, -0.26,  0.28,
         0.30, -0.30,  0.25, -0.26, -0.27, -0.29,  0.27,  0.26, -0.25, -0.29,
         0.27, -0.29, -0.27,  0.27, -0.25,  0.31,  0.25, -0.25,  0.26,  0.25,
        -0.25,  0.25,  0.28,  0.25,  0.26,  0.25, -0.26, -0.26, -0.27, -0.26,
         0.28,  0.26,  0.27,  0.27,  0.27,  0.26,  0.25,  0.26, -0.27, -0.25,
         0.40,  0.27,  0.25, -0.32, -0.26,  0.27,  0.29,  0.25,  0.31,  0.27,
        -0.28, -0.29,  0.26, -0.25, -0.26,  0.27,  0.28, -0.28,  0.25,  0.25,
         0.25, -0.29, -0.28,  0.26, -0.26, -0.28, -0.29, -0.25, -0.28, -0.27,
         0.30,  0.28,  0.29, -0.26,  0.25, -0.28, -0.28, -0.28, -0.28, -0.29,
        -0.28,  0.25, -0.25,  0.25,  0.27,  0.30, -0.26, -0.26, -0.28, -0.26,
        -0.25, -0.28,  0.26, -0.25,  0.32,  0.26, -0.26, -0.28,  0.28,  0.26,
         0.25,  0.27, -0.26,  0.27,  0.30, -0.28, -0.32, -0.27, -0.29, -0.26,
         0.27, -0.26, -0.28,  0.28, -0.28,  0.27, -0.32,  0.25, -0.26,  0.27,
        -0.31, -0.25, -0.25, -0.27, -0.26, -0.29, -0.26,  0.26, -0.28, -0.25,
         0.26, -0.28, -0.29,  0.29,  0.26,  0.26, -0.26, -0.26],
       device='cuda:4', dtype=torch.bfloat16)
y@diff:
tensor([ 0.26, -0.26, -0.25,  0.32, -0.25,  0.27, -0.26, -0.30, -0.27, -0.28,
        -0.25, -0.27, -0.26, -0.25, -0.26, -0.25, -0.30, -0.29,  0.26, -0.31,
         0.27, -0.27, -0.26,  0.25, -0.30,  0.27,  0.25,  0.27, -0.26, -0.30,
         0.30, -0.25,  0.29,  0.26, -0.25, -0.27,  0.30,  0.25,  0.27,  0.27,
         0.25, -0.25, -0.25, -0.29, -0.26, -0.26,  0.26, -0.25, -0.29,  0.27,
        -0.26,  0.25, -0.25, -0.25, -0.29, -0.26, -0.28, -0.32, -0.29, -0.27,
         0.26, -0.27, -0.26,  0.26,  0.25, -0.27,  0.25,  0.27,  0.27,  0.25,
         0.27, -0.25,  0.25, -0.26,  0.29,  0.27,  0.25, -0.27,  0.30,  0.29,
        -0.25,  0.28, -0.26,  0.28, -0.26, -0.26,  0.25, -0.25,  0.28, -0.29,
        -0.28,  0.25,  0.34,  0.27,  0.26, -0.25, -0.25,  0.26,  0.28,  0.30,
        -0.26, -0.26, -0.27,  0.27, -0.28,  0.33, -0.27,  0.25,  0.26,  0.25,
        -0.30,  0.26,  0.25, -0.27,  0.25, -0.29, -0.26, -0.25, -0.26,  0.27,
         0.25,  0.27,  0.29,  0.32, -0.26, -0.27,  0.25,  0.25,  0.26,  0.26,
        -0.27, -0.25,  0.28, -0.26, -0.27, -0.27, -0.27,  0.27,  0.34,  0.25,
         0.26,  0.27,  0.25, -0.26, -0.26, -0.26, -0.27,  0.27,  0.26, -0.26,
        -0.26,  0.26,  0.30,  0.26, -0.26,  0.26, -0.26,  0.27,  0.28, -0.26,
         0.25, -0.27,  0.31, -0.27,  0.32,  0.29, -0.27,  0.26,  0.25,  0.26,
         0.28,  0.27, -0.25,  0.28,  0.26, -0.25,  0.29, -0.27, -0.25, -0.27,
        -0.27, -0.25, -0.25,  0.25,  0.28, -0.27,  0.26, -0.25, -0.25,  0.27,
        -0.26, -0.25,  0.26, -0.25,  0.26, -0.28,  0.26,  0.30,  0.25, -0.32,
        -0.27,  0.28,  0.27,  0.26, -0.28,  0.29,  0.27, -0.27, -0.26,  0.27,
        -0.29, -0.27,  0.25,  0.29,  0.25,  0.25, -0.26, -0.26, -0.32, -0.25,
        -0.27, -0.26,  0.26, -0.25,  0.27,  0.40, -0.26,  0.31,  0.25,  0.27,
         0.28,  0.25,  0.25, -0.28,  0.25, -0.27,  0.27, -0.26, -0.29, -0.26,
         0.29, -0.27,  0.29,  0.29, -0.29, -0.25, -0.29, -0.26, -0.28, -0.26,
        -0.26,  0.26, -0.27, -0.25, -0.27,  0.27,  0.28,  0.27, -0.26,  0.28,
         0.25, -0.26, -0.27,  0.27, -0.27,  0.26,  0.29,  0.28, -0.28, -0.25,
         0.27,  0.34, -0.28, -0.27,  0.30, -0.29,  0.25,  0.26,  0.27, -0.28,
        -0.27,  0.25, -0.25, -0.26,  0.26,  0.26,  0.27,  0.27,  0.25, -0.27,
        -0.29, -0.29, -0.25, -0.26, -0.27,  0.26,  0.28,  0.30, -0.28, -0.27,
         0.27, -0.27,  0.28,  0.28, -0.27,  0.30, -0.30,  0.27, -0.30,  0.26,
         0.27,  0.25,  0.27, -0.26,  0.28, -0.28, -0.26,  0.26, -0.29,  0.27,
        -0.30,  0.25, -0.28,  0.25,  0.27, -0.28, -0.25, -0.26, -0.26,  0.25,
         0.28, -0.29, -0.29, -0.26,  0.26, -0.25,  0.27, -0.26, -0.32, -0.28,
         0.25, -0.27,  0.25, -0.28, -0.29, -0.25,  0.28,  0.28,  0.26,  0.27,
        -0.25, -0.26,  0.27,  0.25, -0.29,  0.29, -0.29, -0.25, -0.32, -0.25,
         0.27, -0.25,  0.26, -0.30, -0.27,  0.29,  0.28,  0.26, -0.27, -0.26,
         0.25,  0.25,  0.30,  0.29, -0.26,  0.30, -0.26,  0.26,  0.34,  0.27,
        -0.25, -0.25, -0.32,  0.30,  0.31, -0.27, -0.25, -0.29, -0.25, -0.28,
        -0.28,  0.27, -0.25, -0.30,  0.26, -0.29,  0.26, -0.27,  0.26, -0.27,
         0.30,  0.26, -0.25, -0.26, -0.25, -0.34,  0.25,  0.29,  0.33,  0.25,
        -0.27, -0.25,  0.32, -0.25, -0.26,  0.26, -0.27,  0.28,  0.26,  0.27,
         0.25, -0.26,  0.25, -0.27,  0.25, -0.32, -0.27,  0.30, -0.25,  0.26,
        -0.27,  0.29,  0.30,  0.26, -0.26, -0.26, -0.26, -0.29,  0.25,  0.27,
        -0.27, -0.29, -0.26,  0.25, -0.26, -0.26, -0.27, -0.28,  0.26,  0.27,
        -0.26, -0.27,  0.29, -0.27,  0.27,  0.28,  0.25, -0.26,  0.27, -0.27,
        -0.32, -0.28,  0.26, -0.27, -0.27,  0.28,  0.29, -0.27,  0.27, -0.26,
         0.28,  0.26, -0.25, -0.25,  0.29,  0.28, -0.25, -0.26, -0.26, -0.25,
         0.26,  0.25, -0.25,  0.29,  0.25, -0.29, -0.26, -0.25, -0.28, -0.29,
         0.26,  0.26,  0.26, -0.28, -0.28,  0.25, -0.29, -0.25, -0.26,  0.27,
         0.26,  0.26, -0.26,  0.26, -0.26,  0.28, -0.25, -0.25,  0.25, -0.28,
         0.29, -0.26,  0.27, -0.25, -0.26,  0.32,  0.27,  0.31, -0.25, -0.27,
         0.25, -0.27, -0.29, -0.25, -0.27, -0.26,  0.25, -0.27,  0.27,  0.29,
        -0.25, -0.26, -0.25, -0.25, -0.26,  0.28,  0.27, -0.25,  0.27,  0.26,
         0.25,  0.25,  0.26,  0.28, -0.32, -0.29, -0.27,  0.29,  0.26, -0.27,
         0.27, -0.28, -0.27,  0.28,  0.27, -0.33,  0.25,  0.26,  0.27, -0.28,
         0.26, -0.26, -0.25,  0.25,  0.27,  0.29,  0.27,  0.25, -0.27,  0.33,
         0.25,  0.27, -0.28, -0.26, -0.29,  0.29,  0.25,  0.29,  0.30,  0.27,
         0.26, -0.26,  0.26,  0.27,  0.27, -0.27,  0.25, -0.27, -0.25, -0.31,
         0.29, -0.29,  0.26, -0.30, -0.32, -0.28, -0.25, -0.25,  0.28, -0.25,
         0.29, -0.26,  0.28,  0.25,  0.27, -0.27, -0.27,  0.25, -0.25,  0.26,
        -0.29,  0.25,  0.27, -0.28, -0.30, -0.25, -0.27, -0.27, -0.27, -0.25,
         0.28, -0.25,  0.26, -0.25,  0.30, -0.25, -0.27, -0.29,  0.25, -0.26,
         0.25,  0.27, -0.27, -0.27, -0.26, -0.26, -0.28, -0.30, -0.26,  0.27,
         0.27,  0.25,  0.25, -0.25,  0.31, -0.25, -0.25,  0.26,  0.27,  0.27,
         0.27,  0.25, -0.25, -0.25,  0.28, -0.28,  0.25, -0.26, -0.25, -0.27,
         0.26, -0.27, -0.26,  0.26,  0.26,  0.26, -0.25,  0.26, -0.29, -0.27,
        -0.25,  0.30, -0.27, -0.27, -0.25, -0.26,  0.26,  0.27, -0.28, -0.25,
        -0.25,  0.27,  0.29,  0.31, -0.28, -0.26, -0.27, -0.25, -0.26,  0.25,
        -0.27, -0.25,  0.29, -0.26,  0.25, -0.30,  0.27,  0.27, -0.25,  0.25,
        -0.26, -0.25, -0.28, -0.28,  0.26, -0.25,  0.26,  0.26, -0.25, -0.26,
         0.29, -0.26, -0.26,  0.25,  0.27,  0.28, -0.27,  0.26, -0.26, -0.27,
         0.27,  0.26, -0.27, -0.27, -0.29,  0.26, -0.32,  0.28, -0.26,  0.28,
         0.30, -0.30,  0.25, -0.26, -0.27, -0.29,  0.27,  0.26, -0.25, -0.29,
         0.27, -0.30, -0.27,  0.27, -0.25,  0.31,  0.25, -0.25,  0.25,  0.25,
        -0.25,  0.25,  0.28,  0.25,  0.26,  0.25, -0.26, -0.27, -0.27, -0.27,
         0.29,  0.26,  0.27,  0.27,  0.27,  0.26,  0.25,  0.26, -0.27, -0.25,
         0.40,  0.27,  0.25, -0.32, -0.25,  0.27,  0.29,  0.25,  0.31,  0.27,
        -0.28, -0.29,  0.26, -0.25, -0.26,  0.27,  0.28, -0.27,  0.25,  0.25,
         0.25, -0.30, -0.27,  0.26, -0.26, -0.28, -0.29, -0.25, -0.27, -0.27,
         0.30,  0.28,  0.29, -0.26,  0.25, -0.28, -0.29, -0.28, -0.28, -0.29,
        -0.29,  0.25, -0.25,  0.25,  0.27,  0.30, -0.26, -0.25, -0.27, -0.25,
        -0.25, -0.28,  0.26, -0.25,  0.32,  0.26, -0.26, -0.27,  0.29,  0.26,
         0.25,  0.27, -0.27,  0.27,  0.30, -0.27, -0.32, -0.27, -0.29, -0.26,
         0.27, -0.26, -0.28,  0.27, -0.28,  0.27, -0.32,  0.25, -0.26,  0.27,
        -0.31, -0.25, -0.25, -0.27, -0.26, -0.29, -0.26,  0.26, -0.29, -0.25,
         0.27, -0.28, -0.30,  0.29,  0.26,  0.26, -0.26, -0.26],
       device='cuda:4', dtype=torch.bfloat16)
diff count: 868 (0.001%), [16384, 7168]
diff max: 0.001953125, atol: 0.001, rtol_abs: 0.0
diff locations:
tensor([[ 8196,  3130],
        [ 8197,  4382],
        [ 8201,  6881],
        ...,
        [10234,  6128],
        [10236,   631],
        [10236,  4658]], device='cuda:4')
--------------------------------------------------------------

torchrun_exit_code=130
